Archive member included to satisfy reference by file (symbol)

C:/ST/STM32CubeIDE_1.19.0/STM32CubeIDE/plugins/com.st.stm32cube.ide.mcu.externaltools.gnu-tools-for-stm32.13.3.rel1.win32_1.0.0.202411081344/tools/bin/../lib/gcc/arm-none-eabi/13.3.1/../../../../arm-none-eabi/lib/thumb/v7e-m+fp/hard\libc_nano.a(libc_a-exit.o)
                              C:/ST/STM32CubeIDE_1.19.0/STM32CubeIDE/plugins/com.st.stm32cube.ide.mcu.externaltools.gnu-tools-for-stm32.13.3.rel1.win32_1.0.0.202411081344/tools/bin/../lib/gcc/arm-none-eabi/13.3.1/../../../../arm-none-eabi/lib/thumb/v7e-m+fp/hard/crt0.o (exit)
C:/ST/STM32CubeIDE_1.19.0/STM32CubeIDE/plugins/com.st.stm32cube.ide.mcu.externaltools.gnu-tools-for-stm32.13.3.rel1.win32_1.0.0.202411081344/tools/bin/../lib/gcc/arm-none-eabi/13.3.1/../../../../arm-none-eabi/lib/thumb/v7e-m+fp/hard\libc_nano.a(libc_a-malloc.o)
                              ./Core/Src/File_Handling.o (malloc)
C:/ST/STM32CubeIDE_1.19.0/STM32CubeIDE/plugins/com.st.stm32cube.ide.mcu.externaltools.gnu-tools-for-stm32.13.3.rel1.win32_1.0.0.202411081344/tools/bin/../lib/gcc/arm-none-eabi/13.3.1/../../../../arm-none-eabi/lib/thumb/v7e-m+fp/hard\libc_nano.a(libc_a-mallocr.o)
                              C:/ST/STM32CubeIDE_1.19.0/STM32CubeIDE/plugins/com.st.stm32cube.ide.mcu.externaltools.gnu-tools-for-stm32.13.3.rel1.win32_1.0.0.202411081344/tools/bin/../lib/gcc/arm-none-eabi/13.3.1/../../../../arm-none-eabi/lib/thumb/v7e-m+fp/hard\libc_nano.a(libc_a-malloc.o) (_malloc_r)
C:/ST/STM32CubeIDE_1.19.0/STM32CubeIDE/plugins/com.st.stm32cube.ide.mcu.externaltools.gnu-tools-for-stm32.13.3.rel1.win32_1.0.0.202411081344/tools/bin/../lib/gcc/arm-none-eabi/13.3.1/../../../../arm-none-eabi/lib/thumb/v7e-m+fp/hard\libc_nano.a(libc_a-mlock.o)
                              C:/ST/STM32CubeIDE_1.19.0/STM32CubeIDE/plugins/com.st.stm32cube.ide.mcu.externaltools.gnu-tools-for-stm32.13.3.rel1.win32_1.0.0.202411081344/tools/bin/../lib/gcc/arm-none-eabi/13.3.1/../../../../arm-none-eabi/lib/thumb/v7e-m+fp/hard\libc_nano.a(libc_a-mallocr.o) (__malloc_lock)
C:/ST/STM32CubeIDE_1.19.0/STM32CubeIDE/plugins/com.st.stm32cube.ide.mcu.externaltools.gnu-tools-for-stm32.13.3.rel1.win32_1.0.0.202411081344/tools/bin/../lib/gcc/arm-none-eabi/13.3.1/../../../../arm-none-eabi/lib/thumb/v7e-m+fp/hard\libc_nano.a(libc_a-findfp.o)
                              C:/ST/STM32CubeIDE_1.19.0/STM32CubeIDE/plugins/com.st.stm32cube.ide.mcu.externaltools.gnu-tools-for-stm32.13.3.rel1.win32_1.0.0.202411081344/tools/bin/../lib/gcc/arm-none-eabi/13.3.1/../../../../arm-none-eabi/lib/thumb/v7e-m+fp/hard\libc_nano.a(libc_a-exit.o) (__stdio_exit_handler)
C:/ST/STM32CubeIDE_1.19.0/STM32CubeIDE/plugins/com.st.stm32cube.ide.mcu.externaltools.gnu-tools-for-stm32.13.3.rel1.win32_1.0.0.202411081344/tools/bin/../lib/gcc/arm-none-eabi/13.3.1/../../../../arm-none-eabi/lib/thumb/v7e-m+fp/hard\libc_nano.a(libc_a-fwalk.o)
                              C:/ST/STM32CubeIDE_1.19.0/STM32CubeIDE/plugins/com.st.stm32cube.ide.mcu.externaltools.gnu-tools-for-stm32.13.3.rel1.win32_1.0.0.202411081344/tools/bin/../lib/gcc/arm-none-eabi/13.3.1/../../../../arm-none-eabi/lib/thumb/v7e-m+fp/hard\libc_nano.a(libc_a-findfp.o) (_fwalk_sglue)
C:/ST/STM32CubeIDE_1.19.0/STM32CubeIDE/plugins/com.st.stm32cube.ide.mcu.externaltools.gnu-tools-for-stm32.13.3.rel1.win32_1.0.0.202411081344/tools/bin/../lib/gcc/arm-none-eabi/13.3.1/../../../../arm-none-eabi/lib/thumb/v7e-m+fp/hard\libc_nano.a(libc_a-sprintf.o)
                              ./Core/Src/File_Handling.o (sprintf)
C:/ST/STM32CubeIDE_1.19.0/STM32CubeIDE/plugins/com.st.stm32cube.ide.mcu.externaltools.gnu-tools-for-stm32.13.3.rel1.win32_1.0.0.202411081344/tools/bin/../lib/gcc/arm-none-eabi/13.3.1/../../../../arm-none-eabi/lib/thumb/v7e-m+fp/hard\libc_nano.a(libc_a-stdio.o)
                              C:/ST/STM32CubeIDE_1.19.0/STM32CubeIDE/plugins/com.st.stm32cube.ide.mcu.externaltools.gnu-tools-for-stm32.13.3.rel1.win32_1.0.0.202411081344/tools/bin/../lib/gcc/arm-none-eabi/13.3.1/../../../../arm-none-eabi/lib/thumb/v7e-m+fp/hard\libc_nano.a(libc_a-findfp.o) (__sread)
C:/ST/STM32CubeIDE_1.19.0/STM32CubeIDE/plugins/com.st.stm32cube.ide.mcu.externaltools.gnu-tools-for-stm32.13.3.rel1.win32_1.0.0.202411081344/tools/bin/../lib/gcc/arm-none-eabi/13.3.1/../../../../arm-none-eabi/lib/thumb/v7e-m+fp/hard\libc_nano.a(libc_a-memset.o)
                              C:/ST/STM32CubeIDE_1.19.0/STM32CubeIDE/plugins/com.st.stm32cube.ide.mcu.externaltools.gnu-tools-for-stm32.13.3.rel1.win32_1.0.0.202411081344/tools/bin/../lib/gcc/arm-none-eabi/13.3.1/../../../../arm-none-eabi/lib/thumb/v7e-m+fp/hard/crt0.o (memset)
C:/ST/STM32CubeIDE_1.19.0/STM32CubeIDE/plugins/com.st.stm32cube.ide.mcu.externaltools.gnu-tools-for-stm32.13.3.rel1.win32_1.0.0.202411081344/tools/bin/../lib/gcc/arm-none-eabi/13.3.1/../../../../arm-none-eabi/lib/thumb/v7e-m+fp/hard\libc_nano.a(libc_a-closer.o)
[...]
Memory Configuration

Name             Origin             Length             Attributes
CCMRAM           0x10000000         0x00010000         xrw
RAM              0x20000000         0x00020000         xrw
FLASH            0x08000000         0x00080000         xr
*default*        0x00000000         0xffffffff

Linker script and memory map

LOAD C:/ST/STM32CubeIDE_1.19.0/STM32CubeIDE/plugins/com.st.stm32cube.ide.mcu.externaltools.gnu-tools-for-stm32.13.3.rel1.win32_1.0.0.202411081344/tools/bin/../lib/gcc/arm-none-eabi/13.3.1/thumb/v7e-m+fp/hard/crti.o
LOAD C:/ST/STM32CubeIDE_1.19.0/STM32CubeIDE/plugins/com.st.stm32cube.ide.mcu.externaltools.gnu-tools-for-stm32.13.3.rel1.win32_1.0.0.202411081344/tools/bin/../lib/gcc/arm-none-eabi/13.3.1/thumb/v7e-m+fp/hard/crtbegin.o
LOAD C:/ST/STM32CubeIDE_1.19.0/STM32CubeIDE/plugins/com.st.stm32cube.ide.mcu.externaltools.gnu-tools-for-stm32.13.3.rel1.win32_1.0.0.202411081344/tools/bin/../lib/gcc/arm-none-eabi/13.3.1/../../../../arm-none-eabi/lib/thumb/v7e-m+fp/hard/crt0.o
LOAD ./Core/Src/File_Handling.o
LOAD ./Core/Src/main.o
LOAD ./Core/Src/stm32f4xx_hal_msp.o
LOAD ./Core/Src/stm32f4xx_it.o
LOAD ./Core/Src/syscalls.o
LOAD ./Core/Src/sysmem.o
LOAD ./Core/Src/system_stm32f4xx.o
LOAD ./Core/Startup/startup_stm32f407vetx.o
LOAD ./Drivers/STM32F4xx_HAL_Driver/Src/stm32f4xx_hal.o
LOAD ./Drivers/STM32F4xx_HAL_Driver/Src/stm32f4xx_hal_cortex.o
LOAD ./Drivers/STM32F4xx_HAL_Driver/Src/stm32f4xx_hal_dma.o
LOAD ./Drivers/STM32F4xx_HAL_Driver/Src/stm32f4xx_hal_dma_ex.o
LOAD ./Drivers/STM32F4xx_HAL_Driver/Src/stm32f4xx_hal_exti.o
LOAD ./Drivers/STM32F4xx_HAL_Driver/Src/stm32f4xx_hal_flash.o
LOAD ./Drivers/STM32F4xx_HAL_Driver/Src/stm32f4xx_hal_flash_ex.o
LOAD ./Drivers/STM32F4xx_HAL_Driver/Src/stm32f4xx_hal_flash_ramfunc.o
LOAD ./Drivers/STM32F4xx_HAL_Driver/Src/stm32f4xx_hal_gpio.o
LOAD ./Drivers/STM32F4xx_HAL_Driver/Src/stm32f4xx_hal_hcd.o
LOAD ./Drivers/STM32F4xx_HAL_Driver/Src/stm32f4xx_hal_pwr.o
LOAD ./Drivers/STM32F4xx_HAL_Driver/Src/stm32f4xx_hal_pwr_ex.o
LOAD ./Drivers/STM32F4xx_HAL_Driver/Src/stm32f4xx_hal_rcc.o
LOAD ./Drivers/STM32F4xx_HAL_Driver/Src/stm32f4xx_hal_rcc_ex.o
LOAD ./Drivers/STM32F4xx_HAL_Driver/Src/stm32f4xx_hal_uart.o
LOAD ./Drivers/STM32F4xx_HAL_Driver/Src/stm32f4xx_ll_usb.o
LOAD ./FATFS/App/fatfs.o
LOAD ./FATFS/Target/usbh_diskio.o
LOAD ./Middlewares/ST/STM32_USB_Host_Library/Class/HID/Src/usbh_hid.o
LOAD ./Middlewares/ST/STM32_USB_Host_Library/Class/HID/Src/usbh_hid_keybd.o
LOAD ./Middlewares/ST/STM32_USB_Host_Library/Class/HID/Src/usbh_hid_mouse.o
LOAD ./Middlewares/ST/STM32_USB_Host_Library/Class/HID/Src/usbh_hid_parser.o
LOAD ./Middlewares/ST/STM32_USB_Host_Library/Class/MSC/Src/usbh_msc.o
LOAD ./Middlewares/ST/STM32_USB_Host_Library/Class/MSC/Src/usbh_msc_bot.o
LOAD ./Middlewares/ST/STM32_USB_Host_Library/Class/MSC/Src/usbh_msc_scsi.o
LOAD ./Middlewares/ST/STM32_USB_Host_Library/Core/Src/usbh_core.o
LOAD ./Middlewares/ST/STM32_USB_Host_Library/Core/Src/usbh_ctlreq.o
LOAD ./Middlewares/ST/STM32_USB_Host_Library/Core/Src/usbh_ioreq.o
LOAD ./Middlewares/ST/STM32_USB_Host_Library/Core/Src/usbh_pipes.o
LOAD ./Middlewares/Third_Party/FatFs/src/diskio.o
LOAD ./Middlewares/Third_Party/FatFs/src/ff.o
LOAD ./Middlewares/Third_Party/FatFs/src/ff_gen_drv.o
LOAD ./Middlewares/Third_Party/FatFs/src/option/ccsbcs.o
LOAD ./Middlewares/Third_Party/FatFs/src/option/syscall.o
LOAD ./USB_HOST/App/usb_host.o
LOAD ./USB_HOST/Target/usbh_conf.o
START GROUP
LOAD C:/ST/STM32CubeIDE_1.19.0/STM32CubeIDE/plugins/com.st.stm32cube.ide.mcu.externaltools.gnu-tools-for-stm32.13.3.rel1.win32_1.0.0.202411081344/tools/bin/../lib/gcc/arm-none-eabi/13.3.1/../../../../arm-none-eabi/lib/thumb/v7e-m+fp/hard\libc_nano.a
LOAD C:/ST/STM32CubeIDE_1.19.0/STM32CubeIDE/plugins/com.st.stm32cube.ide.mcu.externaltools.gnu-tools-for-stm32.13.3.rel1.win32_1.0.0.202411081344/tools/bin/../lib/gcc/arm-none-eabi/13.3.1/../../../../arm-none-eabi/lib/thumb/v7e-m+fp/hard\libm.a
END GROUP
START GROUP
LOAD C:/ST/STM32CubeIDE_1.19.0/STM32CubeIDE/plugins/com.st.stm32cube.ide.mcu.externaltools.gnu-tools-for-stm32.13.3.rel1.win32_1.0.0.202411081344/tools/bin/../lib/gcc/arm-none-eabi/13.3.1/thumb/v7e-m+fp/hard\libgcc.a
LOAD C:/ST/STM32CubeIDE_1.19.0/STM32CubeIDE/plugins/com.st.stm32cube.ide.mcu.externaltools.gnu-tools-for-stm32.13.3.rel1.win32_1.0.0.202411081344/tools/bin/../lib/gcc/arm-none-eabi/13.3.1/../../../../arm-none-eabi/lib/thumb/v7e-m+fp/hard\libc_nano.a
END GROUP
START GROUP
LOAD C:/ST/STM32CubeIDE_1.19.0/STM32CubeIDE/plugins/com.st.stm32cube.ide.mcu.externaltools.gnu-tools-for-stm32.13.3.rel1.win32_1.0.0.202411081344/tools/bin/../lib/gcc/arm-none-eabi/13.3.1/thumb/v7e-m+fp/hard\libgcc.a
LOAD C:/ST/STM32CubeIDE_1.19.0/STM32CubeIDE/plugins/com.st.stm32cube.ide.mcu.externaltools.gnu-tools-for-stm32.13.3.rel1.win32_1.0.0.202411081344/tools/bin/../lib/gcc/arm-none-eabi/13.3.1/../../../../arm-none-eabi/lib/thumb/v7e-m+fp/hard\libc_nano.a
LOAD C:/ST/STM32CubeIDE_1.19.0/STM32CubeIDE/plugins/com.st.stm32cube.ide.mcu.externaltools.gnu-tools-for-stm32.13.3.rel1.win32_1.0.0.202411081344/tools/bin/../lib/gcc/arm-none-eabi/13.3.1/../../../../arm-none-eabi/lib/thumb/v7e-m+fp/hard\libnosys.a
END GROUP
START GROUP
LOAD C:/ST/STM32CubeIDE_1.19.0/STM32CubeIDE/plugins/com.st.stm32cube.ide.mcu.externaltools.gnu-tools-for-stm32.13.3.rel1.win32_1.0.0.202411081344/tools/bin/../lib/gcc/arm-none-eabi/13.3.1/thumb/v7e-m+fp/hard\libgcc.a
LOAD C:/ST/STM32CubeIDE_1.19.0/STM32CubeIDE/plugins/com.st.stm32cube.ide.mcu.externaltools.gnu-tools-for-stm32.13.3.rel1.win32_1.0.0.202411081344/tools/bin/../lib/gcc/arm-none-eabi/13.3.1/../../../../arm-none-eabi/lib/thumb/v7e-m+fp/hard\libc_nano.a
LOAD C:/ST/STM32CubeIDE_1.19.0/STM32CubeIDE/plugins/com.st.stm32cube.ide.mcu.externaltools.gnu-tools-for-stm32.13.3.rel1.win32_1.0.0.202411081344/tools/bin/../lib/gcc/arm-none-eabi/13.3.1/../../../../arm-none-eabi/lib/thumb/v7e-m+fp/hard\libnosys.a
END GROUP
LOAD C:/ST/STM32CubeIDE_1.19.0/STM32CubeIDE/plugins/com.st.stm32cube.ide.mcu.externaltools.gnu-tools-for-stm32.13.3.rel1.win32_1.0.0.202411081344/tools/bin/../lib/gcc/arm-none-eabi/13.3.1/thumb/v7e-m+fp/hard/crtend.o
LOAD C:/ST/STM32CubeIDE_1.19.0/STM32CubeIDE/plugins/com.st.stm32cube.ide.mcu.externaltools.gnu-tools-for-stm32.13.3.rel1.win32_1.0.0.202411081344/tools/bin/../lib/gcc/arm-none-eabi/13.3.1/thumb/v7e-m+fp/hard/crtn.o
                0x20020000                        _estack = (ORIGIN (RAM) + LENGTH (RAM))
                0x00002000                        _Min_Heap_Size = 0x2000
                0x00000400                        _Min_Stack_Size = 0x400

.isr_vector     0x08000000      0x188
                0x08000000                        . = ALIGN (0x4)
 *(.isr_vector)
 .isr_vector    0x08000000      0x188 ./Core/Startup/startup_stm32f407vetx.o
                0x08000000                g_pfnVectors
                0x08000188                        . = ALIGN (0x4)

.text           0x08000190    0x11438
                0x08000190                        . = ALIGN (0x4)
 *(.text)
 .text          0x08000190       0x40 C:/ST/STM32CubeIDE_1.19.0/STM32CubeIDE/plugins/com.st.stm32cube.ide.mcu.externaltools.gnu-tools-for-stm32.13.3.rel1.win32_1.0.0.202411081344/tools/bin/../lib/gcc/arm-none-eabi/13.3.1/thumb/v7e-m+fp/hard/crtbegin.o
 .text          0x080001d0       0x14 C:/ST/STM32CubeIDE_1.19.0/STM32CubeIDE/plugins/com.st.stm32cube.ide.mcu.externaltools.gnu-tools-for-stm32.13.3.rel1.win32_1.0.0.202411081344/tools/bin/../lib/gcc/arm-none-eabi/13.3.1/../../../../arm-none-eabi/lib/thumb/v7e-m+fp/hard\libc_nano.a(libc_a-strcmp.o)
                0x080001d0                strcmp
 .text          0x080001e4       0x10 C:/ST/STM32CubeIDE_1.19.0/STM32CubeIDE/plugins/com.st.stm32cube.ide.mcu.externaltools.gnu-tools-for-stm32.13.3.rel1.win32_1.0.0.202411081344/tools/bin/../lib/gcc/arm-none-eabi/13.3.1/../../../../arm-none-eabi/lib/thumb/v7e-m+fp/hard\libc_nano.a(libc_a-strlen.o)
                0x080001e4                strlen
 *fill*         0x080001f4        0xc 
 .text          0x08000200       0xa0 C:/ST/STM32CubeIDE_1.19.0/STM32CubeIDE/plugins/com.st.stm32cube.ide.mcu.externaltools.gnu-tools-for-stm32.13.3.rel1.win32_1.0.0.202411081344/tools/bin/../lib/gcc/arm-none-eabi/13.3.1/../../../../arm-none-eabi/lib/thumb/v7e-m+fp/hard\libc_nano.a(libc_a-memchr.o)
                0x08000200                memchr
 .text          0x080002a0      0x254 C:/ST/STM32CubeIDE_1.19.0/STM32CubeIDE/plugins/com.st.stm32cube.ide.mcu.externaltools.gnu-tools-for-stm32.13.3.rel1.win32_1.0.0.202411081344/tools/bin/../lib/gcc/arm-none-eabi/13.3.1/thumb/v7e-m+fp/hard\libgcc.a(_arm_muldf3.o)
                0x080002a0                __muldf3
                0x080002a0                __aeabi_dmul
 .text          0x080004f4      0x378 C:/ST/STM32CubeIDE_1.19.0/STM32CubeIDE/plugins/com.st.stm32cube.ide.mcu.externaltools.gnu-tools-for-stm32.13.3.rel1.win32_1.0.0.202411081344/tools/bin/../lib/gcc/arm-none-eabi/13.3.1/thumb/v7e-m+fp/hard\libgcc.a(_arm_addsubdf3.o)
                0x080004f4                __aeabi_drsub
                0x080004fc                __aeabi_dsub
                0x080004fc                __subdf3
                0x08000500                __aeabi_dadd
                0x08000500                __adddf3
                0x08000778                __floatunsidf
                0x08000778                __aeabi_ui2d
                0x08000798                __floatsidf
                0x08000798                __aeabi_i2d
                0x080007bc                __aeabi_f2d
                0x080007bc                __extendsfdf2
                0x08000800                __floatundidf
                0x08000800                __aeabi_ul2d
                0x08000810                __floatdidf
                0x08000810                __aeabi_l2d
 .text          0x0800086c       0x40 C:/ST/STM32CubeIDE_1.19.0/STM32CubeIDE/plugins/com.st.stm32cube.ide.mcu.externaltools.gnu-tools-for-stm32.13.3.rel1.win32_1.0.0.202411081344/tools/bin/../lib/gcc/arm-none-eabi/13.3.1/thumb/v7e-m+fp/hard\libgcc.a(_arm_fixunsdfsi.o)
                0x0800086c                __aeabi_d2uiz
                0x0800086c                __fixunsdfsi
 .text          0x080008ac       0x30 C:/ST/STM32CubeIDE_1.19.0/STM32CubeIDE/plugins/com.st.stm32cube.ide.mcu.externaltools.gnu-tools-for-stm32.13.3.rel1.win32_1.0.0.202411081344/tools/bin/../lib/gcc/arm-none-eabi/13.3.1/thumb/v7e-m+fp/hard\libgcc.a(_aeabi_uldivmod.o)
                0x080008ac                __aeabi_uldivmod
 .text          0x080008dc      0x2f8 C:/ST/STM32CubeIDE_1.19.0/STM32CubeIDE/plugins/com.st.stm32cube.ide.mcu.externaltools.gnu-tools-for-stm32.13.3.rel1.win32_1.0.0.202411081344/tools/bin/../lib/gcc/arm-none-eabi/13.3.1/thumb/v7e-m+fp/hard\libgcc.a(_udivmoddi4.o)
                0x080008dc                __udivmoddi4
 .text          0x08000bd4        0x4 C:/ST/STM32CubeIDE_1.19.0/STM32CubeIDE/plugins/com.st.stm32cube.ide.mcu.externaltools.gnu-tools-for-stm32.13.3.rel1.win32_1.0.0.202411081344/tools/bin/../lib/gcc/arm-none-eabi/13.3.1/thumb/v7e-m+fp/hard\libgcc.a(_dvmd_tls.o)
                0x08000bd4                __aeabi_idiv0
                0x08000bd4                __aeabi_ldiv0
 *(.text*)
 .text.Send_Uart
                0x08000bd8       0x2c ./Core/Src/File_Handling.o
                0x08000bd8                Send_Uart
 .text.Mount_USB
                0x08000c04       0x44 ./Core/Src/File_Handling.o
                0x08000c04                Mount_USB
 .text.Unmount_USB
                0x08000c48       0x40 ./Core/Src/File_Handling.o
                0x08000c48                Unmount_USB
 .text.Format_USB
                0x08000c88       0xe4 ./Core/Src/File_Handling.o
                0x08000c88                Format_USB
 .text.Check_USB_Details
                0x08000d6c       0xe8 ./Core/Src/File_Handling.o
                0x08000d6c                Check_USB_Details
 .text.Benchmark_Write_Test
                0x08000e54      0x208 ./Core/Src/File_Handling.o
                0x08000e54                Benchmark_Write_Test
 .text.Benchmark_Read_Test
                0x0800105c      0x244 ./Core/Src/File_Handling.o
                0x0800105c                Benchmark_Read_Test
 .text.main     0x080012a0       0x26 ./Core/Src/main.o
                0x080012a0                main
 *fill*         0x080012c6        0x2 
 .text.SystemClock_Config
                0x080012c8       0xd4 ./Core/Src/main.o
                0x080012c8                SystemClock_Config
 .text.MX_USART1_UART_Init
                0x0800139c       0x54 ./Core/Src/main.o
 .text.MX_USART2_UART_Init
                0x080013f0       0x54 ./Core/Src/main.o
 .text.MX_GPIO_Init
                0x08001444       0xa0 ./Core/Src/main.o
 .text.Error_Handler
                0x080014e4        0xc ./Core/Src/main.o
                0x080014e4                Error_Handler
 .text.HAL_MspInit
                0x080014f0       0x50 ./Core/Src/stm32f4xx_hal_msp.o
                0x080014f0                HAL_MspInit
 .text.HAL_UART_MspInit
                0x08001540      0x118 ./Core/Src/stm32f4xx_hal_msp.o
                0x08001540                HAL_UART_MspInit
 .text.NMI_Handler
                0x08001658        0x8 ./Core/Src/stm32f4xx_it.o
                0x08001658                NMI_Handler
 .text.HardFault_Handler
                0x08001660        0x8 ./Core/Src/stm32f4xx_it.o
                0x08001660                HardFault_Handler
 .text.MemManage_Handler
                0x08001668        0x8 ./Core/Src/stm32f4xx_it.o
                0x08001668                MemManage_Handler
 .text.BusFault_Handler
                0x08001670        0x8 ./Core/Src/stm32f4xx_it.o
                0x08001670                BusFault_Handler
 .text.UsageFault_Handler
                0x08001678        0x8 ./Core/Src/stm32f4xx_it.o
                0x08001678                UsageFault_Handler
 .text.SVC_Handler
                0x08001680        0xe ./Core/Src/stm32f4xx_it.o
                0x08001680                SVC_Handler
 .text.DebugMon_Handler
                0x0800168e        0xe ./Core/Src/stm32f4xx_it.o
                0x0800168e                DebugMon_Handler
 .text.PendSV_Handler
                0x0800169c        0xe ./Core/Src/stm32f4xx_it.o
                0x0800169c                PendSV_Handler
 .text.SysTick_Handler
                0x080016aa        0xc ./Core/Src/stm32f4xx_it.o
                0x080016aa                SysTick_Handler
 *fill*         0x080016b6        0x2 
 .text.USART1_IRQHandler
                0x080016b8       0x14 ./Core/Src/stm32f4xx_it.o
                0x080016b8                USART1_IRQHandler
 .text.USART2_IRQHandler
                0x080016cc       0x14 ./Core/Src/stm32f4xx_it.o
                0x080016cc                USART2_IRQHandler
 .text.OTG_FS_IRQHandler
                0x080016e0       0x14 ./Core/Src/stm32f4xx_it.o
                0x080016e0                OTG_FS_IRQHandler
 .text.OTG_HS_IRQHandler
                0x080016f4       0x14 ./Core/Src/stm32f4xx_it.o
                0x080016f4                OTG_HS_IRQHandler
 .text._sbrk    0x08001708       0x6c ./Core/Src/sysmem.o
                0x08001708                _sbrk
 .text.SystemInit
                0x08001774       0x24 ./Core/Src/system_stm32f4xx.o
                0x08001774                SystemInit
 .text.Reset_Handler
                0x08001798       0x50 ./Core/Startup/startup_stm32f407vetx.o
                0x08001798                Reset_Handler
 .text.Default_Handler
                0x080017e8        0x2 ./Core/Startup/startup_stm32f407vetx.o
                0x080017e8                RTC_Alarm_IRQHandler
                0x080017e8                HASH_RNG_IRQHandler
                0x080017e8                EXTI2_IRQHandler
                0x080017e8                TIM8_CC_IRQHandler
                0x080017e8                TIM1_CC_IRQHandler
                0x080017e8                DMA2_Stream5_IRQHandler
                0x080017e8                DMA1_Stream5_IRQHandler
                0x080017e8                PVD_IRQHandler
                0x080017e8                SDIO_IRQHandler
                0x080017e8                TAMP_STAMP_IRQHandler
                0x080017e8                CAN2_RX1_IRQHandler
                0x080017e8                EXTI3_IRQHandler
                0x080017e8                TIM8_TRG_COM_TIM14_IRQHandler
                0x080017e8                TIM1_UP_TIM10_IRQHandler
                0x080017e8                TIM8_UP_TIM13_IRQHandler
                0x080017e8                I2C3_ER_IRQHandler
                0x080017e8                EXTI0_IRQHandler
                0x080017e8                I2C2_EV_IRQHandler
                0x080017e8                DMA1_Stream2_IRQHandler
                0x080017e8                CAN1_RX0_IRQHandler
                0x080017e8                FPU_IRQHandler
                0x080017e8                OTG_HS_WKUP_IRQHandler
                0x080017e8                CAN2_SCE_IRQHandler
                0x080017e8                DMA2_Stream2_IRQHandler
                0x080017e8                SPI1_IRQHandler
                0x080017e8                TIM6_DAC_IRQHandler
                0x080017e8                TIM1_BRK_TIM9_IRQHandler
                0x080017e8                DCMI_IRQHandler
                0x080017e8                CAN2_RX0_IRQHandler
                0x080017e8                DMA2_Stream3_IRQHandler
                0x080017e8                USART6_IRQHandler
                0x080017e8                USART3_IRQHandler
                0x080017e8                CAN1_RX1_IRQHandler
                0x080017e8                UART5_IRQHandler
                0x080017e8                DMA2_Stream0_IRQHandler
                0x080017e8                TIM4_IRQHandler
                0x080017e8                I2C1_EV_IRQHandler
                0x080017e8                DMA1_Stream6_IRQHandler
                0x080017e8                DMA1_Stream1_IRQHandler
                0x080017e8                UART4_IRQHandler
                0x080017e8                TIM3_IRQHandler
                0x080017e8                RCC_IRQHandler
                0x080017e8                TIM8_BRK_TIM12_IRQHandler
                0x080017e8                Default_Handler
                0x080017e8                EXTI15_10_IRQHandler
                0x080017e8                ADC_IRQHandler
                0x080017e8                DMA1_Stream7_IRQHandler
                0x080017e8                TIM7_IRQHandler
                0x080017e8                CAN2_TX_IRQHandler
                0x080017e8                TIM5_IRQHandler
                0x080017e8                DMA2_Stream7_IRQHandler
                0x080017e8                I2C3_EV_IRQHandler
                0x080017e8                EXTI9_5_IRQHandler
                0x080017e8                RTC_WKUP_IRQHandler
                0x080017e8                ETH_WKUP_IRQHandler
                0x080017e8                SPI2_IRQHandler
                0x080017e8                OTG_HS_EP1_IN_IRQHandler
                0x080017e8                DMA1_Stream0_IRQHandler
                0x080017e8                CAN1_TX_IRQHandler
                0x080017e8                EXTI4_IRQHandler
                0x080017e8                FSMC_IRQHandler
                0x080017e8                ETH_IRQHandler
                0x080017e8                OTG_HS_EP1_OUT_IRQHandler
                0x080017e8                WWDG_IRQHandler
                0x080017e8                TIM2_IRQHandler
                0x080017e8                OTG_FS_WKUP_IRQHandler
                0x080017e8                TIM1_TRG_COM_TIM11_IRQHandler
                0x080017e8                EXTI1_IRQHandler
                0x080017e8                I2C2_ER_IRQHandler
                0x080017e8                DMA2_Stream1_IRQHandler
                0x080017e8                CAN1_SCE_IRQHandler
                0x080017e8                FLASH_IRQHandler
                0x080017e8                DMA2_Stream4_IRQHandler
                0x080017e8                SPI3_IRQHandler
                0x080017e8                DMA1_Stream4_IRQHandler
                0x080017e8                I2C1_ER_IRQHandler
                0x080017e8                DMA2_Stream6_IRQHandler
                0x080017e8                DMA1_Stream3_IRQHandler
 *fill*         0x080017ea        0x2 
 .text.HAL_Init
                0x080017ec       0x44 ./Drivers/STM32F4xx_HAL_Driver/Src/stm32f4xx_hal.o
                0x080017ec                HAL_Init
 .text.HAL_InitTick
                0x08001830       0x60 ./Drivers/STM32F4xx_HAL_Driver/Src/stm32f4xx_hal.o
                0x08001830                HAL_InitTick
 .text.HAL_IncTick
                0x08001890       0x28 ./Drivers/STM32F4xx_HAL_Driver/Src/stm32f4xx_hal.o
                0x08001890                HAL_IncTick
 .text.HAL_GetTick
                0x080018b8       0x18 ./Drivers/STM32F4xx_HAL_Driver/Src/stm32f4xx_hal.o
                0x080018b8                HAL_GetTick
 .text.HAL_Delay
                0x080018d0       0x48 ./Drivers/STM32F4xx_HAL_Driver/Src/stm32f4xx_hal.o
                0x080018d0                HAL_Delay
 .text.__NVIC_SetPriorityGrouping
                0x08001918       0x48 ./Drivers/STM32F4xx_HAL_Driver/Src/stm32f4xx_hal_cortex.o
 .text.__NVIC_GetPriorityGrouping
                0x08001960       0x1c ./Drivers/STM32F4xx_HAL_Driver/Src/stm32f4xx_hal_cortex.o
 .text.__NVIC_EnableIRQ
                0x0800197c       0x3c ./Drivers/STM32F4xx_HAL_Driver/Src/stm32f4xx_hal_cortex.o
 .text.__NVIC_SetPriority
                0x080019b8       0x54 ./Drivers/STM32F4xx_HAL_Driver/Src/stm32f4xx_hal_cortex.o
 .text.NVIC_EncodePriority
                0x08001a0c       0x66 ./Drivers/STM32F4xx_HAL_Driver/Src/stm32f4xx_hal_cortex.o
 *fill*         0x08001a72        0x2 
 .text.SysTick_Config
                0x08001a74       0x44 ./Drivers/STM32F4xx_HAL_Driver/Src/stm32f4xx_hal_cortex.o
 .text.HAL_NVIC_SetPriorityGrouping
                0x08001ab8       0x16 ./Drivers/STM32F4xx_HAL_Driver/Src/stm32f4xx_hal_cortex.o
                0x08001ab8                HAL_NVIC_SetPriorityGrouping
 .text.HAL_NVIC_SetPriority
                0x08001ace       0x38 ./Drivers/STM32F4xx_HAL_Driver/Src/stm32f4xx_hal_cortex.o
                0x08001ace                HAL_NVIC_SetPriority
 .text.HAL_NVIC_EnableIRQ
                0x08001b06       0x1c ./Drivers/STM32F4xx_HAL_Driver/Src/stm32f4xx_hal_cortex.o
                0x08001b06                HAL_NVIC_EnableIRQ
 .text.HAL_SYSTICK_Config
                0x08001b22       0x18 ./Drivers/STM32F4xx_HAL_Driver/Src/stm32f4xx_hal_cortex.o
                0x08001b22                HAL_SYSTICK_Config
 .text.HAL_DMA_Abort
                0x08001b3a       0xe0 ./Drivers/STM32F4xx_HAL_Driver/Src/stm32f4xx_hal_dma.o
                0x08001b3a                HAL_DMA_Abort
 .text.HAL_DMA_Abort_IT
                0x08001c1a       0x44 ./Drivers/STM32F4xx_HAL_Driver/Src/stm32f4xx_hal_dma.o
                0x08001c1a                HAL_DMA_Abort_IT
 *fill*         0x08001c5e        0x2 
 .text.HAL_GPIO_Init
                0x08001c60      0x338 ./Drivers/STM32F4xx_HAL_Driver/Src/stm32f4xx_hal_gpio.o
                0x08001c60                HAL_GPIO_Init
 .text.HAL_GPIO_WritePin
                0x08001f98       0x32 ./Drivers/STM32F4xx_HAL_Driver/Src/stm32f4xx_hal_gpio.o
                0x08001f98                HAL_GPIO_WritePin
 .text.HAL_GPIO_TogglePin
                0x08001fca       0x34 ./Drivers/STM32F4xx_HAL_Driver/Src/stm32f4xx_hal_gpio.o
                0x08001fca                HAL_GPIO_TogglePin
 .text.HAL_HCD_Init
                0x08001ffe       0xce ./Drivers/STM32F4xx_HAL_Driver/Src/stm32f4xx_hal_hcd.o
                0x08001ffe                HAL_HCD_Init
 .text.HAL_HCD_HC_Init
                0x080020cc      0x170 ./Drivers/STM32F4xx_HAL_Driver/Src/stm32f4xx_hal_hcd.o
                0x080020cc                HAL_HCD_HC_Init
 .text.HAL_HCD_HC_SubmitRequest
                0x0800223c      0x33c ./Drivers/STM32F4xx_HAL_Driver/Src/stm32f4xx_hal_hcd.o
                0x0800223c                HAL_HCD_HC_SubmitRequest
 .text.HAL_HCD_IRQHandler
                0x08002578      0x220 ./Drivers/STM32F4xx_HAL_Driver/Src/stm32f4xx_hal_hcd.o
                0x08002578                HAL_HCD_IRQHandler
 .text.HAL_HCD_Start
                0x08002798       0x46 ./Drivers/STM32F4xx_HAL_Driver/Src/stm32f4xx_hal_hcd.o
                0x08002798                HAL_HCD_Start
 .text.HAL_HCD_Stop
                0x080027de       0x3a ./Drivers/STM32F4xx_HAL_Driver/Src/stm32f4xx_hal_hcd.o
                0x080027de                HAL_HCD_Stop
 .text.HAL_HCD_ResetPort
                0x08002818       0x1c ./Drivers/STM32F4xx_HAL_Driver/Src/stm32f4xx_hal_hcd.o
                0x08002818                HAL_HCD_ResetPort
 .text.HAL_HCD_HC_GetURBState
                0x08002834       0x2a ./Drivers/STM32F4xx_HAL_Driver/Src/stm32f4xx_hal_hcd.o
                0x08002834                HAL_HCD_HC_GetURBState
 .text.HAL_HCD_HC_GetXferCount
                0x0800285e       0x2a ./Drivers/STM32F4xx_HAL_Driver/Src/stm32f4xx_hal_hcd.o
                0x0800285e                HAL_HCD_HC_GetXferCount
 .text.HAL_HCD_GetCurrentFrame
                0x08002888       0x1c ./Drivers/STM32F4xx_HAL_Driver/Src/stm32f4xx_hal_hcd.o
                0x08002888                HAL_HCD_GetCurrentFrame
 .text.HAL_HCD_GetCurrentSpeed
                0x080028a4       0x1c ./Drivers/STM32F4xx_HAL_Driver/Src/stm32f4xx_hal_hcd.o
                0x080028a4                HAL_HCD_GetCurrentSpeed
 .text.HAL_HCD_HC_ClearHubInfo
                0x080028c0       0x6a ./Drivers/STM32F4xx_HAL_Driver/Src/stm32f4xx_hal_hcd.o
                0x080028c0                HAL_HCD_HC_ClearHubInfo
 .text.HCD_HC_IN_IRQHandler
                0x0800292a      0xcd2 ./Drivers/STM32F4xx_HAL_Driver/Src/stm32f4xx_hal_hcd.o
 .text.HCD_HC_OUT_IRQHandler
                0x080035fc      0x97e ./Drivers/STM32F4xx_HAL_Driver/Src/stm32f4xx_hal_hcd.o
 .text.HCD_RXQLVL_IRQHandler
                0x08003f7a      0x1be ./Drivers/STM32F4xx_HAL_Driver/Src/stm32f4xx_hal_hcd.o
 .text.HCD_Port_IRQHandler
                0x08004138       0xe6 ./Drivers/STM32F4xx_HAL_Driver/Src/stm32f4xx_hal_hcd.o
 *fill*         0x0800421e        0x2 
 .text.HAL_RCC_OscConfig
                0x08004220      0x4f0 ./Drivers/STM32F4xx_HAL_Driver/Src/stm32f4xx_hal_rcc.o
                0x08004220                HAL_RCC_OscConfig
 .text.HAL_RCC_ClockConfig
                0x08004710      0x1cc ./Drivers/STM32F4xx_HAL_Driver/Src/stm32f4xx_hal_rcc.o
                0x08004710                HAL_RCC_ClockConfig
 .text.HAL_RCC_GetSysClockFreq
                0x080048dc      0x20c ./Drivers/STM32F4xx_HAL_Driver/Src/stm32f4xx_hal_rcc.o
                0x080048dc                HAL_RCC_GetSysClockFreq
 .text.HAL_RCC_GetHCLKFreq
                0x08004ae8       0x18 ./Drivers/STM32F4xx_HAL_Driver/Src/stm32f4xx_hal_rcc.o
                0x08004ae8                HAL_RCC_GetHCLKFreq
 .text.HAL_RCC_GetPCLK1Freq
                0x08004b00       0x28 ./Drivers/STM32F4xx_HAL_Driver/Src/stm32f4xx_hal_rcc.o
                0x08004b00                HAL_RCC_GetPCLK1Freq
 .text.HAL_RCC_GetPCLK2Freq
                0x08004b28       0x28 ./Drivers/STM32F4xx_HAL_Driver/Src/stm32f4xx_hal_rcc.o
                0x08004b28                HAL_RCC_GetPCLK2Freq
 .text.HAL_UART_Init
                0x08004b50       0xa0 ./Drivers/STM32F4xx_HAL_Driver/Src/stm32f4xx_hal_uart.o
                0x08004b50                HAL_UART_Init
 .text.HAL_UART_Transmit
                0x08004bf0      0x116 ./Drivers/STM32F4xx_HAL_Driver/Src/stm32f4xx_hal_uart.o
                0x08004bf0                HAL_UART_Transmit
 *fill*         0x08004d06        0x2 
 .text.HAL_UART_IRQHandler
                0x08004d08      0x554 ./Drivers/STM32F4xx_HAL_Driver/Src/stm32f4xx_hal_uart.o
                0x08004d08                HAL_UART_IRQHandler
 .text.HAL_UART_TxCpltCallback
                0x0800525c       0x14 ./Drivers/STM32F4xx_HAL_Driver/Src/stm32f4xx_hal_uart.o
                0x0800525c                HAL_UART_TxCpltCallback
 .text.HAL_UART_RxCpltCallback
                0x08005270       0x14 ./Drivers/STM32F4xx_HAL_Driver/Src/stm32f4xx_hal_uart.o
                0x08005270                HAL_UART_RxCpltCallback
 .text.HAL_UART_ErrorCallback
                0x08005284       0x14 ./Drivers/STM32F4xx_HAL_Driver/Src/stm32f4xx_hal_uart.o
                0x08005284                HAL_UART_ErrorCallback
 .text.HAL_UARTEx_RxEventCallback
                0x08005298       0x18 ./Drivers/STM32F4xx_HAL_Driver/Src/stm32f4xx_hal_uart.o
                0x08005298                HAL_UARTEx_RxEventCallback
 .text.UART_WaitOnFlagUntilTimeout
                0x080052b0       0xb2 ./Drivers/STM32F4xx_HAL_Driver/Src/stm32f4xx_hal_uart.o
 .text.UART_EndRxTransfer
                0x08005362       0xc6 ./Drivers/STM32F4xx_HAL_Driver/Src/stm32f4xx_hal_uart.o
 .text.UART_DMAAbortOnError
                0x08005428       0x22 ./Drivers/STM32F4xx_HAL_Driver/Src/stm32f4xx_hal_uart.o
 .text.UART_Transmit_IT
                0x0800544a       0xa0 ./Drivers/STM32F4xx_HAL_Driver/Src/stm32f4xx_hal_uart.o
 .text.UART_EndTransmit_IT
                0x080054ea       0x30 ./Drivers/STM32F4xx_HAL_Driver/Src/stm32f4xx_hal_uart.o
 .text.UART_Receive_IT
                0x0800551a      0x17c ./Drivers/STM32F4xx_HAL_Driver/Src/stm32f4xx_hal_uart.o
 *fill*         0x08005696        0x2 
 .text.UART_SetConfig
                0x08005698      0x4e8 ./Drivers/STM32F4xx_HAL_Driver/Src/stm32f4xx_hal_uart.o
 .text.USB_CoreInit
                0x08005b80       0xc8 ./Drivers/STM32F4xx_HAL_Driver/Src/stm32f4xx_ll_usb.o
                0x08005b80                USB_CoreInit
 .text.USB_EnableGlobalInt
                0x08005c48       0x22 ./Drivers/STM32F4xx_HAL_Driver/Src/stm32f4xx_ll_usb.o
                0x08005c48                USB_EnableGlobalInt
 .text.USB_DisableGlobalInt
                0x08005c6a       0x22 ./Drivers/STM32F4xx_HAL_Driver/Src/stm32f4xx_ll_usb.o
                0x08005c6a                USB_DisableGlobalInt
 .text.USB_SetCurrentMode
                0x08005c8c       0x98 ./Drivers/STM32F4xx_HAL_Driver/Src/stm32f4xx_ll_usb.o
                0x08005c8c                USB_SetCurrentMode
 .text.USB_FlushTxFifo
                0x08005d24       0x64 ./Drivers/STM32F4xx_HAL_Driver/Src/stm32f4xx_ll_usb.o
                0x08005d24                USB_FlushTxFifo
 .text.USB_FlushRxFifo
                0x08005d88       0x5c ./Drivers/STM32F4xx_HAL_Driver/Src/stm32f4xx_ll_usb.o
                0x08005d88                USB_FlushRxFifo
 .text.USB_WritePacket
                0x08005de4       0x7c ./Drivers/STM32F4xx_HAL_Driver/Src/stm32f4xx_ll_usb.o
                0x08005de4                USB_WritePacket
 .text.USB_ReadPacket
                0x08005e60       0xb0 ./Drivers/STM32F4xx_HAL_Driver/Src/stm32f4xx_ll_usb.o
                0x08005e60                USB_ReadPacket
 .text.USB_ReadInterrupts
                0x08005f10       0x26 ./Drivers/STM32F4xx_HAL_Driver/Src/stm32f4xx_ll_usb.o
                0x08005f10                USB_ReadInterrupts
 .text.USB_ReadChInterrupts
                0x08005f36       0x42 ./Drivers/STM32F4xx_HAL_Driver/Src/stm32f4xx_ll_usb.o
                0x08005f36                USB_ReadChInterrupts
 .text.USB_GetMode
                0x08005f78       0x1c ./Drivers/STM32F4xx_HAL_Driver/Src/stm32f4xx_ll_usb.o
                0x08005f78                USB_GetMode
 .text.USB_CoreReset
                0x08005f94       0x70 ./Drivers/STM32F4xx_HAL_Driver/Src/stm32f4xx_ll_usb.o
 .text.USB_HostInit
                0x08006004      0x188 ./Drivers/STM32F4xx_HAL_Driver/Src/stm32f4xx_ll_usb.o
                0x08006004                USB_HostInit
 .text.USB_InitFSLSPClkSel
                0x0800618c       0x7a ./Drivers/STM32F4xx_HAL_Driver/Src/stm32f4xx_ll_usb.o
                0x0800618c                USB_InitFSLSPClkSel
 .text.USB_ResetPort
                0x08006206       0x54 ./Drivers/STM32F4xx_HAL_Driver/Src/stm32f4xx_ll_usb.o
                0x08006206                USB_ResetPort
 .text.USB_DriveVbus
                0x0800625a       0x72 ./Drivers/STM32F4xx_HAL_Driver/Src/stm32f4xx_ll_usb.o
                0x0800625a                USB_DriveVbus
 .text.USB_GetHostSpeed
                0x080062cc       0x2e ./Drivers/STM32F4xx_HAL_Driver/Src/stm32f4xx_ll_usb.o
                0x080062cc                USB_GetHostSpeed
 .text.USB_GetCurrentFrame
                0x080062fa       0x22 ./Drivers/STM32F4xx_HAL_Driver/Src/stm32f4xx_ll_usb.o
                0x080062fa                USB_GetCurrentFrame
 .text.USB_HC_Init
                0x0800631c      0x258 ./Drivers/STM32F4xx_HAL_Driver/Src/stm32f4xx_ll_usb.o
                0x0800631c                USB_HC_Init
 .text.USB_HC_StartXfer
                0x08006574      0x4f4 ./Drivers/STM32F4xx_HAL_Driver/Src/stm32f4xx_ll_usb.o
                0x08006574                USB_HC_StartXfer
 .text.USB_HC_ReadInterrupt
                0x08006a68       0x22 ./Drivers/STM32F4xx_HAL_Driver/Src/stm32f4xx_ll_usb.o
                0x08006a68                USB_HC_ReadInterrupt
 .text.USB_HC_Halt
                0x08006a8a      0x240 ./Drivers/STM32F4xx_HAL_Driver/Src/stm32f4xx_ll_usb.o
                0x08006a8a                USB_HC_Halt
 *fill*         0x08006cca        0x2 
 .text.USB_DoPing
                0x08006ccc       0x78 ./Drivers/STM32F4xx_HAL_Driver/Src/stm32f4xx_ll_usb.o
                0x08006ccc                USB_DoPing
 .text.USB_StopHost
                0x08006d44      0x124 ./Drivers/STM32F4xx_HAL_Driver/Src/stm32f4xx_ll_usb.o
                0x08006d44                USB_StopHost
 .text.MX_FATFS_Init
                0x08006e68       0x24 ./FATFS/App/fatfs.o
                0x08006e68                MX_FATFS_Init
 .text.get_fattime
                0x08006e8c       0x10 ./FATFS/App/fatfs.o
                0x08006e8c                get_fattime
 .text.USBH_initialize
                0x08006e9c       0x18 ./FATFS/Target/usbh_diskio.o
                0x08006e9c                USBH_initialize
 .text.USBH_status
                0x08006eb4       0x38 ./FATFS/Target/usbh_diskio.o
                0x08006eb4                USBH_status
 .text.USBH_read
                0x08006eec       0x74 ./FATFS/Target/usbh_diskio.o
                0x08006eec                USBH_read
 .text.USBH_write
                0x08006f60       0x84 ./FATFS/Target/usbh_diskio.o
                0x08006f60                USBH_write
 .text.USBH_ioctl
                0x08006fe4       0xd8 ./FATFS/Target/usbh_diskio.o
                0x08006fe4                USBH_ioctl
 .text.USBH_HID_InterfaceInit
                0x080070bc      0x288 ./Middlewares/ST/STM32_USB_Host_Library/Class/HID/Src/usbh_hid.o
 .text.USBH_HID_InterfaceDeInit
                0x08007344       0x8c ./Middlewares/ST/STM32_USB_Host_Library/Class/HID/Src/usbh_hid.o
 .text.USBH_HID_ClassRequest
                0x080073d0       0xfc ./Middlewares/ST/STM32_USB_Host_Library/Class/HID/Src/usbh_hid.o
 .text.USBH_HID_Process
                0x080074cc      0x1a4 ./Middlewares/ST/STM32_USB_Host_Library/Class/HID/Src/usbh_hid.o
 .text.USBH_HID_SOFProcess
                0x08007670       0x42 ./Middlewares/ST/STM32_USB_Host_Library/Class/HID/Src/usbh_hid.o
 .text.USBH_HID_GetHIDReportDescriptor
                0x080076b2       0x3e ./Middlewares/ST/STM32_USB_Host_Library/Class/HID/Src/usbh_hid.o
                0x080076b2                USBH_HID_GetHIDReportDescriptor
 .text.USBH_HID_SetIdle
                0x080076f0       0x50 ./Middlewares/ST/STM32_USB_Host_Library/Class/HID/Src/usbh_hid.o
                0x080076f0                USBH_HID_SetIdle
 .text.USBH_HID_GetReport
                0x08007740       0x58 ./Middlewares/ST/STM32_USB_Host_Library/Class/HID/Src/usbh_hid.o
                0x08007740                USBH_HID_GetReport
 .text.USBH_HID_SetProtocol
                0x08007798       0x4c ./Middlewares/ST/STM32_USB_Host_Library/Class/HID/Src/usbh_hid.o
                0x08007798                USBH_HID_SetProtocol
 .text.USBH_HID_ParseHIDDesc
                0x080077e4       0xb6 ./Middlewares/ST/STM32_USB_Host_Library/Class/HID/Src/usbh_hid.o
 .text.USBH_HID_GetDeviceType
                0x0800789a       0x54 ./Middlewares/ST/STM32_USB_Host_Library/Class/HID/Src/usbh_hid.o
                0x0800789a                USBH_HID_GetDeviceType
 .text.USBH_HID_FifoInit
                0x080078ee       0x38 ./Middlewares/ST/STM32_USB_Host_Library/Class/HID/Src/usbh_hid.o
                0x080078ee                USBH_HID_FifoInit
 .text.USBH_HID_FifoRead
                0x08007926       0x92 ./Middlewares/ST/STM32_USB_Host_Library/Class/HID/Src/usbh_hid.o
                0x08007926                USBH_HID_FifoRead
 .text.USBH_HID_FifoWrite
                0x080079b8       0xa8 ./Middlewares/ST/STM32_USB_Host_Library/Class/HID/Src/usbh_hid.o
                0x080079b8                USBH_HID_FifoWrite
 .text.USBH_HID_EventCallback
                0x08007a60       0x14 ./Middlewares/ST/STM32_USB_Host_Library/Class/HID/Src/usbh_hid.o
                0x08007a60                USBH_HID_EventCallback
 .text.USBH_HID_KeybdInit
                0x08007a74       0xa8 ./Middlewares/ST/STM32_USB_Host_Library/Class/HID/Src/usbh_hid_keybd.o
                0x08007a74                USBH_HID_KeybdInit
 .text.USBH_HID_GetKeybdInfo
                0x08007b1c       0x28 ./Middlewares/ST/STM32_USB_Host_Library/Class/HID/Src/usbh_hid_keybd.o
                0x08007b1c                USBH_HID_GetKeybdInfo
 .text.USBH_HID_KeybdDecode
                0x08007b44      0x128 ./Middlewares/ST/STM32_USB_Host_Library/Class/HID/Src/usbh_hid_keybd.o
 .text.USBH_HID_GetASCIICode
                0x08007c6c       0x58 ./Middlewares/ST/STM32_USB_Host_Library/Class/HID/Src/usbh_hid_keybd.o
                0x08007c6c                USBH_HID_GetASCIICode
 .text.USBH_HID_MouseInit
                0x08007cc4       0x94 ./Middlewares/ST/STM32_USB_Host_Library/Class/HID/Src/usbh_hid_mouse.o
                0x08007cc4                USBH_HID_MouseInit
 .text.USBH_HID_GetMouseInfo
                0x08007d58       0x28 ./Middlewares/ST/STM32_USB_Host_Library/Class/HID/Src/usbh_hid_mouse.o
                0x08007d58                USBH_HID_GetMouseInfo
 .text.USBH_HID_MouseDecode
                0x08007d80       0xc0 ./Middlewares/ST/STM32_USB_Host_Library/Class/HID/Src/usbh_hid_mouse.o
 .text.HID_ReadItem
                0x08007e40      0x134 ./Middlewares/ST/STM32_USB_Host_Library/Class/HID/Src/usbh_hid_parser.o
                0x08007e40                HID_ReadItem
 .text.USBH_MSC_InterfaceInit
                0x08007f74      0x244 ./Middlewares/ST/STM32_USB_Host_Library/Class/MSC/Src/usbh_msc.o
 .text.USBH_MSC_InterfaceDeInit
                0x080081b8       0x8c ./Middlewares/ST/STM32_USB_Host_Library/Class/MSC/Src/usbh_msc.o
 .text.USBH_MSC_ClassRequest
                0x08008244       0xce ./Middlewares/ST/STM32_USB_Host_Library/Class/MSC/Src/usbh_msc.o
 *fill*         0x08008312        0x2 
 .text.USBH_MSC_Process
                0x08008314      0x5ac ./Middlewares/ST/STM32_USB_Host_Library/Class/MSC/Src/usbh_msc.o
 .text.USBH_MSC_SOFProcess
                0x080088c0       0x16 ./Middlewares/ST/STM32_USB_Host_Library/Class/MSC/Src/usbh_msc.o
 .text.USBH_MSC_RdWrProcess
                0x080088d6      0x1a0 ./Middlewares/ST/STM32_USB_Host_Library/Class/MSC/Src/usbh_msc.o
 .text.USBH_MSC_UnitIsReady
                0x08008a76       0x56 ./Middlewares/ST/STM32_USB_Host_Library/Class/MSC/Src/usbh_msc.o
                0x08008a76                USBH_MSC_UnitIsReady
 .text.USBH_MSC_GetLUNInfo
                0x08008acc       0x52 ./Middlewares/ST/STM32_USB_Host_Library/Class/MSC/Src/usbh_msc.o
                0x08008acc                USBH_MSC_GetLUNInfo
 .text.USBH_MSC_Read
                0x08008b1e       0xc0 ./Middlewares/ST/STM32_USB_Host_Library/Class/MSC/Src/usbh_msc.o
                0x08008b1e                USBH_MSC_Read
 .text.USBH_MSC_Write
                0x08008bde       0xc0 ./Middlewares/ST/STM32_USB_Host_Library/Class/MSC/Src/usbh_msc.o
                0x08008bde                USBH_MSC_Write
 .text.USBH_MSC_BOT_REQ_Reset
                0x08008c9e       0x3a ./Middlewares/ST/STM32_USB_Host_Library/Class/MSC/Src/usbh_msc_bot.o
                0x08008c9e                USBH_MSC_BOT_REQ_Reset
 .text.USBH_MSC_BOT_REQ_GetMaxLUN
                0x08008cd8       0x3c ./Middlewares/ST/STM32_USB_Host_Library/Class/MSC/Src/usbh_msc_bot.o
                0x08008cd8                USBH_MSC_BOT_REQ_GetMaxLUN
 .text.USBH_MSC_BOT_Init
                0x08008d14       0x44 ./Middlewares/ST/STM32_USB_Host_Library/Class/MSC/Src/usbh_msc_bot.o
                0x08008d14                USBH_MSC_BOT_Init
 .text.USBH_MSC_BOT_Process
                0x08008d58      0x39c ./Middlewares/ST/STM32_USB_Host_Library/Class/MSC/Src/usbh_msc_bot.o
                0x08008d58                USBH_MSC_BOT_Process
 .text.USBH_MSC_BOT_Abort
                0x080090f4       0x58 ./Middlewares/ST/STM32_USB_Host_Library/Class/MSC/Src/usbh_msc_bot.o
 .text.USBH_MSC_DecodeCSW
                0x0800914c       0x88 ./Middlewares/ST/STM32_USB_Host_Library/Class/MSC/Src/usbh_msc_bot.o
 .text.USBH_MSC_SCSI_TestUnitReady
                0x080091d4       0x86 ./Middlewares/ST/STM32_USB_Host_Library/Class/MSC/Src/usbh_msc_scsi.o
                0x080091d4                USBH_MSC_SCSI_TestUnitReady
 .text.USBH_MSC_SCSI_ReadCapacity
                0x0800925a       0xf4 ./Middlewares/ST/STM32_USB_Host_Library/Class/MSC/Src/usbh_msc_scsi.o
                0x0800925a                USBH_MSC_SCSI_ReadCapacity
 .text.USBH_MSC_SCSI_Inquiry
                0x0800934e      0x14a ./Middlewares/ST/STM32_USB_Host_Library/Class/MSC/Src/usbh_msc_scsi.o
                0x0800934e                USBH_MSC_SCSI_Inquiry
 .text.USBH_MSC_SCSI_RequestSense
                0x08009498       0xfe ./Middlewares/ST/STM32_USB_Host_Library/Class/MSC/Src/usbh_msc_scsi.o
                0x08009498                USBH_MSC_SCSI_RequestSense
 .text.USBH_MSC_SCSI_Write
                0x08009596       0xe0 ./Middlewares/ST/STM32_USB_Host_Library/Class/MSC/Src/usbh_msc_scsi.o
                0x08009596                USBH_MSC_SCSI_Write
 .text.USBH_MSC_SCSI_Read
                0x08009676       0xe0 ./Middlewares/ST/STM32_USB_Host_Library/Class/MSC/Src/usbh_msc_scsi.o
                0x08009676                USBH_MSC_SCSI_Read
 .text.USBH_Init
                0x08009756       0x74 ./Middlewares/ST/STM32_USB_Host_Library/Core/Src/usbh_core.o
                0x08009756                USBH_Init
 .text.DeInitStateMachine
                0x080097ca       0xe0 ./Middlewares/ST/STM32_USB_Host_Library/Core/Src/usbh_core.o
 .text.USBH_RegisterClass
                0x080098aa       0x54 ./Middlewares/ST/STM32_USB_Host_Library/Core/Src/usbh_core.o
                0x080098aa                USBH_RegisterClass
 .text.USBH_SelectInterface
                0x080098fe       0x38 ./Middlewares/ST/STM32_USB_Host_Library/Core/Src/usbh_core.o
                0x080098fe                USBH_SelectInterface
 .text.USBH_FindInterface
                0x08009936       0x8c ./Middlewares/ST/STM32_USB_Host_Library/Core/Src/usbh_core.o
                0x08009936                USBH_FindInterface
 .text.USBH_Start
                0x080099c2       0x20 ./Middlewares/ST/STM32_USB_Host_Library/Core/Src/usbh_core.o
                0x080099c2                USBH_Start
 *fill*         0x080099e2        0x2 
 .text.USBH_Process
                0x080099e4      0x3d4 ./Middlewares/ST/STM32_USB_Host_Library/Core/Src/usbh_core.o
                0x080099e4                USBH_Process
 .text.USBH_HandleEnum
                0x08009db8      0x3c0 ./Middlewares/ST/STM32_USB_Host_Library/Core/Src/usbh_core.o
 .text.USBH_LL_SetTimer
                0x0800a178       0x1e ./Middlewares/ST/STM32_USB_Host_Library/Core/Src/usbh_core.o
                0x0800a178                USBH_LL_SetTimer
 .text.USBH_LL_IncTimer
                0x0800a196       0x24 ./Middlewares/ST/STM32_USB_Host_Library/Core/Src/usbh_core.o
                0x0800a196                USBH_LL_IncTimer
 .text.USBH_HandleSof
                0x0800a1ba       0x30 ./Middlewares/ST/STM32_USB_Host_Library/Core/Src/usbh_core.o
 .text.USBH_LL_PortEnabled
                0x0800a1ea       0x1c ./Middlewares/ST/STM32_USB_Host_Library/Core/Src/usbh_core.o
                0x0800a1ea                USBH_LL_PortEnabled
 .text.USBH_LL_PortDisabled
                0x0800a206       0x24 ./Middlewares/ST/STM32_USB_Host_Library/Core/Src/usbh_core.o
                0x0800a206                USBH_LL_PortDisabled
 .text.USBH_LL_Connect
                0x0800a22a       0x2e ./Middlewares/ST/STM32_USB_Host_Library/Core/Src/usbh_core.o
                0x0800a22a                USBH_LL_Connect
 .text.USBH_LL_Disconnect
                0x0800a258       0x48 ./Middlewares/ST/STM32_USB_Host_Library/Core/Src/usbh_core.o
                0x0800a258                USBH_LL_Disconnect
 .text.USBH_Get_DevDesc
                0x0800a2a0       0x58 ./Middlewares/ST/STM32_USB_Host_Library/Core/Src/usbh_ctlreq.o
                0x0800a2a0                USBH_Get_DevDesc
 .text.USBH_Get_CfgDesc
                0x0800a2f8       0x54 ./Middlewares/ST/STM32_USB_Host_Library/Core/Src/usbh_ctlreq.o
                0x0800a2f8                USBH_Get_CfgDesc
 .text.USBH_Get_StringDesc
                0x0800a34c       0x68 ./Middlewares/ST/STM32_USB_Host_Library/Core/Src/usbh_ctlreq.o
                0x0800a34c                USBH_Get_StringDesc
 .text.USBH_GetDescriptor
                0x0800a3b4       0x6a ./Middlewares/ST/STM32_USB_Host_Library/Core/Src/usbh_ctlreq.o
                0x0800a3b4                USBH_GetDescriptor
 .text.USBH_SetAddress
                0x0800a41e       0x48 ./Middlewares/ST/STM32_USB_Host_Library/Core/Src/usbh_ctlreq.o
                0x0800a41e                USBH_SetAddress
 .text.USBH_SetCfg
                0x0800a466       0x46 ./Middlewares/ST/STM32_USB_Host_Library/Core/Src/usbh_ctlreq.o
                0x0800a466                USBH_SetCfg
 .text.USBH_SetFeature
                0x0800a4ac       0x48 ./Middlewares/ST/STM32_USB_Host_Library/Core/Src/usbh_ctlreq.o
                0x0800a4ac                USBH_SetFeature
 .text.USBH_ClrFeature
                0x0800a4f4       0x48 ./Middlewares/ST/STM32_USB_Host_Library/Core/Src/usbh_ctlreq.o
                0x0800a4f4                USBH_ClrFeature
 .text.USBH_ParseDevDesc
                0x0800a53c      0x160 ./Middlewares/ST/STM32_USB_Host_Library/Core/Src/usbh_ctlreq.o
 .text.USBH_ParseCfgDesc
                0x0800a69c      0x1f8 ./Middlewares/ST/STM32_USB_Host_Library/Core/Src/usbh_ctlreq.o
 .text.USBH_ParseInterfaceDesc
                0x0800a894       0x5e ./Middlewares/ST/STM32_USB_Host_Library/Core/Src/usbh_ctlreq.o
 .text.USBH_ParseEPDesc
                0x0800a8f2      0x1d0 ./Middlewares/ST/STM32_USB_Host_Library/Core/Src/usbh_ctlreq.o
 .text.USBH_ParseStringDesc
                0x0800aac2       0x66 ./Middlewares/ST/STM32_USB_Host_Library/Core/Src/usbh_ctlreq.o
 .text.USBH_GetNextDesc
                0x0800ab28       0x34 ./Middlewares/ST/STM32_USB_Host_Library/Core/Src/usbh_ctlreq.o
                0x0800ab28                USBH_GetNextDesc
 .text.USBH_CtlReq
                0x0800ab5c       0x7a ./Middlewares/ST/STM32_USB_Host_Library/Core/Src/usbh_ctlreq.o
                0x0800ab5c                USBH_CtlReq
 *fill*         0x0800abd6        0x2 
 .text.USBH_HandleControl
                0x0800abd8      0x2ec ./Middlewares/ST/STM32_USB_Host_Library/Core/Src/usbh_ctlreq.o
 .text.USBH_CtlSendSetup
                0x0800aec4       0x34 ./Middlewares/ST/STM32_USB_Host_Library/Core/Src/usbh_ioreq.o
                0x0800aec4                USBH_CtlSendSetup
 .text.USBH_CtlSendData
                0x0800aef8       0x4a ./Middlewares/ST/STM32_USB_Host_Library/Core/Src/usbh_ioreq.o
                0x0800aef8                USBH_CtlSendData
 .text.USBH_CtlReceiveData
                0x0800af42       0x3c ./Middlewares/ST/STM32_USB_Host_Library/Core/Src/usbh_ioreq.o
                0x0800af42                USBH_CtlReceiveData
 .text.USBH_BulkSendData
                0x0800af7e       0x4a ./Middlewares/ST/STM32_USB_Host_Library/Core/Src/usbh_ioreq.o
                0x0800af7e                USBH_BulkSendData
 .text.USBH_BulkReceiveData
                0x0800afc8       0x3c ./Middlewares/ST/STM32_USB_Host_Library/Core/Src/usbh_ioreq.o
                0x0800afc8                USBH_BulkReceiveData
 .text.USBH_InterruptReceiveData
                0x0800b004       0x3e ./Middlewares/ST/STM32_USB_Host_Library/Core/Src/usbh_ioreq.o
                0x0800b004                USBH_InterruptReceiveData
 .text.USBH_OpenPipe
                0x0800b042       0x3e ./Middlewares/ST/STM32_USB_Host_Library/Core/Src/usbh_pipes.o
                0x0800b042                USBH_OpenPipe
 .text.USBH_ClosePipe
                0x0800b080       0x20 ./Middlewares/ST/STM32_USB_Host_Library/Core/Src/usbh_pipes.o
                0x0800b080                USBH_ClosePipe
 .text.USBH_AllocPipe
                0x0800b0a0       0x40 ./Middlewares/ST/STM32_USB_Host_Library/Core/Src/usbh_pipes.o
                0x0800b0a0                USBH_AllocPipe
 .text.USBH_FreePipe
                0x0800b0e0       0x38 ./Middlewares/ST/STM32_USB_Host_Library/Core/Src/usbh_pipes.o
                0x0800b0e0                USBH_FreePipe
 .text.USBH_GetFreePipe
                0x0800b118       0x46 ./Middlewares/ST/STM32_USB_Host_Library/Core/Src/usbh_pipes.o
 *fill*         0x0800b15e        0x2 
 .text.disk_status
                0x0800b160       0x34 ./Middlewares/Third_Party/FatFs/src/diskio.o
                0x0800b160                disk_status
 .text.disk_initialize
                0x0800b194       0x50 ./Middlewares/Third_Party/FatFs/src/diskio.o
                0x0800b194                disk_initialize
 .text.disk_read
                0x0800b1e4       0x40 ./Middlewares/Third_Party/FatFs/src/diskio.o
                0x0800b1e4                disk_read
 .text.disk_write
                0x0800b224       0x40 ./Middlewares/Third_Party/FatFs/src/diskio.o
                0x0800b224                disk_write
 .text.disk_ioctl
                0x0800b264       0x3c ./Middlewares/Third_Party/FatFs/src/diskio.o
                0x0800b264                disk_ioctl
 .text.ld_word  0x0800b2a0       0x32 ./Middlewares/Third_Party/FatFs/src/ff.o
 .text.ld_dword
                0x0800b2d2       0x46 ./Middlewares/Third_Party/FatFs/src/ff.o
 .text.ld_qword
                0x0800b318      0x1b6 ./Middlewares/Third_Party/FatFs/src/ff.o
 .text.st_word  0x0800b4ce       0x36 ./Middlewares/Third_Party/FatFs/src/ff.o
 .text.st_dword
                0x0800b504       0x58 ./Middlewares/Third_Party/FatFs/src/ff.o
 .text.st_qword
                0x0800b55c      0x110 ./Middlewares/Third_Party/FatFs/src/ff.o
 .text.mem_cpy  0x0800b66c       0x42 ./Middlewares/Third_Party/FatFs/src/ff.o
 .text.mem_set  0x0800b6ae       0x36 ./Middlewares/Third_Party/FatFs/src/ff.o
 .text.mem_cmp  0x0800b6e4       0x4e ./Middlewares/Third_Party/FatFs/src/ff.o
 .text.chk_chr  0x0800b732       0x36 ./Middlewares/Third_Party/FatFs/src/ff.o
 .text.chk_lock
                0x0800b768       0xb8 ./Middlewares/Third_Party/FatFs/src/ff.o
 .text.enq_lock
                0x0800b820       0x44 ./Middlewares/Third_Party/FatFs/src/ff.o
 .text.inc_lock
                0x0800b864      0x11c ./Middlewares/Third_Party/FatFs/src/ff.o
 .text.dec_lock
                0x0800b980       0x78 ./Middlewares/Third_Party/FatFs/src/ff.o
 .text.clear_lock
                0x0800b9f8       0x48 ./Middlewares/Third_Party/FatFs/src/ff.o
 .text.sync_window
                0x0800ba40       0x88 ./Middlewares/Third_Party/FatFs/src/ff.o
 .text.move_window
                0x0800bac8       0x5a ./Middlewares/Third_Party/FatFs/src/ff.o
 *fill*         0x0800bb22        0x2 
 .text.sync_fs  0x0800bb24       0xdc ./Middlewares/Third_Party/FatFs/src/ff.o
 .text.clust2sect
                0x0800bc00       0x3e ./Middlewares/Third_Party/FatFs/src/ff.o
 *fill*         0x0800bc3e        0x2 
 .text.get_fat  0x0800bc40      0x234 ./Middlewares/Third_Party/FatFs/src/ff.o
 .text.put_fat  0x0800be74      0x1dc ./Middlewares/Third_Party/FatFs/src/ff.o
 .text.find_bitmap
                0x0800c050       0xf8 ./Middlewares/Third_Party/FatFs/src/ff.o
 .text.change_bitmap
                0x0800c148       0xd4 ./Middlewares/Third_Party/FatFs/src/ff.o
 .text.fill_first_frag
                0x0800c21c       0x5e ./Middlewares/Third_Party/FatFs/src/ff.o
 .text.fill_last_frag
                0x0800c27a       0x62 ./Middlewares/Third_Party/FatFs/src/ff.o
 .text.remove_chain
                0x0800c2dc      0x168 ./Middlewares/Third_Party/FatFs/src/ff.o
 .text.create_chain
                0x0800c444      0x202 ./Middlewares/Third_Party/FatFs/src/ff.o
 .text.clmt_clust
                0x0800c646       0x88 ./Middlewares/Third_Party/FatFs/src/ff.o
 .text.dir_sdi  0x0800c6ce      0x10c ./Middlewares/Third_Party/FatFs/src/ff.o
 .text.dir_next
                0x0800c7da      0x1aa ./Middlewares/Third_Party/FatFs/src/ff.o
 .text.dir_alloc
                0x0800c984       0xb8 ./Middlewares/Third_Party/FatFs/src/ff.o
 .text.ld_clust
                0x0800ca3c       0x3e ./Middlewares/Third_Party/FatFs/src/ff.o
 .text.st_clust
                0x0800ca7a       0x40 ./Middlewares/Third_Party/FatFs/src/ff.o
 *fill*         0x0800caba        0x2 
 .text.cmp_lfn  0x0800cabc       0xe0 ./Middlewares/Third_Party/FatFs/src/ff.o
 .text.pick_lfn
                0x0800cb9c       0xc8 ./Middlewares/Third_Party/FatFs/src/ff.o
 .text.put_lfn  0x0800cc64       0xd0 ./Middlewares/Third_Party/FatFs/src/ff.o
 .text.gen_numname
                0x0800cd34      0x11c ./Middlewares/Third_Party/FatFs/src/ff.o
 .text.sum_sfn  0x0800ce50       0x42 ./Middlewares/Third_Party/FatFs/src/ff.o
 .text.xdir_sum
                0x0800ce92       0x60 ./Middlewares/Third_Party/FatFs/src/ff.o
 .text.xname_sum
                0x0800cef2       0x60 ./Middlewares/Third_Party/FatFs/src/ff.o
 .text.get_xdir_info
                0x0800cf52      0x104 ./Middlewares/Third_Party/FatFs/src/ff.o
 *fill*         0x0800d056        0x2 
 .text.load_xdir
                0x0800d058      0x178 ./Middlewares/Third_Party/FatFs/src/ff.o
 .text.load_obj_dir
                0x0800d1d0       0x6c ./Middlewares/Third_Party/FatFs/src/ff.o
 .text.store_xdir
                0x0800d23c       0xb6 ./Middlewares/Third_Party/FatFs/src/ff.o
 .text.create_xdir
                0x0800d2f2       0xce ./Middlewares/Third_Party/FatFs/src/ff.o
 .text.dir_read
                0x0800d3c0      0x18e ./Middlewares/Third_Party/FatFs/src/ff.o
 .text.dir_find
                0x0800d54e      0x264 ./Middlewares/Third_Party/FatFs/src/ff.o
 *fill*         0x0800d7b2        0x2 
 .text.dir_register
                0x0800d7b4      0x34c ./Middlewares/Third_Party/FatFs/src/ff.o
 .text.dir_remove
                0x0800db00       0xb0 ./Middlewares/Third_Party/FatFs/src/ff.o
 .text.get_fileinfo
                0x0800dbb0      0x1da ./Middlewares/Third_Party/FatFs/src/ff.o
 *fill*         0x0800dd8a        0x2 
 .text.create_name
                0x0800dd8c      0x370 ./Middlewares/Third_Party/FatFs/src/ff.o
 .text.follow_path
                0x0800e0fc      0x152 ./Middlewares/Third_Party/FatFs/src/ff.o
 .text.get_ldnumber
                0x0800e24e       0x88 ./Middlewares/Third_Party/FatFs/src/ff.o
 *fill*         0x0800e2d6        0x2 
 .text.check_fs
                0x0800e2d8       0xc8 ./Middlewares/Third_Party/FatFs/src/ff.o
 .text.find_volume
                0x0800e3a0      0x6b8 ./Middlewares/Third_Party/FatFs/src/ff.o
 .text.validate
                0x0800ea58       0x6a ./Middlewares/Third_Party/FatFs/src/ff.o
 *fill*         0x0800eac2        0x2 
 .text.f_mount  0x0800eac4       0x8c ./Middlewares/Third_Party/FatFs/src/ff.o
                0x0800eac4                f_mount
 .text.f_open   0x0800eb50      0x57a ./Middlewares/Third_Party/FatFs/src/ff.o
                0x0800eb50                f_open
 .text.f_read   0x0800f0ca      0x2f0 ./Middlewares/Third_Party/FatFs/src/ff.o
                0x0800f0ca                f_read
 .text.f_write  0x0800f3ba      0x368 ./Middlewares/Third_Party/FatFs/src/ff.o
                0x0800f3ba                f_write
 .text.f_sync   0x0800f722      0x23c ./Middlewares/Third_Party/FatFs/src/ff.o
                0x0800f722                f_sync
 .text.f_close  0x0800f95e       0x54 ./Middlewares/Third_Party/FatFs/src/ff.o
                0x0800f95e                f_close
 .text.f_opendir
                0x0800f9b2      0x152 ./Middlewares/Third_Party/FatFs/src/ff.o
                0x0800f9b2                f_opendir
 .text.f_closedir
                0x0800fb04       0x4c ./Middlewares/Third_Party/FatFs/src/ff.o
                0x0800fb04                f_closedir
 .text.f_readdir
                0x0800fb50       0x7a ./Middlewares/Third_Party/FatFs/src/ff.o
                0x0800fb50                f_readdir
 .text.f_stat   0x0800fbca       0x72 ./Middlewares/Third_Party/FatFs/src/ff.o
                0x0800fbca                f_stat
 .text.f_getfree
                0x0800fc3c      0x204 ./Middlewares/Third_Party/FatFs/src/ff.o
                0x0800fc3c                f_getfree
 .text.f_unlink
                0x0800fe40      0x1c4 ./Middlewares/Third_Party/FatFs/src/ff.o
                0x0800fe40                f_unlink
 .text.FATFS_LinkDriverEx
                0x08010004       0x98 ./Middlewares/Third_Party/FatFs/src/ff_gen_drv.o
                0x08010004                FATFS_LinkDriverEx
 .text.FATFS_LinkDriver
                0x0801009c       0x1e ./Middlewares/Third_Party/FatFs/src/ff_gen_drv.o
                0x0801009c                FATFS_LinkDriver
 *fill*         0x080100ba        0x2 
 .text.ff_convert
                0x080100bc       0x78 ./Middlewares/Third_Party/FatFs/src/option/ccsbcs.o
                0x080100bc                ff_convert
 .text.ff_wtoupper
                0x08010134      0x114 ./Middlewares/Third_Party/FatFs/src/option/ccsbcs.o
                0x08010134                ff_wtoupper
 .text.MX_USB_HOST_Init
                0x08010248       0x94 ./USB_HOST/App/usb_host.o
                0x08010248                MX_USB_HOST_Init
 .text.MX_USB_HOST_Process
                0x080102dc       0x1c ./USB_HOST/App/usb_host.o
                0x080102dc                MX_USB_HOST_Process
 .text.USBH_UserProcess1
                0x080102f8      0x15c ./USB_HOST/App/usb_host.o
 .text.USBH_UserProcess2
                0x08010454      0x1c0 ./USB_HOST/App/usb_host.o
 .text.HAL_HCD_MspInit
                0x08010614      0x128 ./USB_HOST/Target/usbh_conf.o
                0x08010614                HAL_HCD_MspInit
 .text.HAL_HCD_SOF_Callback
                0x0801073c       0x1c ./USB_HOST/Target/usbh_conf.o
                0x0801073c                HAL_HCD_SOF_Callback
 .text.HAL_HCD_Connect_Callback
                0x08010758       0x1c ./USB_HOST/Target/usbh_conf.o
                0x08010758                HAL_HCD_Connect_Callback
 .text.HAL_HCD_Disconnect_Callback
                0x08010774       0x1c ./USB_HOST/Target/usbh_conf.o
                0x08010774                HAL_HCD_Disconnect_Callback
 .text.HAL_HCD_HC_NotifyURBChange_Callback
                0x08010790       0x1c ./USB_HOST/Target/usbh_conf.o
                0x08010790                HAL_HCD_HC_NotifyURBChange_Callback
 .text.HAL_HCD_PortEnabled_Callback
                0x080107ac       0x1c ./USB_HOST/Target/usbh_conf.o
                0x080107ac                HAL_HCD_PortEnabled_Callback
 .text.HAL_HCD_PortDisabled_Callback
                0x080107c8       0x1c ./USB_HOST/Target/usbh_conf.o
                0x080107c8                HAL_HCD_PortDisabled_Callback
 .text.USBH_LL_Init
                0x080107e4      0x100 ./USB_HOST/Target/usbh_conf.o
                0x080107e4                USBH_LL_Init
 .text.USBH_LL_Start
                0x080108e4       0x36 ./USB_HOST/Target/usbh_conf.o
                0x080108e4                USBH_LL_Start
 .text.USBH_LL_Stop
                0x0801091a       0x36 ./USB_HOST/Target/usbh_conf.o
                0x0801091a                USBH_LL_Stop
 .text.USBH_LL_GetSpeed
                0x08010950       0x4e ./USB_HOST/Target/usbh_conf.o
                0x08010950                USBH_LL_GetSpeed
 .text.USBH_LL_ResetPort
                0x0801099e       0x36 ./USB_HOST/Target/usbh_conf.o
                0x0801099e                USBH_LL_ResetPort
 .text.USBH_LL_GetLastXferSize
                0x080109d4       0x26 ./USB_HOST/Target/usbh_conf.o
                0x080109d4                USBH_LL_GetLastXferSize
 .text.USBH_LL_OpenPipe
                0x080109fa       0x5e ./USB_HOST/Target/usbh_conf.o
                0x080109fa                USBH_LL_OpenPipe
 .text.USBH_LL_ClosePipe
                0x08010a58       0x1a ./USB_HOST/Target/usbh_conf.o
                0x08010a58                USBH_LL_ClosePipe
 .text.USBH_LL_SubmitURB
                0x08010a72       0x62 ./USB_HOST/Target/usbh_conf.o
                0x08010a72                USBH_LL_SubmitURB
 .text.USBH_LL_GetURBState
                0x08010ad4       0x26 ./USB_HOST/Target/usbh_conf.o
                0x08010ad4                USBH_LL_GetURBState
 .text.USBH_LL_DriverVBUS
                0x08010afa       0x1c ./USB_HOST/Target/usbh_conf.o
                0x08010afa                USBH_LL_DriverVBUS
 .text.USBH_LL_SetToggle
                0x08010b16       0x66 ./USB_HOST/Target/usbh_conf.o
                0x08010b16                USBH_LL_SetToggle
 .text.USBH_LL_GetToggle
                0x08010b7c       0x66 ./USB_HOST/Target/usbh_conf.o
                0x08010b7c                USBH_LL_GetToggle
 .text.USBH_Delay
                0x08010be2       0x16 ./USB_HOST/Target/usbh_conf.o
                0x08010be2                USBH_Delay
 .text.USBH_Get_USB_Status
                0x08010bf8       0x58 ./USB_HOST/Target/usbh_conf.o
                0x08010bf8                USBH_Get_USB_Status
 .text.malloc   0x08010c50       0x10 C:/ST/STM32CubeIDE_1.19.0/STM32CubeIDE/plugins/com.st.stm32cube.ide.mcu.externaltools.gnu-tools-for-stm32.13.3.rel1.win32_1.0.0.202411081344/tools/bin/../lib/gcc/arm-none-eabi/13.3.1/../../../../arm-none-eabi/lib/thumb/v7e-m+fp/hard\libc_nano.a(libc_a-malloc.o)
                0x08010c50                malloc
 .text.free     0x08010c60       0x10 C:/ST/STM32CubeIDE_1.19.0/STM32CubeIDE/plugins/com.st.stm32cube.ide.mcu.externaltools.gnu-tools-for-stm32.13.3.rel1.win32_1.0.0.202411081344/tools/bin/../lib/gcc/arm-none-eabi/13.3.1/../../../../arm-none-eabi/lib/thumb/v7e-m+fp/hard\libc_nano.a(libc_a-malloc.o)
                0x08010c60                free
 .text.sbrk_aligned
                0x08010c70       0x44 C:/ST/STM32CubeIDE_1.19.0/STM32CubeIDE/plugins/com.st.stm32cube.ide.mcu.externaltools.gnu-tools-for-stm32.13.3.rel1.win32_1.0.0.202411081344/tools/bin/../lib/gcc/arm-none-eabi/13.3.1/../../../../arm-none-eabi/lib/thumb/v7e-m+fp/hard\libc_nano.a(libc_a-mallocr.o)
 .text._malloc_r
                0x08010cb4      0x100 C:/ST/STM32CubeIDE_1.19.0/STM32CubeIDE/plugins/com.st.stm32cube.ide.mcu.externaltools.gnu-tools-for-stm32.13.3.rel1.win32_1.0.0.202411081344/tools/bin/../lib/gcc/arm-none-eabi/13.3.1/../../../../arm-none-eabi/lib/thumb/v7e-m+fp/hard\libc_nano.a(libc_a-mallocr.o)
                0x08010cb4                _malloc_r
 .text.__malloc_lock
                0x08010db4        0xc C:/ST/STM32CubeIDE_1.19.0/STM32CubeIDE/plugins/com.st.stm32cube.ide.mcu.externaltools.gnu-tools-for-stm32.13.3.rel1.win32_1.0.0.202411081344/tools/bin/../lib/gcc/arm-none-eabi/13.3.1/../../../../arm-none-eabi/lib/thumb/v7e-m+fp/hard\libc_nano.a(libc_a-mlock.o)
                0x08010db4                __malloc_lock
 .text.__malloc_unlock
                0x08010dc0        0xc C:/ST/STM32CubeIDE_1.19.0/STM32CubeIDE/plugins/com.st.stm32cube.ide.mcu.externaltools.gnu-tools-for-stm32.13.3.rel1.win32_1.0.0.202411081344/tools/bin/../lib/gcc/arm-none-eabi/13.3.1/../../../../arm-none-eabi/lib/thumb/v7e-m+fp/hard\libc_nano.a(libc_a-mlock.o)
                0x08010dc0                __malloc_unlock
 .text.sprintf  0x08010dcc       0x44 C:/ST/STM32CubeIDE_1.19.0/STM32CubeIDE/plugins/com.st.stm32cube.ide.mcu.externaltools.gnu-tools-for-stm32.13.3.rel1.win32_1.0.0.202411081344/tools/bin/../lib/gcc/arm-none-eabi/13.3.1/../../../../arm-none-eabi/lib/thumb/v7e-m+fp/hard\libc_nano.a(libc_a-sprintf.o)
                0x08010dcc                siprintf
                0x08010dcc                sprintf
 .text.memset   0x08010e10       0x10 C:/ST/STM32CubeIDE_1.19.0/STM32CubeIDE/plugins/com.st.stm32cube.ide.mcu.externaltools.gnu-tools-for-stm32.13.3.rel1.win32_1.0.0.202411081344/tools/bin/../lib/gcc/arm-none-eabi/13.3.1/../../../../arm-none-eabi/lib/thumb/v7e-m+fp/hard\libc_nano.a(libc_a-memset.o)
                0x08010e10                memset
 .text._sbrk_r  0x08010e20       0x20 C:/ST/STM32CubeIDE_1.19.0/STM32CubeIDE/plugins/com.st.stm32cube.ide.mcu.externaltools.gnu-tools-for-stm32.13.3.rel1.win32_1.0.0.202411081344/tools/bin/../lib/gcc/arm-none-eabi/13.3.1/../../../../arm-none-eabi/lib/thumb/v7e-m+fp/hard\libc_nano.a(libc_a-sbrkr.o)
                0x08010e20                _sbrk_r
 .text.__errno  0x08010e40        0xc C:/ST/STM32CubeIDE_1.19.0/STM32CubeIDE/plugins/com.st.stm32cube.ide.mcu.externaltools.gnu-tools-for-stm32.13.3.rel1.win32_1.0.0.202411081344/tools/bin/../lib/gcc/arm-none-eabi/13.3.1/../../../../arm-none-eabi/lib/thumb/v7e-m+fp/hard\libc_nano.a(libc_a-errno.o)
                0x08010e40                __errno
 .text.__libc_init_array
                0x08010e4c       0x48 C:/ST/STM32CubeIDE_1.19.0/STM32CubeIDE/plugins/com.st.stm32cube.ide.mcu.externaltools.gnu-tools-for-stm32.13.3.rel1.win32_1.0.0.202411081344/tools/bin/../lib/gcc/arm-none-eabi/13.3.1/../../../../arm-none-eabi/lib/thumb/v7e-m+fp/hard\libc_nano.a(libc_a-init.o)
                0x08010e4c                __libc_init_array
 .text.__retarget_lock_acquire_recursive
                0x08010e94        0x2 C:/ST/STM32CubeIDE_1.19.0/STM32CubeIDE/plugins/com.st.stm32cube.ide.mcu.externaltools.gnu-tools-for-stm32.13.3.rel1.win32_1.0.0.202411081344/tools/bin/../lib/gcc/arm-none-eabi/13.3.1/../../../../arm-none-eabi/lib/thumb/v7e-m+fp/hard\libc_nano.a(libc_a-lock.o)
                0x08010e94                __retarget_lock_acquire_recursive
 .text.__retarget_lock_release_recursive
                0x08010e96        0x2 C:/ST/STM32CubeIDE_1.19.0/STM32CubeIDE/plugins/com.st.stm32cube.ide.mcu.externaltools.gnu-tools-for-stm32.13.3.rel1.win32_1.0.0.202411081344/tools/bin/../lib/gcc/arm-none-eabi/13.3.1/../../../../arm-none-eabi/lib/thumb/v7e-m+fp/hard\libc_nano.a(libc_a-lock.o)
                0x08010e96                __retarget_lock_release_recursive
 .text.memcpy   0x08010e98       0x1c C:/ST/STM32CubeIDE_1.19.0/STM32CubeIDE/plugins/com.st.stm32cube.ide.mcu.externaltools.gnu-tools-for-stm32.13.3.rel1.win32_1.0.0.202411081344/tools/bin/../lib/gcc/arm-none-eabi/13.3.1/../../../../arm-none-eabi/lib/thumb/v7e-m+fp/hard\libc_nano.a(libc_a-memcpy-stub.o)
                0x08010e98                memcpy
 .text._free_r  0x08010eb4       0x94 C:/ST/STM32CubeIDE_1.19.0/STM32CubeIDE/plugins/com.st.stm32cube.ide.mcu.externaltools.gnu-tools-for-stm32.13.3.rel1.win32_1.0.0.202411081344/tools/bin/../lib/gcc/arm-none-eabi/13.3.1/../../../../arm-none-eabi/lib/thumb/v7e-m+fp/hard\libc_nano.a(libc_a-freer.o)
                0x08010eb4                _free_r
 .text.__ssputs_r
                0x08010f48       0xb6 C:/ST/STM32CubeIDE_1.19.0/STM32CubeIDE/plugins/com.st.stm32cube.ide.mcu.externaltools.gnu-tools-for-stm32.13.3.rel1.win32_1.0.0.202411081344/tools/bin/../lib/gcc/arm-none-eabi/13.3.1/../../../../arm-none-eabi/lib/thumb/v7e-m+fp/hard\libc_nano.a(libc_a-nano-svfprintf.o)
                0x08010f48                __ssputs_r
 *fill*         0x08010ffe        0x2 
 .text._svfprintf_r
                0x08011000      0x1f8 C:/ST/STM32CubeIDE_1.19.0/STM32CubeIDE/plugins/com.st.stm32cube.ide.mcu.externaltools.gnu-tools-for-stm32.13.3.rel1.win32_1.0.0.202411081344/tools/bin/../lib/gcc/arm-none-eabi/13.3.1/../../../../arm-none-eabi/lib/thumb/v7e-m+fp/hard\libc_nano.a(libc_a-nano-svfprintf.o)
                0x08011000                _svfiprintf_r
                0x08011000                _svfprintf_r
 .text._printf_common
                0x080111f8       0xda C:/ST/STM32CubeIDE_1.19.0/STM32CubeIDE/plugins/com.st.stm32cube.ide.mcu.externaltools.gnu-tools-for-stm32.13.3.rel1.win32_1.0.0.202411081344/tools/bin/../lib/gcc/arm-none-eabi/13.3.1/../../../../arm-none-eabi/lib/thumb/v7e-m+fp/hard\libc_nano.a(libc_a-nano-vfprintf_i.o)
                0x080111f8                _printf_common
 *fill*         0x080112d2        0x2 
 .text._printf_i
                0x080112d4      0x23c C:/ST/STM32CubeIDE_1.19.0/STM32CubeIDE/plugins/com.st.stm32cube.ide.mcu.externaltools.gnu-tools-for-stm32.13.3.rel1.win32_1.0.0.202411081344/tools/bin/../lib/gcc/arm-none-eabi/13.3.1/../../../../arm-none-eabi/lib/thumb/v7e-m+fp/hard\libc_nano.a(libc_a-nano-vfprintf_i.o)
                0x080112d4                _printf_i
 .text.memmove  0x08011510       0x34 C:/ST/STM32CubeIDE_1.19.0/STM32CubeIDE/plugins/com.st.stm32cube.ide.mcu.externaltools.gnu-tools-for-stm32.13.3.rel1.win32_1.0.0.202411081344/tools/bin/../lib/gcc/arm-none-eabi/13.3.1/../../../../arm-none-eabi/lib/thumb/v7e-m+fp/hard\libc_nano.a(libc_a-memmove.o)
                0x08011510                memmove
 .text._realloc_r
                0x08011544       0x5c C:/ST/STM32CubeIDE_1.19.0/STM32CubeIDE/plugins/com.st.stm32cube.ide.mcu.externaltools.gnu-tools-for-stm32.13.3.rel1.win32_1.0.0.202411081344/tools/bin/../lib/gcc/arm-none-eabi/13.3.1/../../../../arm-none-eabi/lib/thumb/v7e-m+fp/hard\libc_nano.a(libc_a-reallocr.o)
                0x08011544                _realloc_r
 .text._malloc_usable_size_r
                0x080115a0       0x10 C:/ST/STM32CubeIDE_1.19.0/STM32CubeIDE/plugins/com.st.stm32cube.ide.mcu.externaltools.gnu-tools-for-stm32.13.3.rel1.win32_1.0.0.202411081344/tools/bin/../lib/gcc/arm-none-eabi/13.3.1/../../../../arm-none-eabi/lib/thumb/v7e-m+fp/hard\libc_nano.a(libc_a-msizer.o)
                0x080115a0                _malloc_usable_size_r
 *(.glue_7)
 .glue_7        0x080115b0        0x0 linker stubs
 *(.glue_7t)
 .glue_7t       0x080115b0        0x0 linker stubs
 *(.eh_frame)
 .eh_frame      0x080115b0        0x0 C:/ST/STM32CubeIDE_1.19.0/STM32CubeIDE/plugins/com.st.stm32cube.ide.mcu.externaltools.gnu-tools-for-stm32.13.3.rel1.win32_1.0.0.202411081344/tools/bin/../lib/gcc/arm-none-eabi/13.3.1/thumb/v7e-m+fp/hard/crtbegin.o
 *(.init)
 .init          0x080115b0        0x4 C:/ST/STM32CubeIDE_1.19.0/STM32CubeIDE/plugins/com.st.stm32cube.ide.mcu.externaltools.gnu-tools-for-stm32.13.3.rel1.win32_1.0.0.202411081344/tools/bin/../lib/gcc/arm-none-eabi/13.3.1/thumb/v7e-m+fp/hard/crti.o
                0x080115b0                _init
 .init          0x080115b4        0x8 C:/ST/STM32CubeIDE_1.19.0/STM32CubeIDE/plugins/com.st.stm32cube.ide.mcu.externaltools.gnu-tools-for-stm32.13.3.rel1.win32_1.0.0.202411081344/tools/bin/../lib/gcc/arm-none-eabi/13.3.1/thumb/v7e-m+fp/hard/crtn.o
 *(.fini)
 .fini          0x080115bc        0x4 C:/ST/STM32CubeIDE_1.19.0/STM32CubeIDE/plugins/com.st.stm32cube.ide.mcu.externaltools.gnu-tools-for-stm32.13.3.rel1.win32_1.0.0.202411081344/tools/bin/../lib/gcc/arm-none-eabi/13.3.1/thumb/v7e-m+fp/hard/crti.o
                0x080115bc                _fini
 .fini          0x080115c0        0x8 C:/ST/STM32CubeIDE_1.19.0/STM32CubeIDE/plugins/com.st.stm32cube.ide.mcu.externaltools.gnu-tools-for-stm32.13.3.rel1.win32_1.0.0.202411081344/tools/bin/../lib/gcc/arm-none-eabi/13.3.1/thumb/v7e-m+fp/hard/crtn.o
                0x080115c8                        . = ALIGN (0x4)
                0x080115c8                        _etext = .

.vfp11_veneer   0x080115c8        0x0
 .vfp11_veneer  0x080115c8        0x0 linker stubs

.v4_bx          0x080115c8        0x0
 .v4_bx         0x080115c8        0x0 linker stubs

.iplt           0x080115c8        0x0
 .iplt          0x080115c8        0x0 C:/ST/STM32CubeIDE_1.19.0/STM32CubeIDE/plugins/com.st.stm32cube.ide.mcu.externaltools.gnu-tools-for-stm32.13.3.rel1.win32_1.0.0.202411081344/tools/bin/../lib/gcc/arm-none-eabi/13.3.1/thumb/v7e-m+fp/hard/crtbegin.o

.rodata         0x080115c8     0x119c
                0x080115c8                        . = ALIGN (0x4)
 *(.rodata)
 .rodata        0x080115c8      0x70f ./Core/Src/File_Handling.o
 *fill*         0x08011cd7        0x1 
 .rodata        0x08011cd8        0x4 ./Middlewares/ST/STM32_USB_Host_Library/Class/HID/Src/usbh_hid.o
 .rodata        0x08011cdc        0x4 ./Middlewares/ST/STM32_USB_Host_Library/Class/MSC/Src/usbh_msc.o
 .rodata        0x08011ce0       0x54 ./Middlewares/Third_Party/FatFs/src/ff.o
 .rodata        0x08011d34      0x1df ./USB_HOST/App/usb_host.o
 *(.rodata*)
 *fill*         0x08011f13        0x1 
 .rodata.AHBPrescTable
                0x08011f14       0x10 ./Core/Src/system_stm32f4xx.o
                0x08011f14                AHBPrescTable
 .rodata.APBPrescTable
                0x08011f24        0x8 ./Core/Src/system_stm32f4xx.o
                0x08011f24                APBPrescTable
 .rodata.USBH_Driver
                0x08011f2c       0x14 ./FATFS/Target/usbh_diskio.o
                0x08011f2c                USBH_Driver
 .rodata.imp_0_lctrl
                0x08011f40       0x20 ./Middlewares/ST/STM32_USB_Host_Library/Class/HID/Src/usbh_hid_keybd.o
 .rodata.imp_0_lshift
                0x08011f60       0x20 ./Middlewares/ST/STM32_USB_Host_Library/Class/HID/Src/usbh_hid_keybd.o
 .rodata.imp_0_lalt
                0x08011f80       0x20 ./Middlewares/ST/STM32_USB_Host_Library/Class/HID/Src/usbh_hid_keybd.o
 .rodata.imp_0_lgui
                0x08011fa0       0x20 ./Middlewares/ST/STM32_USB_Host_Library/Class/HID/Src/usbh_hid_keybd.o
 .rodata.imp_0_rctrl
                0x08011fc0       0x20 ./Middlewares/ST/STM32_USB_Host_Library/Class/HID/Src/usbh_hid_keybd.o
 .rodata.imp_0_rshift
                0x08011fe0       0x20 ./Middlewares/ST/STM32_USB_Host_Library/Class/HID/Src/usbh_hid_keybd.o
 .rodata.imp_0_ralt
                0x08012000       0x20 ./Middlewares/ST/STM32_USB_Host_Library/Class/HID/Src/usbh_hid_keybd.o
 .rodata.imp_0_rgui
                0x08012020       0x20 ./Middlewares/ST/STM32_USB_Host_Library/Class/HID/Src/usbh_hid_keybd.o
 .rodata.imp_0_key_array
                0x08012040       0x20 ./Middlewares/ST/STM32_USB_Host_Library/Class/HID/Src/usbh_hid_keybd.o
 .rodata.HID_KEYBRD_Key
                0x08012060       0x84 ./Middlewares/ST/STM32_USB_Host_Library/Class/HID/Src/usbh_hid_keybd.o
 .rodata.HID_KEYBRD_ShiftKey
                0x080120e4       0x84 ./Middlewares/ST/STM32_USB_Host_Library/Class/HID/Src/usbh_hid_keybd.o
 .rodata.HID_KEYBRD_Codes
                0x08012168       0xe8 ./Middlewares/ST/STM32_USB_Host_Library/Class/HID/Src/usbh_hid_keybd.o
 .rodata.prop_b1
                0x08012250       0x20 ./Middlewares/ST/STM32_USB_Host_Library/Class/HID/Src/usbh_hid_mouse.o
 .rodata.prop_b2
                0x08012270       0x20 ./Middlewares/ST/STM32_USB_Host_Library/Class/HID/Src/usbh_hid_mouse.o
 .rodata.prop_b3
                0x08012290       0x20 ./Middlewares/ST/STM32_USB_Host_Library/Class/HID/Src/usbh_hid_mouse.o
 .rodata.prop_x
                0x080122b0       0x20 ./Middlewares/ST/STM32_USB_Host_Library/Class/HID/Src/usbh_hid_mouse.o
 .rodata.prop_y
                0x080122d0       0x20 ./Middlewares/ST/STM32_USB_Host_Library/Class/HID/Src/usbh_hid_mouse.o
 .rodata.ExCvt  0x080122f0       0x80 ./Middlewares/Third_Party/FatFs/src/ff.o
 .rodata.LfnOfs
                0x08012370        0xd ./Middlewares/Third_Party/FatFs/src/ff.o
 *fill*         0x0801237d        0x3 
 .rodata.Tbl    0x08012380      0x100 ./Middlewares/Third_Party/FatFs/src/option/ccsbcs.o
 .rodata.cvt1.1
                0x08012480      0x1f2 ./Middlewares/Third_Party/FatFs/src/option/ccsbcs.o
 *fill*         0x08012672        0x2 
 .rodata.cvt2.0
                0x08012674       0xbc ./Middlewares/Third_Party/FatFs/src/option/ccsbcs.o
 .rodata._svfprintf_r.str1.1
                0x08012730       0x33 C:/ST/STM32CubeIDE_1.19.0/STM32CubeIDE/plugins/com.st.stm32cube.ide.mcu.externaltools.gnu-tools-for-stm32.13.3.rel1.win32_1.0.0.202411081344/tools/bin/../lib/gcc/arm-none-eabi/13.3.1/../../../../arm-none-eabi/lib/thumb/v7e-m+fp/hard\libc_nano.a(libc_a-nano-svfprintf.o)
                                 0x11 (size before relaxing)
 .rodata._printf_i.str1.1
                0x08012763       0x22 C:/ST/STM32CubeIDE_1.19.0/STM32CubeIDE/plugins/com.st.stm32cube.ide.mcu.externaltools.gnu-tools-for-stm32.13.3.rel1.win32_1.0.0.202411081344/tools/bin/../lib/gcc/arm-none-eabi/13.3.1/../../../../arm-none-eabi/lib/thumb/v7e-m+fp/hard\libc_nano.a(libc_a-nano-vfprintf_i.o)
                0x08012788                        . = ALIGN (0x4)
 *fill*         0x08012763        0x1 

.ARM.extab      0x08012764        0x0
                0x08012764                        . = ALIGN (0x4)
 *(.ARM.extab* .gnu.linkonce.armextab.*)
                0x08012764                        . = ALIGN (0x4)

.ARM            0x08012764        0x8
                0x08012764                        . = ALIGN (0x4)
                0x08012764                        __exidx_start = .
 *(.ARM.exidx*)
 .ARM.exidx     0x08012764        0x8 C:/ST/STM32CubeIDE_1.19.0/STM32CubeIDE/plugins/com.st.stm32cube.ide.mcu.externaltools.gnu-tools-for-stm32.13.3.rel1.win32_1.0.0.202411081344/tools/bin/../lib/gcc/arm-none-eabi/13.3.1/../../../../arm-none-eabi/lib/thumb/v7e-m+fp/hard\libc_nano.a(libc_a-strcmp.o)
 .ARM.exidx     0x0801276c        0x0 C:/ST/STM32CubeIDE_1.19.0/STM32CubeIDE/plugins/com.st.stm32cube.ide.mcu.externaltools.gnu-tools-for-stm32.13.3.rel1.win32_1.0.0.202411081344/tools/bin/../lib/gcc/arm-none-eabi/13.3.1/../../../../arm-none-eabi/lib/thumb/v7e-m+fp/hard\libc_nano.a(libc_a-strlen.o)
                                  0x8 (size before relaxing)
 .ARM.exidx     0x0801276c        0x0 C:/ST/STM32CubeIDE_1.19.0/STM32CubeIDE/plugins/com.st.stm32cube.ide.mcu.externaltools.gnu-tools-for-stm32.13.3.rel1.win32_1.0.0.202411081344/tools/bin/../lib/gcc/arm-none-eabi/13.3.1/../../../../arm-none-eabi/lib/thumb/v7e-m+fp/hard\libc_nano.a(libc_a-memchr.o)
                                  0x8 (size before relaxing)
 .ARM.exidx     0x0801276c        0x0 C:/ST/STM32CubeIDE_1.19.0/STM32CubeIDE/plugins/com.st.stm32cube.ide.mcu.externaltools.gnu-tools-for-stm32.13.3.rel1.win32_1.0.0.202411081344/tools/bin/../lib/gcc/arm-none-eabi/13.3.1/thumb/v7e-m+fp/hard\libgcc.a(_udivmoddi4.o)
                                  0x8 (size before relaxing)
                0x0801276c                        __exidx_end = .
                0x0801276c                        . = ALIGN (0x4)

.preinit_array  0x0801276c        0x0
                0x0801276c                        . = ALIGN (0x4)
                0x0801276c                        PROVIDE (__preinit_array_start = .)
 *(.preinit_array*)
                0x0801276c                        PROVIDE (__preinit_array_end = .)
                0x0801276c                        . = ALIGN (0x4)

.init_array     0x0801276c        0x4
                0x0801276c                        . = ALIGN (0x4)
                0x0801276c                        PROVIDE (__init_array_start = .)
 *(SORT_BY_NAME(.init_array.*))
 *(.init_array*)
 .init_array    0x0801276c        0x4 C:/ST/STM32CubeIDE_1.19.0/STM32CubeIDE/plugins/com.st.stm32cube.ide.mcu.externaltools.gnu-tools-for-stm32.13.3.rel1.win32_1.0.0.202411081344/tools/bin/../lib/gcc/arm-none-eabi/13.3.1/thumb/v7e-m+fp/hard/crtbegin.o
                0x08012770                        PROVIDE (__init_array_end = .)
                0x08012770                        . = ALIGN (0x4)

.fini_array     0x08012770        0x4
                0x08012770                        . = ALIGN (0x4)
                [!provide]                        PROVIDE (__fini_array_start = .)
 *(SORT_BY_NAME(.fini_array.*))
 *(.fini_array*)
 .fini_array    0x08012770        0x4 C:/ST/STM32CubeIDE_1.19.0/STM32CubeIDE/plugins/com.st.stm32cube.ide.mcu.externaltools.gnu-tools-for-stm32.13.3.rel1.win32_1.0.0.202411081344/tools/bin/../lib/gcc/arm-none-eabi/13.3.1/thumb/v7e-m+fp/hard/crtbegin.o
                [!provide]                        PROVIDE (__fini_array_end = .)
                0x08012774                        . = ALIGN (0x4)
                0x08012774                        _sidata = LOADADDR (.data)

.rel.dyn        0x08012774        0x0
 .rel.iplt      0x08012774        0x0 C:/ST/STM32CubeIDE_1.19.0/STM32CubeIDE/plugins/com.st.stm32cube.ide.mcu.externaltools.gnu-tools-for-stm32.13.3.rel1.win32_1.0.0.202411081344/tools/bin/../lib/gcc/arm-none-eabi/13.3.1/thumb/v7e-m+fp/hard/crtbegin.o

.data           0x20000000       0x9c load address 0x08012774
                0x20000000                        . = ALIGN (0x4)
                0x20000000                        _sdata = .
 *(.data)
 *(.data*)
 .data.SystemCoreClock
                0x20000000        0x4 ./Core/Src/system_stm32f4xx.o
                0x20000000                SystemCoreClock
 .data.uwTickPrio
                0x20000004        0x4 ./Drivers/STM32F4xx_HAL_Driver/Src/stm32f4xx_hal.o
                0x20000004                uwTickPrio
 .data.uwTickFreq
                0x20000008        0x1 ./Drivers/STM32F4xx_HAL_Driver/Src/stm32f4xx_hal.o
                0x20000008                uwTickFreq
 *fill*         0x20000009        0x3 
 .data.HID_Class
                0x2000000c       0x20 ./Middlewares/ST/STM32_USB_Host_Library/Class/HID/Src/usbh_hid.o
                0x2000000c                HID_Class
 .data.USBH_msc
                0x2000002c       0x20 ./Middlewares/ST/STM32_USB_Host_Library/Class/MSC/Src/usbh_msc.o
                0x2000002c                USBH_msc
 .data._impure_ptr
                0x2000004c        0x4 C:/ST/STM32CubeIDE_1.19.0/STM32CubeIDE/plugins/com.st.stm32cube.ide.mcu.externaltools.gnu-tools-for-stm32.13.3.rel1.win32_1.0.0.202411081344/tools/bin/../lib/gcc/arm-none-eabi/13.3.1/../../../../arm-none-eabi/lib/thumb/v7e-m+fp/hard\libc_nano.a(libc_a-impure.o)
                0x2000004c                _impure_ptr
 .data._impure_data
                0x20000050       0x4c C:/ST/STM32CubeIDE_1.19.0/STM32CubeIDE/plugins/com.st.stm32cube.ide.mcu.externaltools.gnu-tools-for-stm32.13.3.rel1.win32_1.0.0.202411081344/tools/bin/../lib/gcc/arm-none-eabi/13.3.1/../../../../arm-none-eabi/lib/thumb/v7e-m+fp/hard\libc_nano.a(libc_a-impure.o)
                0x20000050                _impure_data
 *(.RamFunc)
 *(.RamFunc*)
                0x2000009c                        . = ALIGN (0x4)
                0x2000009c                        _edata = .
                0x08012810                        _siccmram = LOADADDR (.ccmram)

.igot.plt       0x2000009c        0x0 load address 0x08012810
 .igot.plt      0x2000009c        0x0 C:/ST/STM32CubeIDE_1.19.0/STM32CubeIDE/plugins/com.st.stm32cube.ide.mcu.externaltools.gnu-tools-for-stm32.13.3.rel1.win32_1.0.0.202411081344/tools/bin/../lib/gcc/arm-none-eabi/13.3.1/thumb/v7e-m+fp/hard/crtbegin.o

.ccmram         0x10000000        0x0 load address 0x08012810
                0x10000000                        . = ALIGN (0x4)
                0x10000000                        _sccmram = .
 *(.ccmram)
 *(.ccmram*)
                0x10000000                        . = ALIGN (0x4)
                0x10000000                        _eccmram = .
                0x10000000                        . = ALIGN (0x4)

.bss            0x200000a0     0x1868
                0x200000a0                        _sbss = .
                0x200000a0                        __bss_start__ = _sbss
 *(.bss)
 .bss           0x200000a0       0x1c C:/ST/STM32CubeIDE_1.19.0/STM32CubeIDE/plugins/com.st.stm32cube.ide.mcu.externaltools.gnu-tools-for-stm32.13.3.rel1.win32_1.0.0.202411081344/tools/bin/../lib/gcc/arm-none-eabi/13.3.1/thumb/v7e-m+fp/hard/crtbegin.o
 *(.bss*)
 *fill*         0x200000bc        0x4 
 .bss.USBHfno   0x200000c0       0x60 ./Core/Src/File_Handling.o
                0x200000c0                USBHfno
 .bss.fresult   0x20000120        0x1 ./Core/Src/File_Handling.o
                0x20000120                fresult
 *fill*         0x20000121        0x3 
 .bss.br        0x20000124        0x4 ./Core/Src/File_Handling.o
                0x20000124                br
 .bss.bw        0x20000128        0x4 ./Core/Src/File_Handling.o
                0x20000128                bw
 .bss.pUSBHFatFS
                0x2000012c        0x4 ./Core/Src/File_Handling.o
                0x2000012c                pUSBHFatFS
 .bss.fre_clust
                0x20000130        0x4 ./Core/Src/File_Handling.o
                0x20000130                fre_clust
 .bss.total     0x20000134        0x4 ./Core/Src/File_Handling.o
                0x20000134                total
 .bss.free_space
                0x20000138        0x4 ./Core/Src/File_Handling.o
                0x20000138                free_space
 .bss.huart1    0x2000013c       0x48 ./Core/Src/main.o
                0x2000013c                huart1
 .bss.huart2    0x20000184       0x48 ./Core/Src/main.o
                0x20000184                huart2
 .bss.__sbrk_heap_end
                0x200001cc        0x4 ./Core/Src/sysmem.o
 .bss.uwTick    0x200001d0        0x4 ./Drivers/STM32F4xx_HAL_Driver/Src/stm32f4xx_hal.o
                0x200001d0                uwTick
 .bss.retUSBH   0x200001d4        0x1 ./FATFS/App/fatfs.o
                0x200001d4                retUSBH
 *fill*         0x200001d5        0x3 
 .bss.USBHPath  0x200001d8        0x4 ./FATFS/App/fatfs.o
                0x200001d8                USBHPath
 .bss.USBHFatFS
                0x200001dc      0x238 ./FATFS/App/fatfs.o
                0x200001dc                USBHFatFS
 *fill*         0x20000414        0x4 
 .bss.USBHFile  0x20000418      0x258 ./FATFS/App/fatfs.o
                0x20000418                USBHFile
 .bss.keybd_info
                0x20000670        0xf ./Middlewares/ST/STM32_USB_Host_Library/Class/HID/Src/usbh_hid_keybd.o
                0x20000670                keybd_info
 *fill*         0x2000067f        0x1 
 .bss.keybd_rx_report_buf
                0x20000680        0x8 ./Middlewares/ST/STM32_USB_Host_Library/Class/HID/Src/usbh_hid_keybd.o
                0x20000680                keybd_rx_report_buf
 .bss.keybd_report_data
                0x20000688        0x8 ./Middlewares/ST/STM32_USB_Host_Library/Class/HID/Src/usbh_hid_keybd.o
                0x20000688                keybd_report_data
 .bss.mouse_info
                0x20000690        0x5 ./Middlewares/ST/STM32_USB_Host_Library/Class/HID/Src/usbh_hid_mouse.o
                0x20000690                mouse_info
 *fill*         0x20000695        0x3 
 .bss.mouse_report_data
                0x20000698        0x8 ./Middlewares/ST/STM32_USB_Host_Library/Class/HID/Src/usbh_hid_mouse.o
                0x20000698                mouse_report_data
 .bss.mouse_rx_report_buf
                0x200006a0        0x8 ./Middlewares/ST/STM32_USB_Host_Library/Class/HID/Src/usbh_hid_mouse.o
                0x200006a0                mouse_rx_report_buf
 .bss.FatFs     0x200006a8        0x4 ./Middlewares/Third_Party/FatFs/src/ff.o
 .bss.Fsid      0x200006ac        0x2 ./Middlewares/Third_Party/FatFs/src/ff.o
 *fill*         0x200006ae        0x2 
 .bss.Files     0x200006b0       0x20 ./Middlewares/Third_Party/FatFs/src/ff.o
 .bss.DirBuf    0x200006d0       0xe0 ./Middlewares/Third_Party/FatFs/src/ff.o
 .bss.LfnBuf    0x200007b0       0x82 ./Middlewares/Third_Party/FatFs/src/ff.o
 *fill*         0x20000832        0x2 
 .bss.disk      0x20000834        0xc ./Middlewares/Third_Party/FatFs/src/ff_gen_drv.o
                0x20000834                disk
 .bss.msc_connected
                0x20000840        0x1 ./USB_HOST/App/usb_host.o
                0x20000840                msc_connected
 *fill*         0x20000841        0x3 
 .bss.hUsbHostHS
                0x20000844      0x3dc ./USB_HOST/App/usb_host.o
                0x20000844                hUsbHostHS
 .bss.hUsbHostFS
                0x20000c20      0x3dc ./USB_HOST/App/usb_host.o
                0x20000c20                hUsbHostFS
 .bss.Appli_state
                0x20000ffc        0x1 ./USB_HOST/App/usb_host.o
                0x20000ffc                Appli_state
 *fill*         0x20000ffd        0x3 
 .bss.hhcd_USB_OTG_FS
                0x20001000      0x3e0 ./USB_HOST/Target/usbh_conf.o
                0x20001000                hhcd_USB_OTG_FS
 .bss.hhcd_USB_OTG_HS
                0x200013e0      0x3e0 ./USB_HOST/Target/usbh_conf.o
                0x200013e0                hhcd_USB_OTG_HS
 .bss.__malloc_sbrk_start
                0x200017c0        0x4 C:/ST/STM32CubeIDE_1.19.0/STM32CubeIDE/plugins/com.st.stm32cube.ide.mcu.externaltools.gnu-tools-for-stm32.13.3.rel1.win32_1.0.0.202411081344/tools/bin/../lib/gcc/arm-none-eabi/13.3.1/../../../../arm-none-eabi/lib/thumb/v7e-m+fp/hard\libc_nano.a(libc_a-mallocr.o)
                0x200017c0                __malloc_sbrk_start
 .bss.__malloc_free_list
                0x200017c4        0x4 C:/ST/STM32CubeIDE_1.19.0/STM32CubeIDE/plugins/com.st.stm32cube.ide.mcu.externaltools.gnu-tools-for-stm32.13.3.rel1.win32_1.0.0.202411081344/tools/bin/../lib/gcc/arm-none-eabi/13.3.1/../../../../arm-none-eabi/lib/thumb/v7e-m+fp/hard\libc_nano.a(libc_a-mallocr.o)
                0x200017c4                __malloc_free_list
 .bss.__sf      0x200017c8      0x138 C:/ST/STM32CubeIDE_1.19.0/STM32CubeIDE/plugins/com.st.stm32cube.ide.mcu.externaltools.gnu-tools-for-stm32.13.3.rel1.win32_1.0.0.202411081344/tools/bin/../lib/gcc/arm-none-eabi/13.3.1/../../../../arm-none-eabi/lib/thumb/v7e-m+fp/hard\libc_nano.a(libc_a-findfp.o)
                0x200017c8                __sf
 .bss.errno     0x20001900        0x4 C:/ST/STM32CubeIDE_1.19.0/STM32CubeIDE/plugins/com.st.stm32cube.ide.mcu.externaltools.gnu-tools-for-stm32.13.3.rel1.win32_1.0.0.202411081344/tools/bin/../lib/gcc/arm-none-eabi/13.3.1/../../../../arm-none-eabi/lib/thumb/v7e-m+fp/hard\libc_nano.a(libc_a-reent.o)
                0x20001900                errno
 .bss.__lock___malloc_recursive_mutex
                0x20001904        0x1 C:/ST/STM32CubeIDE_1.19.0/STM32CubeIDE/plugins/com.st.stm32cube.ide.mcu.externaltools.gnu-tools-for-stm32.13.3.rel1.win32_1.0.0.202411081344/tools/bin/../lib/gcc/arm-none-eabi/13.3.1/../../../../arm-none-eabi/lib/thumb/v7e-m+fp/hard\libc_nano.a(libc_a-lock.o)
                0x20001904                __lock___malloc_recursive_mutex
 *(COMMON)
                0x20001908                        . = ALIGN (0x4)
 *fill*         0x20001905        0x3 
                0x20001908                        _ebss = .
                0x20001908                        __bss_end__ = _ebss

._user_heap_stack
                0x20001908     0x2400
                0x20001908                        . = ALIGN (0x8)
                [!provide]                        PROVIDE (end = .)
                0x20001908                        PROVIDE (_end = .)
                0x20003908                        . = (. + _Min_Heap_Size)
 *fill*         0x20001908     0x2000 
                0x20003d08                        . = (. + _Min_Stack_Size)
 *fill*         0x20003908      0x400 
                0x20003d08                        . = ALIGN (0x8)

/DISCARD/
 libc.a(*)
 libm.a(*)
 libgcc.a(*)

.ARM.attributes
                0x00000000       0x30
 *(.ARM.attributes)
 .ARM.attributes
                0x00000000       0x22 C:/ST/STM32CubeIDE_1.19.0/STM32CubeIDE/plugins/com.st.stm32cube.ide.mcu.externaltools.gnu-tools-for-stm32.13.3.rel1.win32_1.0.0.202411081344/tools/bin/../lib/gcc/arm-none-eabi/13.3.1/thumb/v7e-m+fp/hard/crti.o
 .ARM.attributes
                0x00000022       0x34 C:/ST/STM32CubeIDE_1.19.0/STM32CubeIDE/plugins/com.st.stm32cube.ide.mcu.externaltools.gnu-tools-for-stm32.13.3.rel1.win32_1.0.0.202411081344/tools/bin/../lib/gcc/arm-none-eabi/13.3.1/thumb/v7e-m+fp/hard/crtbegin.o
 .ARM.attributes
                0x00000056       0x34 ./Core/Src/File_Handling.o
 .ARM.attributes
                0x0000008a       0x34 ./Core/Src/main.o
 .ARM.attributes
                0x000000be       0x34 ./Core/Src/stm32f4xx_hal_msp.o
 .ARM.attributes
                0x000000f2       0x34 ./Core/Src/stm32f4xx_it.o
 .ARM.attributes
                0x00000126       0x34 ./Core/Src/sysmem.o
 .ARM.attributes
                0x0000015a       0x34 ./Core/Src/system_stm32f4xx.o
 .ARM.attributes
                0x0000018e       0x21 ./Core/Startup/startup_stm32f407vetx.o
 .ARM.attributes
                0x000001af       0x34 ./Drivers/STM32F4xx_HAL_Driver/Src/stm32f4xx_hal.o
 .ARM.attributes
                0x000001e3       0x34 ./Drivers/STM32F4xx_HAL_Driver/Src/stm32f4xx_hal_cortex.o
 .ARM.attributes
                0x00000217       0x34 ./Drivers/STM32F4xx_HAL_Driver/Src/stm32f4xx_hal_dma.o
 .ARM.attributes
                0x0000024b       0x34 ./Drivers/STM32F4xx_HAL_Driver/Src/stm32f4xx_hal_gpio.o
 .ARM.attributes
                0x0000027f       0x34 ./Drivers/STM32F4xx_HAL_Driver/Src/stm32f4xx_hal_hcd.o
 .ARM.attributes
                0x000002b3       0x34 ./Drivers/STM32F4xx_HAL_Driver/Src/stm32f4xx_hal_rcc.o
 .ARM.attributes
                0x000002e7       0x34 ./Drivers/STM32F4xx_HAL_Driver/Src/stm32f4xx_hal_uart.o
 .ARM.attributes
                0x0000031b       0x34 ./Drivers/STM32F4xx_HAL_Driver/Src/stm32f4xx_ll_usb.o
 .ARM.attributes
                0x0000034f       0x34 ./FATFS/App/fatfs.o
 .ARM.attributes
                0x00000383       0x34 ./FATFS/Target/usbh_diskio.o
 .ARM.attributes
                0x000003b7       0x34 ./Middlewares/ST/STM32_USB_Host_Library/Class/HID/Src/usbh_hid.o
 .ARM.attributes
                0x000003eb       0x34 ./Middlewares/ST/STM32_USB_Host_Library/Class/HID/Src/usbh_hid_keybd.o
 .ARM.attributes
                0x0000041f       0x34 ./Middlewares/ST/STM32_USB_Host_Library/Class/HID/Src/usbh_hid_mouse.o
 .ARM.attributes
                0x00000453       0x34 ./Middlewares/ST/STM32_USB_Host_Library/Class/HID/Src/usbh_hid_parser.o
 .ARM.attributes