Archive member included to satisfy reference by file (symbol)

C:/ST/STM32CubeIDE_1.13.2/STM32CubeIDE/plugins/com.st.stm32cube.ide.mcu.externaltools.gnu-tools-for-stm32.11.3.rel1.win32_1.1.1.202309131626/tools/bin/../lib/gcc/arm-none-eabi/11.3.1/../../../../arm-none-eabi/lib/thumb/v7e-m+fp/hard\libc_nano.a(libc_a-exit.o)
                              C:/ST/STM32CubeIDE_1.13.2/STM32CubeIDE/plugins/com.st.stm32cube.ide.mcu.externaltools.gnu-tools-for-stm32.11.3.rel1.win32_1.1.1.202309131626/tools/bin/../lib/gcc/arm-none-eabi/11.3.1/../../../../arm-none-eabi/lib/thumb/v7e-m+fp/hard/crt0.o (exit)
C:/ST/STM32CubeIDE_1.13.2/STM32CubeIDE/plugins/com.st.stm32cube.ide.mcu.externaltools.gnu-tools-for-stm32.11.3.rel1.win32_1.1.1.202309131626/tools/bin/../lib/gcc/arm-none-eabi/11.3.1/../../../../arm-none-eabi/lib/thumb/v7e-m+fp/hard\libc_nano.a(libc_a-malloc.o)
                              ./Core/Src/File_Handling.o (malloc)
C:/ST/STM32CubeIDE_1.13.2/STM32CubeIDE/plugins/com.st.stm32cube.ide.mcu.externaltools.gnu-tools-for-stm32.11.3.rel1.win32_1.1.1.202309131626/tools/bin/../lib/gcc/arm-none-eabi/11.3.1/../../../../arm-none-eabi/lib/thumb/v7e-m+fp/hard\libc_nano.a(libc_a-mallocr.o)
                              C:/ST/STM32CubeIDE_1.13.2/STM32CubeIDE/plugins/com.st.stm32cube.ide.mcu.externaltools.gnu-tools-for-stm32.11.3.rel1.win32_1.1.1.202309131626/tools/bin/../lib/gcc/arm-none-eabi/11.3.1/../../../../arm-none-eabi/lib/thumb/v7e-m+fp/hard\libc_nano.a(libc_a-malloc.o) (_malloc_r)
C:/ST/STM32CubeIDE_1.13.2/STM32CubeIDE/plugins/com.st.stm32cube.ide.mcu.externaltools.gnu-tools-for-stm32.11.3.rel1.win32_1.1.1.202309131626/tools/bin/../lib/gcc/arm-none-eabi/11.3.1/../../../../arm-none-eabi/lib/thumb/v7e-m+fp/hard\libc_nano.a(libc_a-mlock.o)
                              C:/ST/STM32CubeIDE_1.13.2/STM32CubeIDE/plugins/com.st.stm32cube.ide.mcu.externaltools.gnu-tools-for-stm32.11.3.rel1.win32_1.1.1.202309131626/tools/bin/../lib/gcc/arm-none-eabi/11.3.1/../../../../arm-none-eabi/lib/thumb/v7e-m+fp/hard\libc_nano.a(libc_a-mallocr.o) (__malloc_lock)
C:/ST/STM32CubeIDE_1.13.2/STM32CubeIDE/plugins/com.st.stm32cube.ide.mcu.externaltools.gnu-tools-for-stm32.11.3.rel1.win32_1.1.1.202309131626/tools/bin/../lib/gcc/arm-none-eabi/11.3.1/../../../../arm-none-eabi/lib/thumb/v7e-m+fp/hard\libc_nano.a(libc_a-findfp.o)
                              C:/ST/STM32CubeIDE_1.13.2/STM32CubeIDE/plugins/com.st.stm32cube.ide.mcu.externaltools.gnu-tools-for-stm32.11.3.rel1.win32_1.1.1.202309131626/tools/bin/../lib/gcc/arm-none-eabi/11.3.1/../../../../arm-none-eabi/lib/thumb/v7e-m+fp/hard\libc_nano.a(libc_a-exit.o) (__stdio_exit_handler)
C:/ST/STM32CubeIDE_1.13.2/STM32CubeIDE/plugins/com.st.stm32cube.ide.mcu.externaltools.gnu-tools-for-stm32.11.3.rel1.win32_1.1.1.202309131626/tools/bin/../lib/gcc/arm-none-eabi/11.3.1/../../../../arm-none-eabi/lib/thumb/v7e-m+fp/hard\libc_nano.a(libc_a-fwalk.o)
                              C:/ST/STM32CubeIDE_1.13.2/STM32CubeIDE/plugins/com.st.stm32cube.ide.mcu.externaltools.gnu-tools-for-stm32.11.3.rel1.win32_1.1.1.202309131626/tools/bin/../lib/gcc/arm-none-eabi/11.3.1/../../../../arm-none-eabi/lib/thumb/v7e-m+fp/hard\libc_nano.a(libc_a-findfp.o) (_fwalk_sglue)
C:/ST/STM32CubeIDE_1.13.2/STM32CubeIDE/plugins/com.st.stm32cube.ide.mcu.externaltools.gnu-tools-for-stm32.11.3.rel1.win32_1.1.1.202309131626/tools/bin/../lib/gcc/arm-none-eabi/11.3.1/../../../../arm-none-eabi/lib/thumb/v7e-m+fp/hard\libc_nano.a(libc_a-sprintf.o)
                              ./Core/Src/File_Handling.o (sprintf)
C:/ST/STM32CubeIDE_1.13.2/STM32CubeIDE/plugins/com.st.stm32cube.ide.mcu.externaltools.gnu-tools-for-stm32.11.3.rel1.win32_1.1.1.202309131626/tools/bin/../lib/gcc/arm-none-eabi/11.3.1/../../../../arm-none-eabi/lib/thumb/v7e-m+fp/hard\libc_nano.a(libc_a-stdio.o)
                              C:/ST/STM32CubeIDE_1.13.2/STM32CubeIDE/plugins/com.st.stm32cube.ide.mcu.externaltools.gnu-tools-for-stm32.11.3.rel1.win32_1.1.1.202309131626/tools/bin/../lib/gcc/arm-none-eabi/11.3.1/../../../../arm-none-eabi/lib/thumb/v7e-m+fp/hard\libc_nano.a(libc_a-findfp.o) (__sread)
C:/ST/STM32CubeIDE_1.13.2/STM32CubeIDE/plugins/com.st.stm32cube.ide.mcu.externaltools.gnu-tools-for-stm32.11.3.rel1.win32_1.1.1.202309131626/tools/bin/../lib/gcc/arm-none-eabi/11.3.1/../../../../arm-none-eabi/lib/thumb/v7e-m+fp/hard\libc_nano.a(libc_a-memset.o)
                              C:/ST/STM32CubeIDE_1.13.2/STM32CubeIDE/plugins/com.st.stm32cube.ide.mcu.externaltools.gnu-tools-for-stm32.11.3.rel1.win32_1.1.1.202309131626/tools/bin/../lib/gcc/arm-none-eabi/11.3.1/../../../../arm-none-eabi/lib/thumb/v7e-m+fp/hard/crt0.o (memset)
C:/ST/STM32CubeIDE_1.13.2/STM32CubeIDE/plugins/com.st.stm32cube.ide.mcu.externaltools.gnu-tools-for-stm32.11.3.rel1.win32_1.1.1.202309131626/tools/bin/../lib/gcc/arm-none-eabi/11.3.1/../../../../arm-none-eabi/lib/thumb/v7e-m+fp/hard\libc_nano.a(libc_a-closer.o)
[...]
Memory Configuration

Name             Origin             Length             Attributes
CCMRAM           0x0000000010000000 0x0000000000010000 xrw
RAM              0x0000000020000000 0x0000000000020000 xrw
FLASH            0x0000000008000000 0x0000000000080000 xr
*default*        0x0000000000000000 0xffffffffffffffff

Linker script and memory map

LOAD C:/ST/STM32CubeIDE_1.13.2/STM32CubeIDE/plugins/com.st.stm32cube.ide.mcu.externaltools.gnu-tools-for-stm32.11.3.rel1.win32_1.1.1.202309131626/tools/bin/../lib/gcc/arm-none-eabi/11.3.1/thumb/v7e-m+fp/hard/crti.o
LOAD C:/ST/STM32CubeIDE_1.13.2/STM32CubeIDE/plugins/com.st.stm32cube.ide.mcu.externaltools.gnu-tools-for-stm32.11.3.rel1.win32_1.1.1.202309131626/tools/bin/../lib/gcc/arm-none-eabi/11.3.1/thumb/v7e-m+fp/hard/crtbegin.o
LOAD C:/ST/STM32CubeIDE_1.13.2/STM32CubeIDE/plugins/com.st.stm32cube.ide.mcu.externaltools.gnu-tools-for-stm32.11.3.rel1.win32_1.1.1.202309131626/tools/bin/../lib/gcc/arm-none-eabi/11.3.1/../../../../arm-none-eabi/lib/thumb/v7e-m+fp/hard/crt0.o
LOAD ./Core/Src/File_Handling.o
LOAD ./Core/Src/main.o
LOAD ./Core/Src/stm32f4xx_hal_msp.o
LOAD ./Core/Src/stm32f4xx_it.o
LOAD ./Core/Src/syscalls.o
LOAD ./Core/Src/sysmem.o
LOAD ./Core/Src/system_stm32f4xx.o
LOAD ./Core/Startup/startup_stm32f407vetx.o
LOAD ./Drivers/STM32F4xx_HAL_Driver/Src/stm32f4xx_hal.o
LOAD ./Drivers/STM32F4xx_HAL_Driver/Src/stm32f4xx_hal_cortex.o
LOAD ./Drivers/STM32F4xx_HAL_Driver/Src/stm32f4xx_hal_dma.o
LOAD ./Drivers/STM32F4xx_HAL_Driver/Src/stm32f4xx_hal_dma_ex.o
LOAD ./Drivers/STM32F4xx_HAL_Driver/Src/stm32f4xx_hal_exti.o
LOAD ./Drivers/STM32F4xx_HAL_Driver/Src/stm32f4xx_hal_flash.o
LOAD ./Drivers/STM32F4xx_HAL_Driver/Src/stm32f4xx_hal_flash_ex.o
LOAD ./Drivers/STM32F4xx_HAL_Driver/Src/stm32f4xx_hal_flash_ramfunc.o
LOAD ./Drivers/STM32F4xx_HAL_Driver/Src/stm32f4xx_hal_gpio.o
LOAD ./Drivers/STM32F4xx_HAL_Driver/Src/stm32f4xx_hal_hcd.o
LOAD ./Drivers/STM32F4xx_HAL_Driver/Src/stm32f4xx_hal_pwr.o
LOAD ./Drivers/STM32F4xx_HAL_Driver/Src/stm32f4xx_hal_pwr_ex.o
LOAD ./Drivers/STM32F4xx_HAL_Driver/Src/stm32f4xx_hal_rcc.o
LOAD ./Drivers/STM32F4xx_HAL_Driver/Src/stm32f4xx_hal_rcc_ex.o
LOAD ./Drivers/STM32F4xx_HAL_Driver/Src/stm32f4xx_hal_uart.o
LOAD ./Drivers/STM32F4xx_HAL_Driver/Src/stm32f4xx_ll_usb.o
LOAD ./FATFS/App/fatfs.o
LOAD ./FATFS/Target/usbh_diskio.o
LOAD ./Middlewares/ST/STM32_USB_Host_Library/Class/HID/Src/usbh_hid.o
LOAD ./Middlewares/ST/STM32_USB_Host_Library/Class/HID/Src/usbh_hid_keybd.o
LOAD ./Middlewares/ST/STM32_USB_Host_Library/Class/HID/Src/usbh_hid_mouse.o
LOAD ./Middlewares/ST/STM32_USB_Host_Library/Class/HID/Src/usbh_hid_parser.o
LOAD ./Middlewares/ST/STM32_USB_Host_Library/Class/MSC/Src/usbh_msc.o
LOAD ./Middlewares/ST/STM32_USB_Host_Library/Class/MSC/Src/usbh_msc_bot.o
LOAD ./Middlewares/ST/STM32_USB_Host_Library/Class/MSC/Src/usbh_msc_scsi.o
LOAD ./Middlewares/ST/STM32_USB_Host_Library/Core/Src/usbh_core.o
LOAD ./Middlewares/ST/STM32_USB_Host_Library/Core/Src/usbh_ctlreq.o
LOAD ./Middlewares/ST/STM32_USB_Host_Library/Core/Src/usbh_ioreq.o
LOAD ./Middlewares/ST/STM32_USB_Host_Library/Core/Src/usbh_pipes.o
LOAD ./Middlewares/Third_Party/FatFs/src/diskio.o
LOAD ./Middlewares/Third_Party/FatFs/src/ff.o
LOAD ./Middlewares/Third_Party/FatFs/src/ff_gen_drv.o
LOAD ./Middlewares/Third_Party/FatFs/src/option/ccsbcs.o
LOAD ./Middlewares/Third_Party/FatFs/src/option/syscall.o
LOAD ./USB_HOST/App/usb_host.o
LOAD ./USB_HOST/Target/usbh_conf.o
START GROUP
LOAD C:/ST/STM32CubeIDE_1.13.2/STM32CubeIDE/plugins/com.st.stm32cube.ide.mcu.externaltools.gnu-tools-for-stm32.11.3.rel1.win32_1.1.1.202309131626/tools/bin/../lib/gcc/arm-none-eabi/11.3.1/../../../../arm-none-eabi/lib/thumb/v7e-m+fp/hard\libc_nano.a
LOAD C:/ST/STM32CubeIDE_1.13.2/STM32CubeIDE/plugins/com.st.stm32cube.ide.mcu.externaltools.gnu-tools-for-stm32.11.3.rel1.win32_1.1.1.202309131626/tools/bin/../lib/gcc/arm-none-eabi/11.3.1/../../../../arm-none-eabi/lib/thumb/v7e-m+fp/hard\libm.a
END GROUP
START GROUP
LOAD C:/ST/STM32CubeIDE_1.13.2/STM32CubeIDE/plugins/com.st.stm32cube.ide.mcu.externaltools.gnu-tools-for-stm32.11.3.rel1.win32_1.1.1.202309131626/tools/bin/../lib/gcc/arm-none-eabi/11.3.1/thumb/v7e-m+fp/hard\libgcc.a
LOAD C:/ST/STM32CubeIDE_1.13.2/STM32CubeIDE/plugins/com.st.stm32cube.ide.mcu.externaltools.gnu-tools-for-stm32.11.3.rel1.win32_1.1.1.202309131626/tools/bin/../lib/gcc/arm-none-eabi/11.3.1/../../../../arm-none-eabi/lib/thumb/v7e-m+fp/hard\libc_nano.a
END GROUP
START GROUP
LOAD C:/ST/STM32CubeIDE_1.13.2/STM32CubeIDE/plugins/com.st.stm32cube.ide.mcu.externaltools.gnu-tools-for-stm32.11.3.rel1.win32_1.1.1.202309131626/tools/bin/../lib/gcc/arm-none-eabi/11.3.1/thumb/v7e-m+fp/hard\libgcc.a
LOAD C:/ST/STM32CubeIDE_1.13.2/STM32CubeIDE/plugins/com.st.stm32cube.ide.mcu.externaltools.gnu-tools-for-stm32.11.3.rel1.win32_1.1.1.202309131626/tools/bin/../lib/gcc/arm-none-eabi/11.3.1/../../../../arm-none-eabi/lib/thumb/v7e-m+fp/hard\libc_nano.a
LOAD C:/ST/STM32CubeIDE_1.13.2/STM32CubeIDE/plugins/com.st.stm32cube.ide.mcu.externaltools.gnu-tools-for-stm32.11.3.rel1.win32_1.1.1.202309131626/tools/bin/../lib/gcc/arm-none-eabi/11.3.1/../../../../arm-none-eabi/lib/thumb/v7e-m+fp/hard\libnosys.a
END GROUP
START GROUP
LOAD C:/ST/STM32CubeIDE_1.13.2/STM32CubeIDE/plugins/com.st.stm32cube.ide.mcu.externaltools.gnu-tools-for-stm32.11.3.rel1.win32_1.1.1.202309131626/tools/bin/../lib/gcc/arm-none-eabi/11.3.1/thumb/v7e-m+fp/hard\libgcc.a
LOAD C:/ST/STM32CubeIDE_1.13.2/STM32CubeIDE/plugins/com.st.stm32cube.ide.mcu.externaltools.gnu-tools-for-stm32.11.3.rel1.win32_1.1.1.202309131626/tools/bin/../lib/gcc/arm-none-eabi/11.3.1/../../../../arm-none-eabi/lib/thumb/v7e-m+fp/hard\libc_nano.a
LOAD C:/ST/STM32CubeIDE_1.13.2/STM32CubeIDE/plugins/com.st.stm32cube.ide.mcu.externaltools.gnu-tools-for-stm32.11.3.rel1.win32_1.1.1.202309131626/tools/bin/../lib/gcc/arm-none-eabi/11.3.1/../../../../arm-none-eabi/lib/thumb/v7e-m+fp/hard\libnosys.a
END GROUP
LOAD C:/ST/STM32CubeIDE_1.13.2/STM32CubeIDE/plugins/com.st.stm32cube.ide.mcu.externaltools.gnu-tools-for-stm32.11.3.rel1.win32_1.1.1.202309131626/tools/bin/../lib/gcc/arm-none-eabi/11.3.1/thumb/v7e-m+fp/hard/crtend.o
LOAD C:/ST/STM32CubeIDE_1.13.2/STM32CubeIDE/plugins/com.st.stm32cube.ide.mcu.externaltools.gnu-tools-for-stm32.11.3.rel1.win32_1.1.1.202309131626/tools/bin/../lib/gcc/arm-none-eabi/11.3.1/thumb/v7e-m+fp/hard/crtn.o
                0x0000000020020000                _estack = (ORIGIN (RAM) + LENGTH (RAM))
                0x0000000000000200                _Min_Heap_Size = 0x200
                0x0000000000000400                _Min_Stack_Size = 0x400

.isr_vector     0x0000000008000000      0x188
                0x0000000008000000                . = ALIGN (0x4)
 *(.isr_vector)
 .isr_vector    0x0000000008000000      0x188 ./Core/Startup/startup_stm32f407vetx.o
                0x0000000008000000                g_pfnVectors
                0x0000000008000188                . = ALIGN (0x4)

.text           0x0000000008000190    0x10088
                0x0000000008000190                . = ALIGN (0x4)
 *(.text)
 .text          0x0000000008000190       0x40 C:/ST/STM32CubeIDE_1.13.2/STM32CubeIDE/plugins/com.st.stm32cube.ide.mcu.externaltools.gnu-tools-for-stm32.11.3.rel1.win32_1.1.1.202309131626/tools/bin/../lib/gcc/arm-none-eabi/11.3.1/thumb/v7e-m+fp/hard/crtbegin.o
 .text          0x00000000080001d0       0x14 C:/ST/STM32CubeIDE_1.13.2/STM32CubeIDE/plugins/com.st.stm32cube.ide.mcu.externaltools.gnu-tools-for-stm32.11.3.rel1.win32_1.1.1.202309131626/tools/bin/../lib/gcc/arm-none-eabi/11.3.1/../../../../arm-none-eabi/lib/thumb/v7e-m+fp/hard\libc_nano.a(libc_a-strcmp.o)
                0x00000000080001d0                strcmp
 .text          0x00000000080001e4       0x10 C:/ST/STM32CubeIDE_1.13.2/STM32CubeIDE/plugins/com.st.stm32cube.ide.mcu.externaltools.gnu-tools-for-stm32.11.3.rel1.win32_1.1.1.202309131626/tools/bin/../lib/gcc/arm-none-eabi/11.3.1/../../../../arm-none-eabi/lib/thumb/v7e-m+fp/hard\libc_nano.a(libc_a-strlen.o)
                0x00000000080001e4                strlen
 *fill*         0x00000000080001f4        0xc 
 .text          0x0000000008000200       0xa0 C:/ST/STM32CubeIDE_1.13.2/STM32CubeIDE/plugins/com.st.stm32cube.ide.mcu.externaltools.gnu-tools-for-stm32.11.3.rel1.win32_1.1.1.202309131626/tools/bin/../lib/gcc/arm-none-eabi/11.3.1/../../../../arm-none-eabi/lib/thumb/v7e-m+fp/hard\libc_nano.a(libc_a-memchr.o)
                0x0000000008000200                memchr
 .text          0x00000000080002a0      0x254 C:/ST/STM32CubeIDE_1.13.2/STM32CubeIDE/plugins/com.st.stm32cube.ide.mcu.externaltools.gnu-tools-for-stm32.11.3.rel1.win32_1.1.1.202309131626/tools/bin/../lib/gcc/arm-none-eabi/11.3.1/thumb/v7e-m+fp/hard\libgcc.a(_arm_muldf3.o)
                0x00000000080002a0                __muldf3
                0x00000000080002a0                __aeabi_dmul
 .text          0x00000000080004f4      0x378 C:/ST/STM32CubeIDE_1.13.2/STM32CubeIDE/plugins/com.st.stm32cube.ide.mcu.externaltools.gnu-tools-for-stm32.11.3.rel1.win32_1.1.1.202309131626/tools/bin/../lib/gcc/arm-none-eabi/11.3.1/thumb/v7e-m+fp/hard\libgcc.a(_arm_addsubdf3.o)
                0x00000000080004f4                __aeabi_drsub
                0x00000000080004fc                __aeabi_dsub
                0x00000000080004fc                __subdf3
                0x0000000008000500                __aeabi_dadd
                0x0000000008000500                __adddf3
                0x0000000008000778                __floatunsidf
                0x0000000008000778                __aeabi_ui2d
                0x0000000008000798                __floatsidf
                0x0000000008000798                __aeabi_i2d
                0x00000000080007bc                __aeabi_f2d
                0x00000000080007bc                __extendsfdf2
                0x0000000008000800                __floatundidf
                0x0000000008000800                __aeabi_ul2d
                0x0000000008000810                __floatdidf
                0x0000000008000810                __aeabi_l2d
 .text          0x000000000800086c       0x40 C:/ST/STM32CubeIDE_1.13.2/STM32CubeIDE/plugins/com.st.stm32cube.ide.mcu.externaltools.gnu-tools-for-stm32.11.3.rel1.win32_1.1.1.202309131626/tools/bin/../lib/gcc/arm-none-eabi/11.3.1/thumb/v7e-m+fp/hard\libgcc.a(_arm_fixunsdfsi.o)
                0x000000000800086c                __aeabi_d2uiz
                0x000000000800086c                __fixunsdfsi
 .text          0x00000000080008ac       0x30 C:/ST/STM32CubeIDE_1.13.2/STM32CubeIDE/plugins/com.st.stm32cube.ide.mcu.externaltools.gnu-tools-for-stm32.11.3.rel1.win32_1.1.1.202309131626/tools/bin/../lib/gcc/arm-none-eabi/11.3.1/thumb/v7e-m+fp/hard\libgcc.a(_aeabi_uldivmod.o)
                0x00000000080008ac                __aeabi_uldivmod
 .text          0x00000000080008dc      0x2c8 C:/ST/STM32CubeIDE_1.13.2/STM32CubeIDE/plugins/com.st.stm32cube.ide.mcu.externaltools.gnu-tools-for-stm32.11.3.rel1.win32_1.1.1.202309131626/tools/bin/../lib/gcc/arm-none-eabi/11.3.1/thumb/v7e-m+fp/hard\libgcc.a(_udivmoddi4.o)
                0x00000000080008dc                __udivmoddi4
 .text          0x0000000008000ba4        0x4 C:/ST/STM32CubeIDE_1.13.2/STM32CubeIDE/plugins/com.st.stm32cube.ide.mcu.externaltools.gnu-tools-for-stm32.11.3.rel1.win32_1.1.1.202309131626/tools/bin/../lib/gcc/arm-none-eabi/11.3.1/thumb/v7e-m+fp/hard\libgcc.a(_dvmd_tls.o)
                0x0000000008000ba4                __aeabi_idiv0
                0x0000000008000ba4                __aeabi_ldiv0
 *(.text*)
 .text.Send_Uart
                0x0000000008000ba8       0x2c ./Core/Src/File_Handling.o
                0x0000000008000ba8                Send_Uart
 .text.Mount_USB
                0x0000000008000bd4       0x44 ./Core/Src/File_Handling.o
                0x0000000008000bd4                Mount_USB
 .text.Unmount_USB
                0x0000000008000c18       0x40 ./Core/Src/File_Handling.o
                0x0000000008000c18                Unmount_USB
 .text.Scan_USB
                0x0000000008000c58      0x14c ./Core/Src/File_Handling.o
                0x0000000008000c58                Scan_USB
 .text.Write_File
                0x0000000008000da4      0x188 ./Core/Src/File_Handling.o
                0x0000000008000da4                Write_File
 .text.Create_File
                0x0000000008000f2c      0x138 ./Core/Src/File_Handling.o
                0x0000000008000f2c                Create_File
 .text.Update_File
                0x0000000008001064      0x1b0 ./Core/Src/File_Handling.o
                0x0000000008001064                Update_File
 .text.Create_Dir
                0x0000000008001214       0x80 ./Core/Src/File_Handling.o
                0x0000000008001214                Create_Dir
 .text.Check_USB_Details
                0x0000000008001294       0xe8 ./Core/Src/File_Handling.o
                0x0000000008001294                Check_USB_Details
 .text.main     0x000000000800137c       0x22 ./Core/Src/main.o
                0x000000000800137c                main
 *fill*         0x000000000800139e        0x2 
 .text.SystemClock_Config
                0x00000000080013a0       0xd8 ./Core/Src/main.o
                0x00000000080013a0                SystemClock_Config
 .text.MX_USART2_UART_Init
                0x0000000008001478       0x54 ./Core/Src/main.o
 .text.MX_GPIO_Init
                0x00000000080014cc       0x50 ./Core/Src/main.o
 .text.Error_Handler
                0x000000000800151c        0xa ./Core/Src/main.o
                0x000000000800151c                Error_Handler
 *fill*         0x0000000008001526        0x2 
 .text.HAL_MspInit
                0x0000000008001528       0x50 ./Core/Src/stm32f4xx_hal_msp.o
                0x0000000008001528                HAL_MspInit
 .text.HAL_UART_MspInit
                0x0000000008001578       0xa0 ./Core/Src/stm32f4xx_hal_msp.o
                0x0000000008001578                HAL_UART_MspInit
 .text.NMI_Handler
                0x0000000008001618        0x6 ./Core/Src/stm32f4xx_it.o
                0x0000000008001618                NMI_Handler
 .text.HardFault_Handler
                0x000000000800161e        0x6 ./Core/Src/stm32f4xx_it.o
                0x000000000800161e                HardFault_Handler
 .text.MemManage_Handler
                0x0000000008001624        0x6 ./Core/Src/stm32f4xx_it.o
                0x0000000008001624                MemManage_Handler
 .text.BusFault_Handler
                0x000000000800162a        0x6 ./Core/Src/stm32f4xx_it.o
                0x000000000800162a                BusFault_Handler
 .text.UsageFault_Handler
                0x0000000008001630        0x6 ./Core/Src/stm32f4xx_it.o
                0x0000000008001630                UsageFault_Handler
 .text.SVC_Handler
                0x0000000008001636        0xe ./Core/Src/stm32f4xx_it.o
                0x0000000008001636                SVC_Handler
 .text.DebugMon_Handler
                0x0000000008001644        0xe ./Core/Src/stm32f4xx_it.o
                0x0000000008001644                DebugMon_Handler
 .text.PendSV_Handler
                0x0000000008001652        0xe ./Core/Src/stm32f4xx_it.o
                0x0000000008001652                PendSV_Handler
 .text.SysTick_Handler
                0x0000000008001660        0xc ./Core/Src/stm32f4xx_it.o
                0x0000000008001660                SysTick_Handler
 .text.USART2_IRQHandler
                0x000000000800166c       0x14 ./Core/Src/stm32f4xx_it.o
                0x000000000800166c                USART2_IRQHandler
 .text.OTG_FS_IRQHandler
                0x0000000008001680       0x14 ./Core/Src/stm32f4xx_it.o
                0x0000000008001680                OTG_FS_IRQHandler
 .text._sbrk    0x0000000008001694       0x6c ./Core/Src/sysmem.o
                0x0000000008001694                _sbrk
 .text.SystemInit
                0x0000000008001700       0x24 ./Core/Src/system_stm32f4xx.o
                0x0000000008001700                SystemInit
 .text.Reset_Handler
                0x0000000008001724       0x50 ./Core/Startup/startup_stm32f407vetx.o
                0x0000000008001724                Reset_Handler
 .text.Default_Handler
                0x0000000008001774        0x2 ./Core/Startup/startup_stm32f407vetx.o
                0x0000000008001774                RTC_Alarm_IRQHandler
                0x0000000008001774                HASH_RNG_IRQHandler
                0x0000000008001774                EXTI2_IRQHandler
                0x0000000008001774                TIM8_CC_IRQHandler
                0x0000000008001774                TIM1_CC_IRQHandler
                0x0000000008001774                DMA2_Stream5_IRQHandler
                0x0000000008001774                DMA1_Stream5_IRQHandler
                0x0000000008001774                PVD_IRQHandler
                0x0000000008001774                SDIO_IRQHandler
                0x0000000008001774                TAMP_STAMP_IRQHandler
                0x0000000008001774                CAN2_RX1_IRQHandler
                0x0000000008001774                EXTI3_IRQHandler
                0x0000000008001774                TIM8_TRG_COM_TIM14_IRQHandler
                0x0000000008001774                TIM1_UP_TIM10_IRQHandler
                0x0000000008001774                TIM8_UP_TIM13_IRQHandler
                0x0000000008001774                I2C3_ER_IRQHandler
                0x0000000008001774                EXTI0_IRQHandler
                0x0000000008001774                I2C2_EV_IRQHandler
                0x0000000008001774                DMA1_Stream2_IRQHandler
                0x0000000008001774                CAN1_RX0_IRQHandler
                0x0000000008001774                FPU_IRQHandler
                0x0000000008001774                OTG_HS_WKUP_IRQHandler
                0x0000000008001774                CAN2_SCE_IRQHandler
                0x0000000008001774                DMA2_Stream2_IRQHandler
                0x0000000008001774                SPI1_IRQHandler
                0x0000000008001774                TIM6_DAC_IRQHandler
                0x0000000008001774                TIM1_BRK_TIM9_IRQHandler
                0x0000000008001774                DCMI_IRQHandler
                0x0000000008001774                CAN2_RX0_IRQHandler
                0x0000000008001774                DMA2_Stream3_IRQHandler
                0x0000000008001774                USART6_IRQHandler
                0x0000000008001774                USART3_IRQHandler
                0x0000000008001774                CAN1_RX1_IRQHandler
                0x0000000008001774                UART5_IRQHandler
                0x0000000008001774                DMA2_Stream0_IRQHandler
                0x0000000008001774                TIM4_IRQHandler
                0x0000000008001774                I2C1_EV_IRQHandler
                0x0000000008001774                DMA1_Stream6_IRQHandler
                0x0000000008001774                DMA1_Stream1_IRQHandler
                0x0000000008001774                UART4_IRQHandler
                0x0000000008001774                TIM3_IRQHandler
                0x0000000008001774                RCC_IRQHandler
                0x0000000008001774                TIM8_BRK_TIM12_IRQHandler
                0x0000000008001774                Default_Handler
                0x0000000008001774                EXTI15_10_IRQHandler
                0x0000000008001774                ADC_IRQHandler
                0x0000000008001774                DMA1_Stream7_IRQHandler
                0x0000000008001774                TIM7_IRQHandler
                0x0000000008001774                CAN2_TX_IRQHandler
                0x0000000008001774                TIM5_IRQHandler
                0x0000000008001774                DMA2_Stream7_IRQHandler
                0x0000000008001774                I2C3_EV_IRQHandler
                0x0000000008001774                EXTI9_5_IRQHandler
                0x0000000008001774                RTC_WKUP_IRQHandler
                0x0000000008001774                ETH_WKUP_IRQHandler
                0x0000000008001774                SPI2_IRQHandler
                0x0000000008001774                OTG_HS_EP1_IN_IRQHandler
                0x0000000008001774                DMA1_Stream0_IRQHandler
                0x0000000008001774                CAN1_TX_IRQHandler
                0x0000000008001774                EXTI4_IRQHandler
                0x0000000008001774                FSMC_IRQHandler
                0x0000000008001774                ETH_IRQHandler
                0x0000000008001774                OTG_HS_EP1_OUT_IRQHandler
                0x0000000008001774                WWDG_IRQHandler
                0x0000000008001774                TIM2_IRQHandler
                0x0000000008001774                OTG_FS_WKUP_IRQHandler
                0x0000000008001774                TIM1_TRG_COM_TIM11_IRQHandler
                0x0000000008001774                OTG_HS_IRQHandler
                0x0000000008001774                EXTI1_IRQHandler
                0x0000000008001774                I2C2_ER_IRQHandler
                0x0000000008001774                DMA2_Stream1_IRQHandler
                0x0000000008001774                CAN1_SCE_IRQHandler
                0x0000000008001774                FLASH_IRQHandler
                0x0000000008001774                DMA2_Stream4_IRQHandler
                0x0000000008001774                USART1_IRQHandler
                0x0000000008001774                SPI3_IRQHandler
                0x0000000008001774                DMA1_Stream4_IRQHandler
                0x0000000008001774                I2C1_ER_IRQHandler
                0x0000000008001774                DMA2_Stream6_IRQHandler
                0x0000000008001774                DMA1_Stream3_IRQHandler
 *fill*         0x0000000008001776        0x2 
 .text.HAL_Init
                0x0000000008001778       0x44 ./Drivers/STM32F4xx_HAL_Driver/Src/stm32f4xx_hal.o
                0x0000000008001778                HAL_Init
 .text.HAL_InitTick
                0x00000000080017bc       0x60 ./Drivers/STM32F4xx_HAL_Driver/Src/stm32f4xx_hal.o
                0x00000000080017bc                HAL_InitTick
 .text.HAL_IncTick
                0x000000000800181c       0x28 ./Drivers/STM32F4xx_HAL_Driver/Src/stm32f4xx_hal.o
                0x000000000800181c                HAL_IncTick
 .text.HAL_GetTick
                0x0000000008001844       0x18 ./Drivers/STM32F4xx_HAL_Driver/Src/stm32f4xx_hal.o
                0x0000000008001844                HAL_GetTick
 .text.HAL_Delay
                0x000000000800185c       0x48 ./Drivers/STM32F4xx_HAL_Driver/Src/stm32f4xx_hal.o
                0x000000000800185c                HAL_Delay
 .text.__NVIC_SetPriorityGrouping
                0x00000000080018a4       0x48 ./Drivers/STM32F4xx_HAL_Driver/Src/stm32f4xx_hal_cortex.o
 .text.__NVIC_GetPriorityGrouping
                0x00000000080018ec       0x1c ./Drivers/STM32F4xx_HAL_Driver/Src/stm32f4xx_hal_cortex.o
 .text.__NVIC_EnableIRQ
                0x0000000008001908       0x3c ./Drivers/STM32F4xx_HAL_Driver/Src/stm32f4xx_hal_cortex.o
 .text.__NVIC_SetPriority
                0x0000000008001944       0x54 ./Drivers/STM32F4xx_HAL_Driver/Src/stm32f4xx_hal_cortex.o
 .text.NVIC_EncodePriority
                0x0000000008001998       0x66 ./Drivers/STM32F4xx_HAL_Driver/Src/stm32f4xx_hal_cortex.o
 *fill*         0x00000000080019fe        0x2 
 .text.SysTick_Config
                0x0000000008001a00       0x44 ./Drivers/STM32F4xx_HAL_Driver/Src/stm32f4xx_hal_cortex.o
 .text.HAL_NVIC_SetPriorityGrouping
                0x0000000008001a44       0x16 ./Drivers/STM32F4xx_HAL_Driver/Src/stm32f4xx_hal_cortex.o
                0x0000000008001a44                HAL_NVIC_SetPriorityGrouping
 .text.HAL_NVIC_SetPriority
                0x0000000008001a5a       0x38 ./Drivers/STM32F4xx_HAL_Driver/Src/stm32f4xx_hal_cortex.o
                0x0000000008001a5a                HAL_NVIC_SetPriority
 .text.HAL_NVIC_EnableIRQ
                0x0000000008001a92       0x1c ./Drivers/STM32F4xx_HAL_Driver/Src/stm32f4xx_hal_cortex.o
                0x0000000008001a92                HAL_NVIC_EnableIRQ
 .text.HAL_SYSTICK_Config
                0x0000000008001aae       0x18 ./Drivers/STM32F4xx_HAL_Driver/Src/stm32f4xx_hal_cortex.o
                0x0000000008001aae                HAL_SYSTICK_Config
 .text.HAL_DMA_Abort
                0x0000000008001ac6       0xe0 ./Drivers/STM32F4xx_HAL_Driver/Src/stm32f4xx_hal_dma.o
                0x0000000008001ac6                HAL_DMA_Abort
 .text.HAL_DMA_Abort_IT
                0x0000000008001ba6       0x44 ./Drivers/STM32F4xx_HAL_Driver/Src/stm32f4xx_hal_dma.o
                0x0000000008001ba6                HAL_DMA_Abort_IT
 *fill*         0x0000000008001bea        0x2 
 .text.HAL_GPIO_Init
                0x0000000008001bec      0x338 ./Drivers/STM32F4xx_HAL_Driver/Src/stm32f4xx_hal_gpio.o
                0x0000000008001bec                HAL_GPIO_Init
 .text.HAL_HCD_Init
                0x0000000008001f24       0xce ./Drivers/STM32F4xx_HAL_Driver/Src/stm32f4xx_hal_hcd.o
                0x0000000008001f24                HAL_HCD_Init
 .text.HAL_HCD_HC_Init
                0x0000000008001ff2      0x170 ./Drivers/STM32F4xx_HAL_Driver/Src/stm32f4xx_hal_hcd.o
                0x0000000008001ff2                HAL_HCD_HC_Init
 *fill*         0x0000000008002162        0x2 
 .text.HAL_HCD_HC_SubmitRequest
                0x0000000008002164      0x33c ./Drivers/STM32F4xx_HAL_Driver/Src/stm32f4xx_hal_hcd.o
                0x0000000008002164                HAL_HCD_HC_SubmitRequest
 .text.HAL_HCD_IRQHandler
                0x00000000080024a0      0x220 ./Drivers/STM32F4xx_HAL_Driver/Src/stm32f4xx_hal_hcd.o
                0x00000000080024a0                HAL_HCD_IRQHandler
 .text.HAL_HCD_Start
                0x00000000080026c0       0x46 ./Drivers/STM32F4xx_HAL_Driver/Src/stm32f4xx_hal_hcd.o
                0x00000000080026c0                HAL_HCD_Start
 .text.HAL_HCD_Stop
                0x0000000008002706       0x3a ./Drivers/STM32F4xx_HAL_Driver/Src/stm32f4xx_hal_hcd.o
                0x0000000008002706                HAL_HCD_Stop
 .text.HAL_HCD_ResetPort
                0x0000000008002740       0x1c ./Drivers/STM32F4xx_HAL_Driver/Src/stm32f4xx_hal_hcd.o
                0x0000000008002740                HAL_HCD_ResetPort
 .text.HAL_HCD_HC_GetURBState
                0x000000000800275c       0x2a ./Drivers/STM32F4xx_HAL_Driver/Src/stm32f4xx_hal_hcd.o
                0x000000000800275c                HAL_HCD_HC_GetURBState
 .text.HAL_HCD_HC_GetXferCount
                0x0000000008002786       0x2a ./Drivers/STM32F4xx_HAL_Driver/Src/stm32f4xx_hal_hcd.o
                0x0000000008002786                HAL_HCD_HC_GetXferCount
 .text.HAL_HCD_GetCurrentFrame
                0x00000000080027b0       0x1c ./Drivers/STM32F4xx_HAL_Driver/Src/stm32f4xx_hal_hcd.o
                0x00000000080027b0                HAL_HCD_GetCurrentFrame
 .text.HAL_HCD_GetCurrentSpeed
                0x00000000080027cc       0x1c ./Drivers/STM32F4xx_HAL_Driver/Src/stm32f4xx_hal_hcd.o
                0x00000000080027cc                HAL_HCD_GetCurrentSpeed
 .text.HAL_HCD_HC_ClearHubInfo
                0x00000000080027e8       0x6a ./Drivers/STM32F4xx_HAL_Driver/Src/stm32f4xx_hal_hcd.o
                0x00000000080027e8                HAL_HCD_HC_ClearHubInfo
 .text.HCD_HC_IN_IRQHandler
                0x0000000008002852      0xcd2 ./Drivers/STM32F4xx_HAL_Driver/Src/stm32f4xx_hal_hcd.o
 .text.HCD_HC_OUT_IRQHandler
                0x0000000008003524      0x97e ./Drivers/STM32F4xx_HAL_Driver/Src/stm32f4xx_hal_hcd.o
 .text.HCD_RXQLVL_IRQHandler
                0x0000000008003ea2      0x1be ./Drivers/STM32F4xx_HAL_Driver/Src/stm32f4xx_hal_hcd.o
 .text.HCD_Port_IRQHandler
                0x0000000008004060       0xe6 ./Drivers/STM32F4xx_HAL_Driver/Src/stm32f4xx_hal_hcd.o
 *fill*         0x0000000008004146        0x2 
 .text.HAL_RCC_OscConfig
                0x0000000008004148      0x4f0 ./Drivers/STM32F4xx_HAL_Driver/Src/stm32f4xx_hal_rcc.o
                0x0000000008004148                HAL_RCC_OscConfig
 .text.HAL_RCC_ClockConfig
                0x0000000008004638      0x1cc ./Drivers/STM32F4xx_HAL_Driver/Src/stm32f4xx_hal_rcc.o
                0x0000000008004638                HAL_RCC_ClockConfig
 .text.HAL_RCC_GetSysClockFreq
                0x0000000008004804      0x20c ./Drivers/STM32F4xx_HAL_Driver/Src/stm32f4xx_hal_rcc.o
                0x0000000008004804                HAL_RCC_GetSysClockFreq
 .text.HAL_RCC_GetHCLKFreq
                0x0000000008004a10       0x18 ./Drivers/STM32F4xx_HAL_Driver/Src/stm32f4xx_hal_rcc.o
                0x0000000008004a10                HAL_RCC_GetHCLKFreq
 .text.HAL_RCC_GetPCLK1Freq
                0x0000000008004a28       0x28 ./Drivers/STM32F4xx_HAL_Driver/Src/stm32f4xx_hal_rcc.o
                0x0000000008004a28                HAL_RCC_GetPCLK1Freq
 .text.HAL_RCC_GetPCLK2Freq
                0x0000000008004a50       0x28 ./Drivers/STM32F4xx_HAL_Driver/Src/stm32f4xx_hal_rcc.o
                0x0000000008004a50                HAL_RCC_GetPCLK2Freq
 .text.HAL_UART_Init
                0x0000000008004a78       0xa0 ./Drivers/STM32F4xx_HAL_Driver/Src/stm32f4xx_hal_uart.o
                0x0000000008004a78                HAL_UART_Init
 .text.HAL_UART_Transmit
                0x0000000008004b18      0x116 ./Drivers/STM32F4xx_HAL_Driver/Src/stm32f4xx_hal_uart.o
                0x0000000008004b18                HAL_UART_Transmit
 *fill*         0x0000000008004c2e        0x2 
 .text.HAL_UART_IRQHandler
                0x0000000008004c30      0x554 ./Drivers/STM32F4xx_HAL_Driver/Src/stm32f4xx_hal_uart.o
                0x0000000008004c30                HAL_UART_IRQHandler
 .text.HAL_UART_TxCpltCallback
                0x0000000008005184       0x14 ./Drivers/STM32F4xx_HAL_Driver/Src/stm32f4xx_hal_uart.o
                0x0000000008005184                HAL_UART_TxCpltCallback
 .text.HAL_UART_RxCpltCallback
                0x0000000008005198       0x14 ./Drivers/STM32F4xx_HAL_Driver/Src/stm32f4xx_hal_uart.o
                0x0000000008005198                HAL_UART_RxCpltCallback
 .text.HAL_UART_ErrorCallback
                0x00000000080051ac       0x14 ./Drivers/STM32F4xx_HAL_Driver/Src/stm32f4xx_hal_uart.o
                0x00000000080051ac                HAL_UART_ErrorCallback
 .text.HAL_UARTEx_RxEventCallback
                0x00000000080051c0       0x18 ./Drivers/STM32F4xx_HAL_Driver/Src/stm32f4xx_hal_uart.o
                0x00000000080051c0                HAL_UARTEx_RxEventCallback
 .text.UART_WaitOnFlagUntilTimeout
                0x00000000080051d8       0xb2 ./Drivers/STM32F4xx_HAL_Driver/Src/stm32f4xx_hal_uart.o
 .text.UART_EndRxTransfer
                0x000000000800528a       0xc6 ./Drivers/STM32F4xx_HAL_Driver/Src/stm32f4xx_hal_uart.o
 .text.UART_DMAAbortOnError
                0x0000000008005350       0x22 ./Drivers/STM32F4xx_HAL_Driver/Src/stm32f4xx_hal_uart.o
 .text.UART_Transmit_IT
                0x0000000008005372       0xa0 ./Drivers/STM32F4xx_HAL_Driver/Src/stm32f4xx_hal_uart.o
 .text.UART_EndTransmit_IT
                0x0000000008005412       0x30 ./Drivers/STM32F4xx_HAL_Driver/Src/stm32f4xx_hal_uart.o
 .text.UART_Receive_IT
                0x0000000008005442      0x17c ./Drivers/STM32F4xx_HAL_Driver/Src/stm32f4xx_hal_uart.o
 *fill*         0x00000000080055be        0x2 
 .text.UART_SetConfig
                0x00000000080055c0      0x4e8 ./Drivers/STM32F4xx_HAL_Driver/Src/stm32f4xx_hal_uart.o
 .text.USB_CoreInit
                0x0000000008005aa8       0xc8 ./Drivers/STM32F4xx_HAL_Driver/Src/stm32f4xx_ll_usb.o
                0x0000000008005aa8                USB_CoreInit
 .text.USB_EnableGlobalInt
                0x0000000008005b70       0x22 ./Drivers/STM32F4xx_HAL_Driver/Src/stm32f4xx_ll_usb.o
                0x0000000008005b70                USB_EnableGlobalInt
 .text.USB_DisableGlobalInt
                0x0000000008005b92       0x22 ./Drivers/STM32F4xx_HAL_Driver/Src/stm32f4xx_ll_usb.o
                0x0000000008005b92                USB_DisableGlobalInt
 .text.USB_SetCurrentMode
                0x0000000008005bb4       0x98 ./Drivers/STM32F4xx_HAL_Driver/Src/stm32f4xx_ll_usb.o
                0x0000000008005bb4                USB_SetCurrentMode
 .text.USB_FlushTxFifo
                0x0000000008005c4c       0x64 ./Drivers/STM32F4xx_HAL_Driver/Src/stm32f4xx_ll_usb.o
                0x0000000008005c4c                USB_FlushTxFifo
 .text.USB_FlushRxFifo
                0x0000000008005cb0       0x5c ./Drivers/STM32F4xx_HAL_Driver/Src/stm32f4xx_ll_usb.o
                0x0000000008005cb0                USB_FlushRxFifo
 .text.USB_WritePacket
                0x0000000008005d0c       0x7c ./Drivers/STM32F4xx_HAL_Driver/Src/stm32f4xx_ll_usb.o
                0x0000000008005d0c                USB_WritePacket
 .text.USB_ReadPacket
                0x0000000008005d88       0xb0 ./Drivers/STM32F4xx_HAL_Driver/Src/stm32f4xx_ll_usb.o
                0x0000000008005d88                USB_ReadPacket
 .text.USB_ReadInterrupts
                0x0000000008005e38       0x26 ./Drivers/STM32F4xx_HAL_Driver/Src/stm32f4xx_ll_usb.o
                0x0000000008005e38                USB_ReadInterrupts
 .text.USB_ReadChInterrupts
                0x0000000008005e5e       0x42 ./Drivers/STM32F4xx_HAL_Driver/Src/stm32f4xx_ll_usb.o
                0x0000000008005e5e                USB_ReadChInterrupts
 .text.USB_GetMode
                0x0000000008005ea0       0x1c ./Drivers/STM32F4xx_HAL_Driver/Src/stm32f4xx_ll_usb.o
                0x0000000008005ea0                USB_GetMode
 .text.USB_CoreReset
                0x0000000008005ebc       0x70 ./Drivers/STM32F4xx_HAL_Driver/Src/stm32f4xx_ll_usb.o
 .text.USB_HostInit
                0x0000000008005f2c      0x188 ./Drivers/STM32F4xx_HAL_Driver/Src/stm32f4xx_ll_usb.o
                0x0000000008005f2c                USB_HostInit
 .text.USB_InitFSLSPClkSel
                0x00000000080060b4       0x7a ./Drivers/STM32F4xx_HAL_Driver/Src/stm32f4xx_ll_usb.o
                0x00000000080060b4                USB_InitFSLSPClkSel
 .text.USB_ResetPort
                0x000000000800612e       0x54 ./Drivers/STM32F4xx_HAL_Driver/Src/stm32f4xx_ll_usb.o
                0x000000000800612e                USB_ResetPort
 .text.USB_DriveVbus
                0x0000000008006182       0x72 ./Drivers/STM32F4xx_HAL_Driver/Src/stm32f4xx_ll_usb.o
                0x0000000008006182                USB_DriveVbus
 .text.USB_GetHostSpeed
                0x00000000080061f4       0x2e ./Drivers/STM32F4xx_HAL_Driver/Src/stm32f4xx_ll_usb.o
                0x00000000080061f4                USB_GetHostSpeed
 .text.USB_GetCurrentFrame
                0x0000000008006222       0x22 ./Drivers/STM32F4xx_HAL_Driver/Src/stm32f4xx_ll_usb.o
                0x0000000008006222                USB_GetCurrentFrame
 .text.USB_HC_Init
                0x0000000008006244      0x258 ./Drivers/STM32F4xx_HAL_Driver/Src/stm32f4xx_ll_usb.o
                0x0000000008006244                USB_HC_Init
 .text.USB_HC_StartXfer
                0x000000000800649c      0x4f4 ./Drivers/STM32F4xx_HAL_Driver/Src/stm32f4xx_ll_usb.o
                0x000000000800649c                USB_HC_StartXfer
 .text.USB_HC_ReadInterrupt
                0x0000000008006990       0x22 ./Drivers/STM32F4xx_HAL_Driver/Src/stm32f4xx_ll_usb.o
                0x0000000008006990                USB_HC_ReadInterrupt
 .text.USB_HC_Halt
                0x00000000080069b2      0x240 ./Drivers/STM32F4xx_HAL_Driver/Src/stm32f4xx_ll_usb.o
                0x00000000080069b2                USB_HC_Halt
 *fill*         0x0000000008006bf2        0x2 
 .text.USB_DoPing
                0x0000000008006bf4       0x78 ./Drivers/STM32F4xx_HAL_Driver/Src/stm32f4xx_ll_usb.o
                0x0000000008006bf4                USB_DoPing
 .text.USB_StopHost
                0x0000000008006c6c      0x124 ./Drivers/STM32F4xx_HAL_Driver/Src/stm32f4xx_ll_usb.o
                0x0000000008006c6c                USB_StopHost
 .text.MX_FATFS_Init
                0x0000000008006d90       0x24 ./FATFS/App/fatfs.o
                0x0000000008006d90                MX_FATFS_Init
 .text.get_fattime
                0x0000000008006db4       0x10 ./FATFS/App/fatfs.o
                0x0000000008006db4                get_fattime
 .text.USBH_initialize
                0x0000000008006dc4       0x18 ./FATFS/Target/usbh_diskio.o
                0x0000000008006dc4                USBH_initialize
 .text.USBH_status
                0x0000000008006ddc       0x38 ./FATFS/Target/usbh_diskio.o
                0x0000000008006ddc                USBH_status
 .text.USBH_read
                0x0000000008006e14       0x74 ./FATFS/Target/usbh_diskio.o
                0x0000000008006e14                USBH_read
 .text.USBH_write
                0x0000000008006e88       0x84 ./FATFS/Target/usbh_diskio.o
                0x0000000008006e88                USBH_write
 .text.USBH_ioctl
                0x0000000008006f0c       0xd8 ./FATFS/Target/usbh_diskio.o
                0x0000000008006f0c                USBH_ioctl
 .text.USBH_MSC_InterfaceInit
                0x0000000008006fe4      0x244 ./Middlewares/ST/STM32_USB_Host_Library/Class/MSC/Src/usbh_msc.o
 .text.USBH_MSC_InterfaceDeInit
                0x0000000008007228       0x8c ./Middlewares/ST/STM32_USB_Host_Library/Class/MSC/Src/usbh_msc.o
 .text.USBH_MSC_ClassRequest
                0x00000000080072b4       0xce ./Middlewares/ST/STM32_USB_Host_Library/Class/MSC/Src/usbh_msc.o
 *fill*         0x0000000008007382        0x2 
 .text.USBH_MSC_Process
                0x0000000008007384      0x5b0 ./Middlewares/ST/STM32_USB_Host_Library/Class/MSC/Src/usbh_msc.o
 .text.USBH_MSC_SOFProcess
                0x0000000008007934       0x16 ./Middlewares/ST/STM32_USB_Host_Library/Class/MSC/Src/usbh_msc.o
 .text.USBH_MSC_RdWrProcess
                0x000000000800794a      0x1a0 ./Middlewares/ST/STM32_USB_Host_Library/Class/MSC/Src/usbh_msc.o
 .text.USBH_MSC_UnitIsReady
                0x0000000008007aea       0x56 ./Middlewares/ST/STM32_USB_Host_Library/Class/MSC/Src/usbh_msc.o
                0x0000000008007aea                USBH_MSC_UnitIsReady
 .text.USBH_MSC_GetLUNInfo
                0x0000000008007b40       0x52 ./Middlewares/ST/STM32_USB_Host_Library/Class/MSC/Src/usbh_msc.o
                0x0000000008007b40                USBH_MSC_GetLUNInfo
 .text.USBH_MSC_Read
                0x0000000008007b92       0xc0 ./Middlewares/ST/STM32_USB_Host_Library/Class/MSC/Src/usbh_msc.o
                0x0000000008007b92                USBH_MSC_Read
 .text.USBH_MSC_Write
                0x0000000008007c52       0xc0 ./Middlewares/ST/STM32_USB_Host_Library/Class/MSC/Src/usbh_msc.o
                0x0000000008007c52                USBH_MSC_Write
 .text.USBH_MSC_BOT_REQ_Reset
                0x0000000008007d12       0x3a ./Middlewares/ST/STM32_USB_Host_Library/Class/MSC/Src/usbh_msc_bot.o
                0x0000000008007d12                USBH_MSC_BOT_REQ_Reset
 .text.USBH_MSC_BOT_REQ_GetMaxLUN
                0x0000000008007d4c       0x3c ./Middlewares/ST/STM32_USB_Host_Library/Class/MSC/Src/usbh_msc_bot.o
                0x0000000008007d4c                USBH_MSC_BOT_REQ_GetMaxLUN
 .text.USBH_MSC_BOT_Init
                0x0000000008007d88       0x44 ./Middlewares/ST/STM32_USB_Host_Library/Class/MSC/Src/usbh_msc_bot.o
                0x0000000008007d88                USBH_MSC_BOT_Init
 .text.USBH_MSC_BOT_Process
                0x0000000008007dcc      0x39c ./Middlewares/ST/STM32_USB_Host_Library/Class/MSC/Src/usbh_msc_bot.o
                0x0000000008007dcc                USBH_MSC_BOT_Process
 .text.USBH_MSC_BOT_Abort
                0x0000000008008168       0x58 ./Middlewares/ST/STM32_USB_Host_Library/Class/MSC/Src/usbh_msc_bot.o
 .text.USBH_MSC_DecodeCSW
                0x00000000080081c0       0x88 ./Middlewares/ST/STM32_USB_Host_Library/Class/MSC/Src/usbh_msc_bot.o
 .text.USBH_MSC_SCSI_TestUnitReady
                0x0000000008008248       0x86 ./Middlewares/ST/STM32_USB_Host_Library/Class/MSC/Src/usbh_msc_scsi.o
                0x0000000008008248                USBH_MSC_SCSI_TestUnitReady
 .text.USBH_MSC_SCSI_ReadCapacity
                0x00000000080082ce       0xf6 ./Middlewares/ST/STM32_USB_Host_Library/Class/MSC/Src/usbh_msc_scsi.o
                0x00000000080082ce                USBH_MSC_SCSI_ReadCapacity
 .text.USBH_MSC_SCSI_Inquiry
                0x00000000080083c4      0x14a ./Middlewares/ST/STM32_USB_Host_Library/Class/MSC/Src/usbh_msc_scsi.o
                0x00000000080083c4                USBH_MSC_SCSI_Inquiry
 .text.USBH_MSC_SCSI_RequestSense
                0x000000000800850e       0xfe ./Middlewares/ST/STM32_USB_Host_Library/Class/MSC/Src/usbh_msc_scsi.o
                0x000000000800850e                USBH_MSC_SCSI_RequestSense
 .text.USBH_MSC_SCSI_Write
                0x000000000800860c       0xe0 ./Middlewares/ST/STM32_USB_Host_Library/Class/MSC/Src/usbh_msc_scsi.o
                0x000000000800860c                USBH_MSC_SCSI_Write
 .text.USBH_MSC_SCSI_Read
                0x00000000080086ec       0xe0 ./Middlewares/ST/STM32_USB_Host_Library/Class/MSC/Src/usbh_msc_scsi.o
                0x00000000080086ec                USBH_MSC_SCSI_Read
 .text.USBH_Init
                0x00000000080087cc       0x74 ./Middlewares/ST/STM32_USB_Host_Library/Core/Src/usbh_core.o
                0x00000000080087cc                USBH_Init
 .text.DeInitStateMachine
                0x0000000008008840       0xe2 ./Middlewares/ST/STM32_USB_Host_Library/Core/Src/usbh_core.o
 .text.USBH_RegisterClass
                0x0000000008008922       0x54 ./Middlewares/ST/STM32_USB_Host_Library/Core/Src/usbh_core.o
                0x0000000008008922                USBH_RegisterClass
 .text.USBH_SelectInterface
                0x0000000008008976       0x38 ./Middlewares/ST/STM32_USB_Host_Library/Core/Src/usbh_core.o
                0x0000000008008976                USBH_SelectInterface
 .text.USBH_FindInterface
                0x00000000080089ae       0x8c ./Middlewares/ST/STM32_USB_Host_Library/Core/Src/usbh_core.o
                0x00000000080089ae                USBH_FindInterface
 .text.USBH_Start
                0x0000000008008a3a       0x20 ./Middlewares/ST/STM32_USB_Host_Library/Core/Src/usbh_core.o
                0x0000000008008a3a                USBH_Start
 *fill*         0x0000000008008a5a        0x2 
 .text.USBH_Process
                0x0000000008008a5c      0x3d8 ./Middlewares/ST/STM32_USB_Host_Library/Core/Src/usbh_core.o
                0x0000000008008a5c                USBH_Process
 .text.USBH_HandleEnum
                0x0000000008008e34      0x3c8 ./Middlewares/ST/STM32_USB_Host_Library/Core/Src/usbh_core.o
 .text.USBH_LL_SetTimer
                0x00000000080091fc       0x1e ./Middlewares/ST/STM32_USB_Host_Library/Core/Src/usbh_core.o
                0x00000000080091fc                USBH_LL_SetTimer
 .text.USBH_LL_IncTimer
                0x000000000800921a       0x24 ./Middlewares/ST/STM32_USB_Host_Library/Core/Src/usbh_core.o
                0x000000000800921a                USBH_LL_IncTimer
 .text.USBH_HandleSof
                0x000000000800923e       0x30 ./Middlewares/ST/STM32_USB_Host_Library/Core/Src/usbh_core.o
 .text.USBH_LL_PortEnabled
                0x000000000800926e       0x1c ./Middlewares/ST/STM32_USB_Host_Library/Core/Src/usbh_core.o
                0x000000000800926e                USBH_LL_PortEnabled
 .text.USBH_LL_PortDisabled
                0x000000000800928a       0x24 ./Middlewares/ST/STM32_USB_Host_Library/Core/Src/usbh_core.o
                0x000000000800928a                USBH_LL_PortDisabled
 .text.USBH_LL_Connect
                0x00000000080092ae       0x2e ./Middlewares/ST/STM32_USB_Host_Library/Core/Src/usbh_core.o
                0x00000000080092ae                USBH_LL_Connect
 .text.USBH_LL_Disconnect
                0x00000000080092dc       0x48 ./Middlewares/ST/STM32_USB_Host_Library/Core/Src/usbh_core.o
                0x00000000080092dc                USBH_LL_Disconnect
 .text.USBH_Get_DevDesc
                0x0000000008009324       0x58 ./Middlewares/ST/STM32_USB_Host_Library/Core/Src/usbh_ctlreq.o
                0x0000000008009324                USBH_Get_DevDesc
 .text.USBH_Get_CfgDesc
                0x000000000800937c       0x54 ./Middlewares/ST/STM32_USB_Host_Library/Core/Src/usbh_ctlreq.o
                0x000000000800937c                USBH_Get_CfgDesc
 .text.USBH_Get_StringDesc
                0x00000000080093d0       0x68 ./Middlewares/ST/STM32_USB_Host_Library/Core/Src/usbh_ctlreq.o
                0x00000000080093d0                USBH_Get_StringDesc
 .text.USBH_GetDescriptor
                0x0000000008009438       0x6a ./Middlewares/ST/STM32_USB_Host_Library/Core/Src/usbh_ctlreq.o
                0x0000000008009438                USBH_GetDescriptor
 .text.USBH_SetAddress
                0x00000000080094a2       0x48 ./Middlewares/ST/STM32_USB_Host_Library/Core/Src/usbh_ctlreq.o
                0x00000000080094a2                USBH_SetAddress
 .text.USBH_SetCfg
                0x00000000080094ea       0x46 ./Middlewares/ST/STM32_USB_Host_Library/Core/Src/usbh_ctlreq.o
                0x00000000080094ea                USBH_SetCfg
 .text.USBH_SetFeature
                0x0000000008009530       0x48 ./Middlewares/ST/STM32_USB_Host_Library/Core/Src/usbh_ctlreq.o
                0x0000000008009530                USBH_SetFeature
 .text.USBH_ClrFeature
                0x0000000008009578       0x48 ./Middlewares/ST/STM32_USB_Host_Library/Core/Src/usbh_ctlreq.o
                0x0000000008009578                USBH_ClrFeature
 .text.USBH_ParseDevDesc
                0x00000000080095c0      0x168 ./Middlewares/ST/STM32_USB_Host_Library/Core/Src/usbh_ctlreq.o
 .text.USBH_ParseCfgDesc
                0x0000000008009728      0x1fa ./Middlewares/ST/STM32_USB_Host_Library/Core/Src/usbh_ctlreq.o
 .text.USBH_ParseInterfaceDesc
                0x0000000008009922       0x5e ./Middlewares/ST/STM32_USB_Host_Library/Core/Src/usbh_ctlreq.o
 .text.USBH_ParseEPDesc
                0x0000000008009980      0x1d2 ./Middlewares/ST/STM32_USB_Host_Library/Core/Src/usbh_ctlreq.o
 .text.USBH_ParseStringDesc
                0x0000000008009b52       0x66 ./Middlewares/ST/STM32_USB_Host_Library/Core/Src/usbh_ctlreq.o
 .text.USBH_GetNextDesc
                0x0000000008009bb8       0x36 ./Middlewares/ST/STM32_USB_Host_Library/Core/Src/usbh_ctlreq.o
                0x0000000008009bb8                USBH_GetNextDesc
 .text.USBH_CtlReq
                0x0000000008009bee       0x7a ./Middlewares/ST/STM32_USB_Host_Library/Core/Src/usbh_ctlreq.o
                0x0000000008009bee                USBH_CtlReq
 .text.USBH_HandleControl
                0x0000000008009c68      0x2ec ./Middlewares/ST/STM32_USB_Host_Library/Core/Src/usbh_ctlreq.o
 .text.USBH_CtlSendSetup
                0x0000000008009f54       0x34 ./Middlewares/ST/STM32_USB_Host_Library/Core/Src/usbh_ioreq.o
                0x0000000008009f54                USBH_CtlSendSetup
 .text.USBH_CtlSendData
                0x0000000008009f88       0x4a ./Middlewares/ST/STM32_USB_Host_Library/Core/Src/usbh_ioreq.o
                0x0000000008009f88                USBH_CtlSendData
 .text.USBH_CtlReceiveData
                0x0000000008009fd2       0x3c ./Middlewares/ST/STM32_USB_Host_Library/Core/Src/usbh_ioreq.o
                0x0000000008009fd2                USBH_CtlReceiveData
 .text.USBH_BulkSendData
                0x000000000800a00e       0x4a ./Middlewares/ST/STM32_USB_Host_Library/Core/Src/usbh_ioreq.o
                0x000000000800a00e                USBH_BulkSendData
 .text.USBH_BulkReceiveData
                0x000000000800a058       0x3c ./Middlewares/ST/STM32_USB_Host_Library/Core/Src/usbh_ioreq.o
                0x000000000800a058                USBH_BulkReceiveData
 .text.USBH_OpenPipe
                0x000000000800a094       0x3e ./Middlewares/ST/STM32_USB_Host_Library/Core/Src/usbh_pipes.o
                0x000000000800a094                USBH_OpenPipe
 .text.USBH_ClosePipe
                0x000000000800a0d2       0x20 ./Middlewares/ST/STM32_USB_Host_Library/Core/Src/usbh_pipes.o
                0x000000000800a0d2                USBH_ClosePipe
 .text.USBH_AllocPipe
                0x000000000800a0f2       0x42 ./Middlewares/ST/STM32_USB_Host_Library/Core/Src/usbh_pipes.o
                0x000000000800a0f2                USBH_AllocPipe
 .text.USBH_FreePipe
                0x000000000800a134       0x3c ./Middlewares/ST/STM32_USB_Host_Library/Core/Src/usbh_pipes.o
                0x000000000800a134                USBH_FreePipe
 .text.USBH_GetFreePipe
                0x000000000800a170       0x48 ./Middlewares/ST/STM32_USB_Host_Library/Core/Src/usbh_pipes.o
 .text.disk_status
                0x000000000800a1b8       0x34 ./Middlewares/Third_Party/FatFs/src/diskio.o
                0x000000000800a1b8                disk_status
 .text.disk_initialize
                0x000000000800a1ec       0x50 ./Middlewares/Third_Party/FatFs/src/diskio.o
                0x000000000800a1ec                disk_initialize
 .text.disk_read
                0x000000000800a23c       0x40 ./Middlewares/Third_Party/FatFs/src/diskio.o
                0x000000000800a23c                disk_read
 .text.disk_write
                0x000000000800a27c       0x40 ./Middlewares/Third_Party/FatFs/src/diskio.o
                0x000000000800a27c                disk_write
 .text.disk_ioctl
                0x000000000800a2bc       0x3c ./Middlewares/Third_Party/FatFs/src/diskio.o
                0x000000000800a2bc                disk_ioctl
 .text.ld_word  0x000000000800a2f8       0x30 ./Middlewares/Third_Party/FatFs/src/ff.o
 .text.ld_dword
                0x000000000800a328       0x46 ./Middlewares/Third_Party/FatFs/src/ff.o
 .text.ld_qword
                0x000000000800a36e      0x1b6 ./Middlewares/Third_Party/FatFs/src/ff.o
 .text.st_word  0x000000000800a524       0x36 ./Middlewares/Third_Party/FatFs/src/ff.o
 .text.st_dword
                0x000000000800a55a       0x58 ./Middlewares/Third_Party/FatFs/src/ff.o
 .text.st_qword
                0x000000000800a5b2      0x110 ./Middlewares/Third_Party/FatFs/src/ff.o
 .text.mem_cpy  0x000000000800a6c2       0x42 ./Middlewares/Third_Party/FatFs/src/ff.o
 .text.mem_set  0x000000000800a704       0x36 ./Middlewares/Third_Party/FatFs/src/ff.o
 .text.mem_cmp  0x000000000800a73a       0x4e ./Middlewares/Third_Party/FatFs/src/ff.o
 .text.chk_chr  0x000000000800a788       0x36 ./Middlewares/Third_Party/FatFs/src/ff.o
 *fill*         0x000000000800a7be        0x2 
 .text.chk_lock
                0x000000000800a7c0       0xb8 ./Middlewares/Third_Party/FatFs/src/ff.o
 .text.enq_lock
                0x000000000800a878       0x44 ./Middlewares/Third_Party/FatFs/src/ff.o
 .text.inc_lock
                0x000000000800a8bc      0x11c ./Middlewares/Third_Party/FatFs/src/ff.o
 .text.dec_lock
                0x000000000800a9d8       0x78 ./Middlewares/Third_Party/FatFs/src/ff.o
 .text.clear_lock
                0x000000000800aa50       0x48 ./Middlewares/Third_Party/FatFs/src/ff.o
 .text.sync_window
                0x000000000800aa98       0x88 ./Middlewares/Third_Party/FatFs/src/ff.o
 .text.move_window
                0x000000000800ab20       0x5a ./Middlewares/Third_Party/FatFs/src/ff.o
 *fill*         0x000000000800ab7a        0x2 
 .text.sync_fs  0x000000000800ab7c       0xe0 ./Middlewares/Third_Party/FatFs/src/ff.o
 .text.clust2sect
                0x000000000800ac5c       0x3e ./Middlewares/Third_Party/FatFs/src/ff.o
 *fill*         0x000000000800ac9a        0x2 
 .text.get_fat  0x000000000800ac9c      0x2ac ./Middlewares/Third_Party/FatFs/src/ff.o
 .text.put_fat  0x000000000800af48      0x23c ./Middlewares/Third_Party/FatFs/src/ff.o
 .text.find_bitmap
                0x000000000800b184      0x10e ./Middlewares/Third_Party/FatFs/src/ff.o
 .text.change_bitmap
                0x000000000800b292       0xea ./Middlewares/Third_Party/FatFs/src/ff.o
 .text.fill_first_frag
                0x000000000800b37c       0x5e ./Middlewares/Third_Party/FatFs/src/ff.o
 .text.fill_last_frag
                0x000000000800b3da       0x62 ./Middlewares/Third_Party/FatFs/src/ff.o
 .text.remove_chain
                0x000000000800b43c      0x168 ./Middlewares/Third_Party/FatFs/src/ff.o
 .text.create_chain
                0x000000000800b5a4      0x202 ./Middlewares/Third_Party/FatFs/src/ff.o
 .text.clmt_clust
                0x000000000800b7a6       0x98 ./Middlewares/Third_Party/FatFs/src/ff.o
 .text.dir_sdi  0x000000000800b83e      0x128 ./Middlewares/Third_Party/FatFs/src/ff.o
 .text.dir_next
                0x000000000800b966      0x1cc ./Middlewares/Third_Party/FatFs/src/ff.o
 .text.dir_alloc
                0x000000000800bb32       0xb8 ./Middlewares/Third_Party/FatFs/src/ff.o
 .text.ld_clust
                0x000000000800bbea       0x3e ./Middlewares/Third_Party/FatFs/src/ff.o
 .text.st_clust
                0x000000000800bc28       0x40 ./Middlewares/Third_Party/FatFs/src/ff.o
 .text.cmp_lfn  0x000000000800bc68       0xe0 ./Middlewares/Third_Party/FatFs/src/ff.o
 .text.pick_lfn
                0x000000000800bd48       0xc8 ./Middlewares/Third_Party/FatFs/src/ff.o
 .text.put_lfn  0x000000000800be10       0xd0 ./Middlewares/Third_Party/FatFs/src/ff.o
 .text.gen_numname
                0x000000000800bee0      0x11c ./Middlewares/Third_Party/FatFs/src/ff.o
 .text.sum_sfn  0x000000000800bffc       0x42 ./Middlewares/Third_Party/FatFs/src/ff.o
 .text.xdir_sum
                0x000000000800c03e       0x66 ./Middlewares/Third_Party/FatFs/src/ff.o
 .text.xname_sum
                0x000000000800c0a4       0x68 ./Middlewares/Third_Party/FatFs/src/ff.o
 .text.get_xdir_info
                0x000000000800c10c      0x104 ./Middlewares/Third_Party/FatFs/src/ff.o
 .text.load_xdir
                0x000000000800c210      0x17c ./Middlewares/Third_Party/FatFs/src/ff.o
 .text.load_obj_dir
                0x000000000800c38c       0x6c ./Middlewares/Third_Party/FatFs/src/ff.o
 .text.store_xdir
                0x000000000800c3f8       0xb6 ./Middlewares/Third_Party/FatFs/src/ff.o
 .text.create_xdir
                0x000000000800c4ae       0xce ./Middlewares/Third_Party/FatFs/src/ff.o
 .text.dir_read
                0x000000000800c57c      0x18e ./Middlewares/Third_Party/FatFs/src/ff.o
 .text.dir_find
                0x000000000800c70a      0x252 ./Middlewares/Third_Party/FatFs/src/ff.o
 .text.dir_register
                0x000000000800c95c      0x354 ./Middlewares/Third_Party/FatFs/src/ff.o
 .text.get_fileinfo
                0x000000000800ccb0      0x1d8 ./Middlewares/Third_Party/FatFs/src/ff.o
 .text.create_name
                0x000000000800ce88      0x370 ./Middlewares/Third_Party/FatFs/src/ff.o
 .text.follow_path
                0x000000000800d1f8      0x15c ./Middlewares/Third_Party/FatFs/src/ff.o
 .text.get_ldnumber
                0x000000000800d354       0x88 ./Middlewares/Third_Party/FatFs/src/ff.o
 .text.check_fs
                0x000000000800d3dc       0xc8 ./Middlewares/Third_Party/FatFs/src/ff.o
 .text.find_volume
                0x000000000800d4a4      0x734 ./Middlewares/Third_Party/FatFs/src/ff.o
 .text.validate
                0x000000000800dbd8       0x6a ./Middlewares/Third_Party/FatFs/src/ff.o
 *fill*         0x000000000800dc42        0x2 
 .text.f_mount  0x000000000800dc44       0x8c ./Middlewares/Third_Party/FatFs/src/ff.o
                0x000000000800dc44                f_mount
 .text.f_open   0x000000000800dcd0      0x5a6 ./Middlewares/Third_Party/FatFs/src/ff.o
                0x000000000800dcd0                f_open
 .text.f_write  0x000000000800e276      0x3ae ./Middlewares/Third_Party/FatFs/src/ff.o
                0x000000000800e276                f_write
 .text.f_sync   0x000000000800e624      0x23c ./Middlewares/Third_Party/FatFs/src/ff.o
                0x000000000800e624                f_sync
 .text.f_close  0x000000000800e860       0x54 ./Middlewares/Third_Party/FatFs/src/ff.o
                0x000000000800e860                f_close
 .text.f_opendir
                0x000000000800e8b4      0x152 ./Middlewares/Third_Party/FatFs/src/ff.o
                0x000000000800e8b4                f_opendir
 .text.f_closedir
                0x000000000800ea06       0x4c ./Middlewares/Third_Party/FatFs/src/ff.o
                0x000000000800ea06                f_closedir
 .text.f_readdir
                0x000000000800ea52       0x7a ./Middlewares/Third_Party/FatFs/src/ff.o
                0x000000000800ea52                f_readdir
 .text.f_stat   0x000000000800eacc       0x72 ./Middlewares/Third_Party/FatFs/src/ff.o
                0x000000000800eacc                f_stat
 .text.f_getfree
                0x000000000800eb3e      0x20e ./Middlewares/Third_Party/FatFs/src/ff.o
                0x000000000800eb3e                f_getfree
 .text.f_mkdir  0x000000000800ed4c      0x29c ./Middlewares/Third_Party/FatFs/src/ff.o
                0x000000000800ed4c                f_mkdir
 .text.FATFS_LinkDriverEx
                0x000000000800efe8       0x98 ./Middlewares/Third_Party/FatFs/src/ff_gen_drv.o
                0x000000000800efe8                FATFS_LinkDriverEx
 .text.FATFS_LinkDriver
                0x000000000800f080       0x1e ./Middlewares/Third_Party/FatFs/src/ff_gen_drv.o
                0x000000000800f080                FATFS_LinkDriver
 *fill*         0x000000000800f09e        0x2 
 .text.ff_convert
                0x000000000800f0a0       0x78 ./Middlewares/Third_Party/FatFs/src/option/ccsbcs.o
                0x000000000800f0a0                ff_convert
 .text.ff_wtoupper
                0x000000000800f118      0x114 ./Middlewares/Third_Party/FatFs/src/option/ccsbcs.o
                0x000000000800f118                ff_wtoupper
 .text.MX_USB_HOST_Init
                0x000000000800f22c       0x4c ./USB_HOST/App/usb_host.o
                0x000000000800f22c                MX_USB_HOST_Init
 .text.MX_USB_HOST_Process
                0x000000000800f278       0x14 ./USB_HOST/App/usb_host.o
                0x000000000800f278                MX_USB_HOST_Process
 .text.USBH_UserProcess
                0x000000000800f28c       0xd8 ./USB_HOST/App/usb_host.o
 .text.HAL_HCD_MspInit
                0x000000000800f364       0xa8 ./USB_HOST/Target/usbh_conf.o
                0x000000000800f364                HAL_HCD_MspInit
 .text.HAL_HCD_SOF_Callback
                0x000000000800f40c       0x1c ./USB_HOST/Target/usbh_conf.o
                0x000000000800f40c                HAL_HCD_SOF_Callback
 .text.HAL_HCD_Connect_Callback
                0x000000000800f428       0x1c ./USB_HOST/Target/usbh_conf.o
                0x000000000800f428                HAL_HCD_Connect_Callback
 .text.HAL_HCD_Disconnect_Callback
                0x000000000800f444       0x1c ./USB_HOST/Target/usbh_conf.o
                0x000000000800f444                HAL_HCD_Disconnect_Callback
 .text.HAL_HCD_HC_NotifyURBChange_Callback
                0x000000000800f460       0x1c ./USB_HOST/Target/usbh_conf.o
                0x000000000800f460                HAL_HCD_HC_NotifyURBChange_Callback
 .text.HAL_HCD_PortEnabled_Callback
                0x000000000800f47c       0x1c ./USB_HOST/Target/usbh_conf.o
                0x000000000800f47c                HAL_HCD_PortEnabled_Callback
 .text.HAL_HCD_PortDisabled_Callback
                0x000000000800f498       0x1c ./USB_HOST/Target/usbh_conf.o
                0x000000000800f498                HAL_HCD_PortDisabled_Callback
 .text.USBH_LL_Init
                0x000000000800f4b4       0x78 ./USB_HOST/Target/usbh_conf.o
                0x000000000800f4b4                USBH_LL_Init
 .text.USBH_LL_Start
                0x000000000800f52c       0x36 ./USB_HOST/Target/usbh_conf.o
                0x000000000800f52c                USBH_LL_Start
 .text.USBH_LL_Stop
                0x000000000800f562       0x36 ./USB_HOST/Target/usbh_conf.o
                0x000000000800f562                USBH_LL_Stop
 .text.USBH_LL_GetSpeed
                0x000000000800f598       0x4e ./USB_HOST/Target/usbh_conf.o
                0x000000000800f598                USBH_LL_GetSpeed
 .text.USBH_LL_ResetPort
                0x000000000800f5e6       0x36 ./USB_HOST/Target/usbh_conf.o
                0x000000000800f5e6                USBH_LL_ResetPort
 .text.USBH_LL_GetLastXferSize
                0x000000000800f61c       0x26 ./USB_HOST/Target/usbh_conf.o
                0x000000000800f61c                USBH_LL_GetLastXferSize
 .text.USBH_LL_OpenPipe
                0x000000000800f642       0x5e ./USB_HOST/Target/usbh_conf.o
                0x000000000800f642                USBH_LL_OpenPipe
 .text.USBH_LL_ClosePipe
                0x000000000800f6a0       0x1a ./USB_HOST/Target/usbh_conf.o
                0x000000000800f6a0                USBH_LL_ClosePipe
 .text.USBH_LL_SubmitURB
                0x000000000800f6ba       0x62 ./USB_HOST/Target/usbh_conf.o
                0x000000000800f6ba                USBH_LL_SubmitURB
 .text.USBH_LL_GetURBState
                0x000000000800f71c       0x26 ./USB_HOST/Target/usbh_conf.o
                0x000000000800f71c                USBH_LL_GetURBState
 .text.USBH_LL_DriverVBUS
                0x000000000800f742       0x1c ./USB_HOST/Target/usbh_conf.o
                0x000000000800f742                USBH_LL_DriverVBUS
 .text.USBH_LL_SetToggle
                0x000000000800f75e       0x66 ./USB_HOST/Target/usbh_conf.o
                0x000000000800f75e                USBH_LL_SetToggle
 .text.USBH_LL_GetToggle
                0x000000000800f7c4       0x66 ./USB_HOST/Target/usbh_conf.o
                0x000000000800f7c4                USBH_LL_GetToggle
 .text.USBH_Delay
                0x000000000800f82a       0x16 ./USB_HOST/Target/usbh_conf.o
                0x000000000800f82a                USBH_Delay
 .text.USBH_Get_USB_Status
                0x000000000800f840       0x58 ./USB_HOST/Target/usbh_conf.o
                0x000000000800f840                USBH_Get_USB_Status
 .text.malloc   0x000000000800f898       0x10 C:/ST/STM32CubeIDE_1.13.2/STM32CubeIDE/plugins/com.st.stm32cube.ide.mcu.externaltools.gnu-tools-for-stm32.11.3.rel1.win32_1.1.1.202309131626/tools/bin/../lib/gcc/arm-none-eabi/11.3.1/../../../../arm-none-eabi/lib/thumb/v7e-m+fp/hard\libc_nano.a(libc_a-malloc.o)
                0x000000000800f898                malloc
 .text.free     0x000000000800f8a8       0x10 C:/ST/STM32CubeIDE_1.13.2/STM32CubeIDE/plugins/com.st.stm32cube.ide.mcu.externaltools.gnu-tools-for-stm32.11.3.rel1.win32_1.1.1.202309131626/tools/bin/../lib/gcc/arm-none-eabi/11.3.1/../../../../arm-none-eabi/lib/thumb/v7e-m+fp/hard\libc_nano.a(libc_a-malloc.o)
                0x000000000800f8a8                free
 .text.sbrk_aligned
                0x000000000800f8b8       0x40 C:/ST/STM32CubeIDE_1.13.2/STM32CubeIDE/plugins/com.st.stm32cube.ide.mcu.externaltools.gnu-tools-for-stm32.11.3.rel1.win32_1.1.1.202309131626/tools/bin/../lib/gcc/arm-none-eabi/11.3.1/../../../../arm-none-eabi/lib/thumb/v7e-m+fp/hard\libc_nano.a(libc_a-mallocr.o)
 .text._malloc_r
                0x000000000800f8f8      0x100 C:/ST/STM32CubeIDE_1.13.2/STM32CubeIDE/plugins/com.st.stm32cube.ide.mcu.externaltools.gnu-tools-for-stm32.11.3.rel1.win32_1.1.1.202309131626/tools/bin/../lib/gcc/arm-none-eabi/11.3.1/../../../../arm-none-eabi/lib/thumb/v7e-m+fp/hard\libc_nano.a(libc_a-mallocr.o)
                0x000000000800f8f8                _malloc_r
 .text.__malloc_lock
                0x000000000800f9f8        0xc C:/ST/STM32CubeIDE_1.13.2/STM32CubeIDE/plugins/com.st.stm32cube.ide.mcu.externaltools.gnu-tools-for-stm32.11.3.rel1.win32_1.1.1.202309131626/tools/bin/../lib/gcc/arm-none-eabi/11.3.1/../../../../arm-none-eabi/lib/thumb/v7e-m+fp/hard\libc_nano.a(libc_a-mlock.o)
                0x000000000800f9f8                __malloc_lock
 .text.__malloc_unlock
                0x000000000800fa04        0xc C:/ST/STM32CubeIDE_1.13.2/STM32CubeIDE/plugins/com.st.stm32cube.ide.mcu.externaltools.gnu-tools-for-stm32.11.3.rel1.win32_1.1.1.202309131626/tools/bin/../lib/gcc/arm-none-eabi/11.3.1/../../../../arm-none-eabi/lib/thumb/v7e-m+fp/hard\libc_nano.a(libc_a-mlock.o)
                0x000000000800fa04                __malloc_unlock
 .text.sprintf  0x000000000800fa10       0x40 C:/ST/STM32CubeIDE_1.13.2/STM32CubeIDE/plugins/com.st.stm32cube.ide.mcu.externaltools.gnu-tools-for-stm32.11.3.rel1.win32_1.1.1.202309131626/tools/bin/../lib/gcc/arm-none-eabi/11.3.1/../../../../arm-none-eabi/lib/thumb/v7e-m+fp/hard\libc_nano.a(libc_a-sprintf.o)
                0x000000000800fa10                siprintf
                0x000000000800fa10                sprintf
 .text.memset   0x000000000800fa50       0x10 C:/ST/STM32CubeIDE_1.13.2/STM32CubeIDE/plugins/com.st.stm32cube.ide.mcu.externaltools.gnu-tools-for-stm32.11.3.rel1.win32_1.1.1.202309131626/tools/bin/../lib/gcc/arm-none-eabi/11.3.1/../../../../arm-none-eabi/lib/thumb/v7e-m+fp/hard\libc_nano.a(libc_a-memset.o)
                0x000000000800fa50                memset
 .text._sbrk_r  0x000000000800fa60       0x20 C:/ST/STM32CubeIDE_1.13.2/STM32CubeIDE/plugins/com.st.stm32cube.ide.mcu.externaltools.gnu-tools-for-stm32.11.3.rel1.win32_1.1.1.202309131626/tools/bin/../lib/gcc/arm-none-eabi/11.3.1/../../../../arm-none-eabi/lib/thumb/v7e-m+fp/hard\libc_nano.a(libc_a-sbrkr.o)
                0x000000000800fa60                _sbrk_r
 .text.__errno  0x000000000800fa80        0xc C:/ST/STM32CubeIDE_1.13.2/STM32CubeIDE/plugins/com.st.stm32cube.ide.mcu.externaltools.gnu-tools-for-stm32.11.3.rel1.win32_1.1.1.202309131626/tools/bin/../lib/gcc/arm-none-eabi/11.3.1/../../../../arm-none-eabi/lib/thumb/v7e-m+fp/hard\libc_nano.a(libc_a-errno.o)
                0x000000000800fa80                __errno
 .text.__libc_init_array
                0x000000000800fa8c       0x48 C:/ST/STM32CubeIDE_1.13.2/STM32CubeIDE/plugins/com.st.stm32cube.ide.mcu.externaltools.gnu-tools-for-stm32.11.3.rel1.win32_1.1.1.202309131626/tools/bin/../lib/gcc/arm-none-eabi/11.3.1/../../../../arm-none-eabi/lib/thumb/v7e-m+fp/hard\libc_nano.a(libc_a-init.o)
                0x000000000800fa8c                __libc_init_array
 .text.__retarget_lock_acquire_recursive
                0x000000000800fad4        0x2 C:/ST/STM32CubeIDE_1.13.2/STM32CubeIDE/plugins/com.st.stm32cube.ide.mcu.externaltools.gnu-tools-for-stm32.11.3.rel1.win32_1.1.1.202309131626/tools/bin/../lib/gcc/arm-none-eabi/11.3.1/../../../../arm-none-eabi/lib/thumb/v7e-m+fp/hard\libc_nano.a(libc_a-lock.o)
                0x000000000800fad4                __retarget_lock_acquire_recursive
 .text.__retarget_lock_release_recursive
                0x000000000800fad6        0x2 C:/ST/STM32CubeIDE_1.13.2/STM32CubeIDE/plugins/com.st.stm32cube.ide.mcu.externaltools.gnu-tools-for-stm32.11.3.rel1.win32_1.1.1.202309131626/tools/bin/../lib/gcc/arm-none-eabi/11.3.1/../../../../arm-none-eabi/lib/thumb/v7e-m+fp/hard\libc_nano.a(libc_a-lock.o)
                0x000000000800fad6                __retarget_lock_release_recursive
 .text.memcpy   0x000000000800fad8       0x1c C:/ST/STM32CubeIDE_1.13.2/STM32CubeIDE/plugins/com.st.stm32cube.ide.mcu.externaltools.gnu-tools-for-stm32.11.3.rel1.win32_1.1.1.202309131626/tools/bin/../lib/gcc/arm-none-eabi/11.3.1/../../../../arm-none-eabi/lib/thumb/v7e-m+fp/hard\libc_nano.a(libc_a-memcpy-stub.o)
                0x000000000800fad8                memcpy
 .text._free_r  0x000000000800faf4       0x98 C:/ST/STM32CubeIDE_1.13.2/STM32CubeIDE/plugins/com.st.stm32cube.ide.mcu.externaltools.gnu-tools-for-stm32.11.3.rel1.win32_1.1.1.202309131626/tools/bin/../lib/gcc/arm-none-eabi/11.3.1/../../../../arm-none-eabi/lib/thumb/v7e-m+fp/hard\libc_nano.a(libc_a-freer.o)
                0x000000000800faf4                _free_r
 .text.__ssputs_r
                0x000000000800fb8c       0xb4 C:/ST/STM32CubeIDE_1.13.2/STM32CubeIDE/plugins/com.st.stm32cube.ide.mcu.externaltools.gnu-tools-for-stm32.11.3.rel1.win32_1.1.1.202309131626/tools/bin/../lib/gcc/arm-none-eabi/11.3.1/../../../../arm-none-eabi/lib/thumb/v7e-m+fp/hard\libc_nano.a(libc_a-nano-svfprintf.o)
                0x000000000800fb8c                __ssputs_r
 .text._svfprintf_r
                0x000000000800fc40      0x1fc C:/ST/STM32CubeIDE_1.13.2/STM32CubeIDE/plugins/com.st.stm32cube.ide.mcu.externaltools.gnu-tools-for-stm32.11.3.rel1.win32_1.1.1.202309131626/tools/bin/../lib/gcc/arm-none-eabi/11.3.1/../../../../arm-none-eabi/lib/thumb/v7e-m+fp/hard\libc_nano.a(libc_a-nano-svfprintf.o)
                0x000000000800fc40                _svfiprintf_r
                0x000000000800fc40                _svfprintf_r
 .text._printf_common
                0x000000000800fe3c       0xda C:/ST/STM32CubeIDE_1.13.2/STM32CubeIDE/plugins/com.st.stm32cube.ide.mcu.externaltools.gnu-tools-for-stm32.11.3.rel1.win32_1.1.1.202309131626/tools/bin/../lib/gcc/arm-none-eabi/11.3.1/../../../../arm-none-eabi/lib/thumb/v7e-m+fp/hard\libc_nano.a(libc_a-nano-vfprintf_i.o)
                0x000000000800fe3c                _printf_common
 *fill*         0x000000000800ff16        0x2 
 .text._printf_i
                0x000000000800ff18      0x244 C:/ST/STM32CubeIDE_1.13.2/STM32CubeIDE/plugins/com.st.stm32cube.ide.mcu.externaltools.gnu-tools-for-stm32.11.3.rel1.win32_1.1.1.202309131626/tools/bin/../lib/gcc/arm-none-eabi/11.3.1/../../../../arm-none-eabi/lib/thumb/v7e-m+fp/hard\libc_nano.a(libc_a-nano-vfprintf_i.o)
                0x000000000800ff18                _printf_i
 .text.memmove  0x000000000801015c       0x34 C:/ST/STM32CubeIDE_1.13.2/STM32CubeIDE/plugins/com.st.stm32cube.ide.mcu.externaltools.gnu-tools-for-stm32.11.3.rel1.win32_1.1.1.202309131626/tools/bin/../lib/gcc/arm-none-eabi/11.3.1/../../../../arm-none-eabi/lib/thumb/v7e-m+fp/hard\libc_nano.a(libc_a-memmove.o)
                0x000000000801015c                memmove
 .text._realloc_r
                0x0000000008010190       0x5e C:/ST/STM32CubeIDE_1.13.2/STM32CubeIDE/plugins/com.st.stm32cube.ide.mcu.externaltools.gnu-tools-for-stm32.11.3.rel1.win32_1.1.1.202309131626/tools/bin/../lib/gcc/arm-none-eabi/11.3.1/../../../../arm-none-eabi/lib/thumb/v7e-m+fp/hard\libc_nano.a(libc_a-reallocr.o)
                0x0000000008010190                _realloc_r
 .text._malloc_usable_size_r
                0x00000000080101ee       0x10 C:/ST/STM32CubeIDE_1.13.2/STM32CubeIDE/plugins/com.st.stm32cube.ide.mcu.externaltools.gnu-tools-for-stm32.11.3.rel1.win32_1.1.1.202309131626/tools/bin/../lib/gcc/arm-none-eabi/11.3.1/../../../../arm-none-eabi/lib/thumb/v7e-m+fp/hard\libc_nano.a(libc_a-msizer.o)
                0x00000000080101ee                _malloc_usable_size_r
 *(.glue_7)
 .glue_7        0x00000000080101fe        0x0 linker stubs
 *(.glue_7t)
 .glue_7t       0x00000000080101fe        0x0 linker stubs
 *(.eh_frame)
 *fill*         0x00000000080101fe        0x2 
 .eh_frame      0x0000000008010200        0x0 C:/ST/STM32CubeIDE_1.13.2/STM32CubeIDE/plugins/com.st.stm32cube.ide.mcu.externaltools.gnu-tools-for-stm32.11.3.rel1.win32_1.1.1.202309131626/tools/bin/../lib/gcc/arm-none-eabi/11.3.1/thumb/v7e-m+fp/hard/crtbegin.o
 *(.init)
 .init          0x0000000008010200        0x4 C:/ST/STM32CubeIDE_1.13.2/STM32CubeIDE/plugins/com.st.stm32cube.ide.mcu.externaltools.gnu-tools-for-stm32.11.3.rel1.win32_1.1.1.202309131626/tools/bin/../lib/gcc/arm-none-eabi/11.3.1/thumb/v7e-m+fp/hard/crti.o
                0x0000000008010200                _init
 .init          0x0000000008010204        0x8 C:/ST/STM32CubeIDE_1.13.2/STM32CubeIDE/plugins/com.st.stm32cube.ide.mcu.externaltools.gnu-tools-for-stm32.11.3.rel1.win32_1.1.1.202309131626/tools/bin/../lib/gcc/arm-none-eabi/11.3.1/thumb/v7e-m+fp/hard/crtn.o
 *(.fini)
 .fini          0x000000000801020c        0x4 C:/ST/STM32CubeIDE_1.13.2/STM32CubeIDE/plugins/com.st.stm32cube.ide.mcu.externaltools.gnu-tools-for-stm32.11.3.rel1.win32_1.1.1.202309131626/tools/bin/../lib/gcc/arm-none-eabi/11.3.1/thumb/v7e-m+fp/hard/crti.o
                0x000000000801020c                _fini
 .fini          0x0000000008010210        0x8 C:/ST/STM32CubeIDE_1.13.2/STM32CubeIDE/plugins/com.st.stm32cube.ide.mcu.externaltools.gnu-tools-for-stm32.11.3.rel1.win32_1.1.1.202309131626/tools/bin/../lib/gcc/arm-none-eabi/11.3.1/thumb/v7e-m+fp/hard/crtn.o
                0x0000000008010218                . = ALIGN (0x4)
                0x0000000008010218                _etext = .

.vfp11_veneer   0x0000000008010218        0x0
 .vfp11_veneer  0x0000000008010218        0x0 linker stubs

.v4_bx          0x0000000008010218        0x0
 .v4_bx         0x0000000008010218        0x0 linker stubs

.iplt           0x0000000008010218        0x0
 .iplt          0x0000000008010218        0x0 C:/ST/STM32CubeIDE_1.13.2/STM32CubeIDE/plugins/com.st.stm32cube.ide.mcu.externaltools.gnu-tools-for-stm32.11.3.rel1.win32_1.1.1.202309131626/tools/bin/../lib/gcc/arm-none-eabi/11.3.1/thumb/v7e-m+fp/hard/crtbegin.o

.rodata         0x0000000008010218      0xaf0
                0x0000000008010218                . = ALIGN (0x4)
 *(.rodata)
 .rodata        0x0000000008010218      0x4ae ./Core/Src/File_Handling.o
 *fill*         0x00000000080106c6        0x2 
 .rodata        0x00000000080106c8        0x4 ./Middlewares/ST/STM32_USB_Host_Library/Class/MSC/Src/usbh_msc.o
 .rodata        0x00000000080106cc       0x54 ./Middlewares/Third_Party/FatFs/src/ff.o
 .rodata        0x0000000008010720      0x147 ./USB_HOST/App/usb_host.o
 *(.rodata*)
 *fill*         0x0000000008010867        0x1 
 .rodata.AHBPrescTable
                0x0000000008010868       0x10 ./Core/Src/system_stm32f4xx.o
                0x0000000008010868                AHBPrescTable
 .rodata.APBPrescTable
                0x0000000008010878        0x8 ./Core/Src/system_stm32f4xx.o
                0x0000000008010878                APBPrescTable
 .rodata.USBH_Driver
                0x0000000008010880       0x14 ./FATFS/Target/usbh_diskio.o
                0x0000000008010880                USBH_Driver
 .rodata.ExCvt  0x0000000008010894       0x80 ./Middlewares/Third_Party/FatFs/src/ff.o
 .rodata.LfnOfs
                0x0000000008010914        0xd ./Middlewares/Third_Party/FatFs/src/ff.o
 *fill*         0x0000000008010921        0x3 
 .rodata.Tbl    0x0000000008010924      0x100 ./Middlewares/Third_Party/FatFs/src/option/ccsbcs.o
 .rodata.cvt1.1
                0x0000000008010a24      0x1f2 ./Middlewares/Third_Party/FatFs/src/option/ccsbcs.o
 *fill*         0x0000000008010c16        0x2 
 .rodata.cvt2.0
                0x0000000008010c18       0xbc ./Middlewares/Third_Party/FatFs/src/option/ccsbcs.o
 .rodata._svfprintf_r.str1.1
                0x0000000008010cd4       0x11 C:/ST/STM32CubeIDE_1.13.2/STM32CubeIDE/plugins/com.st.stm32cube.ide.mcu.externaltools.gnu-tools-for-stm32.11.3.rel1.win32_1.1.1.202309131626/tools/bin/../lib/gcc/arm-none-eabi/11.3.1/../../../../arm-none-eabi/lib/thumb/v7e-m+fp/hard\libc_nano.a(libc_a-nano-svfprintf.o)
 .rodata._printf_i.str1.1
                0x0000000008010ce5       0x22 C:/ST/STM32CubeIDE_1.13.2/STM32CubeIDE/plugins/com.st.stm32cube.ide.mcu.externaltools.gnu-tools-for-stm32.11.3.rel1.win32_1.1.1.202309131626/tools/bin/../lib/gcc/arm-none-eabi/11.3.1/../../../../arm-none-eabi/lib/thumb/v7e-m+fp/hard\libc_nano.a(libc_a-nano-vfprintf_i.o)
                0x0000000008010d08                . = ALIGN (0x4)
 *fill*         0x0000000008010d07        0x1 

.ARM.extab      0x0000000008010d08        0x0
                0x0000000008010d08                . = ALIGN (0x4)
 *(.ARM.extab* .gnu.linkonce.armextab.*)
                0x0000000008010d08                . = ALIGN (0x4)

.ARM            0x0000000008010d08        0x8
                0x0000000008010d08                . = ALIGN (0x4)
                0x0000000008010d08                __exidx_start = .
 *(.ARM.exidx*)
 .ARM.exidx     0x0000000008010d08        0x8 C:/ST/STM32CubeIDE_1.13.2/STM32CubeIDE/plugins/com.st.stm32cube.ide.mcu.externaltools.gnu-tools-for-stm32.11.3.rel1.win32_1.1.1.202309131626/tools/bin/../lib/gcc/arm-none-eabi/11.3.1/thumb/v7e-m+fp/hard\libgcc.a(_udivmoddi4.o)
                0x0000000008010d10                __exidx_end = .
                0x0000000008010d10                . = ALIGN (0x4)

.preinit_array  0x0000000008010d10        0x0
                0x0000000008010d10                . = ALIGN (0x4)
                0x0000000008010d10                PROVIDE (__preinit_array_start = .)
 *(.preinit_array*)
                0x0000000008010d10                PROVIDE (__preinit_array_end = .)
                0x0000000008010d10                . = ALIGN (0x4)

.init_array     0x0000000008010d10        0x4
                0x0000000008010d10                . = ALIGN (0x4)
                0x0000000008010d10                PROVIDE (__init_array_start = .)
 *(SORT_BY_NAME(.init_array.*))
 *(.init_array*)
 .init_array    0x0000000008010d10        0x4 C:/ST/STM32CubeIDE_1.13.2/STM32CubeIDE/plugins/com.st.stm32cube.ide.mcu.externaltools.gnu-tools-for-stm32.11.3.rel1.win32_1.1.1.202309131626/tools/bin/../lib/gcc/arm-none-eabi/11.3.1/thumb/v7e-m+fp/hard/crtbegin.o
                0x0000000008010d14                PROVIDE (__init_array_end = .)
                0x0000000008010d14                . = ALIGN (0x4)

.fini_array     0x0000000008010d14        0x4
                0x0000000008010d14                . = ALIGN (0x4)
                [!provide]                        PROVIDE (__fini_array_start = .)
 *(SORT_BY_NAME(.fini_array.*))
 *(.fini_array*)
 .fini_array    0x0000000008010d14        0x4 C:/ST/STM32CubeIDE_1.13.2/STM32CubeIDE/plugins/com.st.stm32cube.ide.mcu.externaltools.gnu-tools-for-stm32.11.3.rel1.win32_1.1.1.202309131626/tools/bin/../lib/gcc/arm-none-eabi/11.3.1/thumb/v7e-m+fp/hard/crtbegin.o
                [!provide]                        PROVIDE (__fini_array_end = .)
                0x0000000008010d18                . = ALIGN (0x4)
                0x0000000008010d18                _sidata = LOADADDR (.data)

.rel.dyn        0x0000000008010d18        0x0
 .rel.iplt      0x0000000008010d18        0x0 C:/ST/STM32CubeIDE_1.13.2/STM32CubeIDE/plugins/com.st.stm32cube.ide.mcu.externaltools.gnu-tools-for-stm32.11.3.rel1.win32_1.1.1.202309131626/tools/bin/../lib/gcc/arm-none-eabi/11.3.1/thumb/v7e-m+fp/hard/crtbegin.o

.data           0x0000000020000000       0x7c load address 0x0000000008010d18
                0x0000000020000000                . = ALIGN (0x4)
                0x0000000020000000                _sdata = .
 *(.data)
 *(.data*)
 .data.SystemCoreClock
                0x0000000020000000        0x4 ./Core/Src/system_stm32f4xx.o
                0x0000000020000000                SystemCoreClock
 .data.uwTickPrio
                0x0000000020000004        0x4 ./Drivers/STM32F4xx_HAL_Driver/Src/stm32f4xx_hal.o
                0x0000000020000004                uwTickPrio
 .data.uwTickFreq
                0x0000000020000008        0x1 ./Drivers/STM32F4xx_HAL_Driver/Src/stm32f4xx_hal.o
                0x0000000020000008                uwTickFreq
 *fill*         0x0000000020000009        0x3 
 .data.USBH_msc
                0x000000002000000c       0x20 ./Middlewares/ST/STM32_USB_Host_Library/Class/MSC/Src/usbh_msc.o
                0x000000002000000c                USBH_msc
 .data._impure_data
                0x000000002000002c       0x4c C:/ST/STM32CubeIDE_1.13.2/STM32CubeIDE/plugins/com.st.stm32cube.ide.mcu.externaltools.gnu-tools-for-stm32.11.3.rel1.win32_1.1.1.202309131626/tools/bin/../lib/gcc/arm-none-eabi/11.3.1/../../../../arm-none-eabi/lib/thumb/v7e-m+fp/hard\libc_nano.a(libc_a-impure.o)
                0x000000002000002c                _impure_data
 .data._impure_ptr
                0x0000000020000078        0x4 C:/ST/STM32CubeIDE_1.13.2/STM32CubeIDE/plugins/com.st.stm32cube.ide.mcu.externaltools.gnu-tools-for-stm32.11.3.rel1.win32_1.1.1.202309131626/tools/bin/../lib/gcc/arm-none-eabi/11.3.1/../../../../arm-none-eabi/lib/thumb/v7e-m+fp/hard\libc_nano.a(libc_a-impure.o)
                0x0000000020000078                _impure_ptr
 *(.RamFunc)
 *(.RamFunc*)
                0x000000002000007c                . = ALIGN (0x4)
                0x000000002000007c                _edata = .
                0x0000000008010d94                _siccmram = LOADADDR (.ccmram)

.igot.plt       0x000000002000007c        0x0 load address 0x0000000008010d94
 .igot.plt      0x000000002000007c        0x0 C:/ST/STM32CubeIDE_1.13.2/STM32CubeIDE/plugins/com.st.stm32cube.ide.mcu.externaltools.gnu-tools-for-stm32.11.3.rel1.win32_1.1.1.202309131626/tools/bin/../lib/gcc/arm-none-eabi/11.3.1/thumb/v7e-m+fp/hard/crtbegin.o

.ccmram         0x0000000010000000        0x0 load address 0x0000000008010d94
                0x0000000010000000                . = ALIGN (0x4)
                0x0000000010000000                _sccmram = .
 *(.ccmram)
 *(.ccmram*)
                0x0000000010000000                . = ALIGN (0x4)
                0x0000000010000000                _eccmram = .
                0x0000000010000000                . = ALIGN (0x4)

.bss            0x0000000020000080     0x2fe0
                0x0000000020000080                _sbss = .
                0x0000000020000080                __bss_start__ = _sbss
 *(.bss)
 .bss           0x0000000020000080       0x1c C:/ST/STM32CubeIDE_1.13.2/STM32CubeIDE/plugins/com.st.stm32cube.ide.mcu.externaltools.gnu-tools-for-stm32.11.3.rel1.win32_1.1.1.202309131626/tools/bin/../lib/gcc/arm-none-eabi/11.3.1/thumb/v7e-m+fp/hard/crtbegin.o
 *(.bss*)
 *fill*         0x000000002000009c        0x4 
 .bss.USBHfno   0x00000000200000a0      0x120 ./Core/Src/File_Handling.o
                0x00000000200000a0                USBHfno
 .bss.fresult   0x00000000200001c0        0x1 ./Core/Src/File_Handling.o
                0x00000000200001c0                fresult
 *fill*         0x00000000200001c1        0x3 
 .bss.bw        0x00000000200001c4        0x4 ./Core/Src/File_Handling.o
                0x00000000200001c4                bw
 .bss.pUSBHFatFS
                0x00000000200001c8        0x4 ./Core/Src/File_Handling.o
                0x00000000200001c8                pUSBHFatFS
 .bss.fre_clust
                0x00000000200001cc        0x4 ./Core/Src/File_Handling.o
                0x00000000200001cc                fre_clust
 .bss.total     0x00000000200001d0        0x4 ./Core/Src/File_Handling.o
                0x00000000200001d0                total
 .bss.free_space
                0x00000000200001d4        0x4 ./Core/Src/File_Handling.o
                0x00000000200001d4                free_space
 .bss.huart2    0x00000000200001d8       0x48 ./Core/Src/main.o
                0x00000000200001d8                huart2
 .bss.__sbrk_heap_end
                0x0000000020000220        0x4 ./Core/Src/sysmem.o
 .bss.uwTick    0x0000000020000224        0x4 ./Drivers/STM32F4xx_HAL_Driver/Src/stm32f4xx_hal.o
                0x0000000020000224                uwTick
 .bss.retUSBH   0x0000000020000228        0x1 ./FATFS/App/fatfs.o
                0x0000000020000228                retUSBH
 *fill*         0x0000000020000229        0x3 
 .bss.USBHPath  0x000000002000022c        0x4 ./FATFS/App/fatfs.o
                0x000000002000022c                USBHPath
 .bss.USBHFatFS
                0x0000000020000230     0x103c ./FATFS/App/fatfs.o
                0x0000000020000230                USBHFatFS
 *fill*         0x000000002000126c        0x4 
 .bss.USBHFile  0x0000000020001270     0x1058 ./FATFS/App/fatfs.o
                0x0000000020001270                USBHFile
 .bss.FatFs     0x00000000200022c8        0x4 ./Middlewares/Third_Party/FatFs/src/ff.o
 .bss.Fsid      0x00000000200022cc        0x2 ./Middlewares/Third_Party/FatFs/src/ff.o
 *fill*         0x00000000200022ce        0x2 
 .bss.Files     0x00000000200022d0       0x20 ./Middlewares/Third_Party/FatFs/src/ff.o
 .bss.DirBuf    0x00000000200022f0      0x260 ./Middlewares/Third_Party/FatFs/src/ff.o
 .bss.LfnBuf    0x0000000020002550      0x200 ./Middlewares/Third_Party/FatFs/src/ff.o
 .bss.disk      0x0000000020002750        0xc ./Middlewares/Third_Party/FatFs/src/ff_gen_drv.o
                0x0000000020002750                disk
 .bss.hUsbHostFS
                0x000000002000275c      0x3d8 ./USB_HOST/App/usb_host.o
                0x000000002000275c                hUsbHostFS
 .bss.Appli_state
                0x0000000020002b34        0x1 ./USB_HOST/App/usb_host.o
                0x0000000020002b34                Appli_state
 *fill*         0x0000000020002b35        0x3 
 .bss.hhcd_USB_OTG_FS
                0x0000000020002b38      0x3e0 ./USB_HOST/Target/usbh_conf.o
                0x0000000020002b38                hhcd_USB_OTG_FS
 .bss.__malloc_free_list
                0x0000000020002f18        0x4 C:/ST/STM32CubeIDE_1.13.2/STM32CubeIDE/plugins/com.st.stm32cube.ide.mcu.externaltools.gnu-tools-for-stm32.11.3.rel1.win32_1.1.1.202309131626/tools/bin/../lib/gcc/arm-none-eabi/11.3.1/../../../../arm-none-eabi/lib/thumb/v7e-m+fp/hard\libc_nano.a(libc_a-mallocr.o)
                0x0000000020002f18                __malloc_free_list
 .bss.__malloc_sbrk_start
                0x0000000020002f1c        0x4 C:/ST/STM32CubeIDE_1.13.2/STM32CubeIDE/plugins/com.st.stm32cube.ide.mcu.externaltools.gnu-tools-for-stm32.11.3.rel1.win32_1.1.1.202309131626/tools/bin/../lib/gcc/arm-none-eabi/11.3.1/../../../../arm-none-eabi/lib/thumb/v7e-m+fp/hard\libc_nano.a(libc_a-mallocr.o)
                0x0000000020002f1c                __malloc_sbrk_start
 .bss.__sf      0x0000000020002f20      0x138 C:/ST/STM32CubeIDE_1.13.2/STM32CubeIDE/plugins/com.st.stm32cube.ide.mcu.externaltools.gnu-tools-for-stm32.11.3.rel1.win32_1.1.1.202309131626/tools/bin/../lib/gcc/arm-none-eabi/11.3.1/../../../../arm-none-eabi/lib/thumb/v7e-m+fp/hard\libc_nano.a(libc_a-findfp.o)
                0x0000000020002f20                __sf
 .bss.errno     0x0000000020003058        0x4 C:/ST/STM32CubeIDE_1.13.2/STM32CubeIDE/plugins/com.st.stm32cube.ide.mcu.externaltools.gnu-tools-for-stm32.11.3.rel1.win32_1.1.1.202309131626/tools/bin/../lib/gcc/arm-none-eabi/11.3.1/../../../../arm-none-eabi/lib/thumb/v7e-m+fp/hard\libc_nano.a(libc_a-reent.o)
                0x0000000020003058                errno
 .bss.__lock___malloc_recursive_mutex
                0x000000002000305c        0x1 C:/ST/STM32CubeIDE_1.13.2/STM32CubeIDE/plugins/com.st.stm32cube.ide.mcu.externaltools.gnu-tools-for-stm32.11.3.rel1.win32_1.1.1.202309131626/tools/bin/../lib/gcc/arm-none-eabi/11.3.1/../../../../arm-none-eabi/lib/thumb/v7e-m+fp/hard\libc_nano.a(libc_a-lock.o)
                0x000000002000305c                __lock___malloc_recursive_mutex
 *(COMMON)
                0x0000000020003060                . = ALIGN (0x4)
 *fill*         0x000000002000305d        0x3 
                0x0000000020003060                _ebss = .
                0x0000000020003060                __bss_end__ = _ebss

._user_heap_stack
                0x0000000020003060      0x600
                0x0000000020003060                . = ALIGN (0x8)
                [!provide]                        PROVIDE (end = .)
                0x0000000020003060                PROVIDE (_end = .)
                0x0000000020003260                . = (. + _Min_Heap_Size)
 *fill*         0x0000000020003060      0x200 
                0x0000000020003660                . = (. + _Min_Stack_Size)
 *fill*         0x0000000020003260      0x400 
                0x0000000020003660                . = ALIGN (0x8)

/DISCARD/
 libc.a(*)
 libm.a(*)
 libgcc.a(*)

.ARM.attributes
                0x0000000000000000       0x30
 *(.ARM.attributes)
 .ARM.attributes
                0x0000000000000000       0x1e C:/ST/STM32CubeIDE_1.13.2/STM32CubeIDE/plugins/com.st.stm32cube.ide.mcu.externaltools.gnu-tools-for-stm32.11.3.rel1.win32_1.1.1.202309131626/tools/bin/../lib/gcc/arm-none-eabi/11.3.1/thumb/v7e-m+fp/hard/crti.o
 .ARM.attributes
                0x000000000000001e       0x34 C:/ST/STM32CubeIDE_1.13.2/STM32CubeIDE/plugins/com.st.stm32cube.ide.mcu.externaltools.gnu-tools-for-stm32.11.3.rel1.win32_1.1.1.202309131626/tools/bin/../lib/gcc/arm-none-eabi/11.3.1/thumb/v7e-m+fp/hard/crtbegin.o
 .ARM.attributes
                0x0000000000000052       0x34 ./Core/Src/File_Handling.o
 .ARM.attributes
                0x0000000000000086       0x34 ./Core/Src/main.o
 .ARM.attributes
                0x00000000000000ba       0x34 ./Core/Src/stm32f4xx_hal_msp.o
 .ARM.attributes
                0x00000000000000ee       0x34 ./Core/Src/stm32f4xx_it.o
 .ARM.attributes
                0x0000000000000122       0x34 ./Core/Src/sysmem.o
 .ARM.attributes
                0x0000000000000156       0x34 ./Core/Src/system_stm32f4xx.o
 .ARM.attributes
                0x000000000000018a       0x21 ./Core/Startup/startup_stm32f407vetx.o
 .ARM.attributes
                0x00000000000001ab       0x34 ./Drivers/STM32F4xx_HAL_Driver/Src/stm32f4xx_hal.o
 .ARM.attributes
                0x00000000000001df       0x34 ./Drivers/STM32F4xx_HAL_Driver/Src/stm32f4xx_hal_cortex.o
 .ARM.attributes
                0x0000000000000213       0x34 ./Drivers/STM32F4xx_HAL_Driver/Src/stm32f4xx_hal_dma.o
 .ARM.attributes
                0x0000000000000247       0x34 ./Drivers/STM32F4xx_HAL_Driver/Src/stm32f4xx_hal_gpio.o
 .ARM.attributes
                0x000000000000027b       0x34 ./Drivers/STM32F4xx_HAL_Driver/Src/stm32f4xx_hal_hcd.o
 .ARM.attributes
                0x00000000000002af       0x34 ./Drivers/STM32F4xx_HAL_Driver/Src/stm32f4xx_hal_rcc.o
 .ARM.attributes
                0x00000000000002e3       0x34 ./Drivers/STM32F4xx_HAL_Driver/Src/stm32f4xx_hal_uart.o
 .ARM.attributes
                0x0000000000000317       0x34 ./Drivers/STM32F4xx_HAL_Driver/Src/stm32f4xx_ll_usb.o
 .ARM.attributes
                0x000000000000034b       0x34 ./FATFS/App/fatfs.o
 .ARM.attributes
                0x000000000000037f       0x34 ./FATFS/Target/usbh_diskio.o
 .ARM.attributes
                0x00000000000003b3       0x34 ./Middlewares/ST/STM32_USB_Host_Library/Class/MSC/Src/usbh_msc.o
 .ARM.attributes
                0x00000000000003e7       0x34 ./Middlewares/ST/STM32_USB_Host_Library/Class/MSC/Src/usbh_msc_bot.o
 .ARM.attributes
                0x000000000000041b       0x34 ./Middlewares/ST/STM32_USB_Host_Library/Class/MSC/Src/usbh_msc_scsi.o
 .ARM.attributes
                0x000000000000044f       0x34 ./Middlewares/ST/STM32_USB_Host_Library/Core/Src/usbh_core.o
 .ARM.attributes
                0x0000000000000483       0x34 ./Middlewares/ST/STM32_USB_Host_Library/Core/Src/usbh_ctlreq.o
 .ARM.attributes
                0x00000000000004b7       0x34 ./Middlewares/ST/STM32_USB_Host_Library/Core/Src/usbh_ioreq.o
 .ARM.attributes
                0x00000000000004eb       0x34 ./Middlewares/ST/STM32_USB_Host_Library/Core/Src/usbh_pipes.o
 .ARM.attributes
                0x000000000000051f       0x34 ./Middlewares/Third_Party/FatFs/src/diskio.o
 .ARM.attributes
                0x0000000000000553       0x34 ./Middlewares/Third_Party/FatFs/src/ff.o
 .ARM.attributes
                0x0000000000000587       0x34 ./Middlewares/Third_Party/FatFs/src/ff_gen_drv.o
 .ARM.attributes
                0x00000000000005bb       0x34 ./Middlewares/Third_Party/FatFs/src/option/ccsbcs.o
 .ARM.attributes
                0x00000000000005ef       0x34 ./USB_HOST/App/usb_host.o
 .ARM.attributes
                0x0000000000000623       0x34 ./USB_HOST/Target/usbh_conf.o
 .ARM.attributes
                0x0000000000000657       0x34 C:/ST/STM32CubeIDE_1.13.2/STM32CubeIDE/plugins/com.st.stm32cube.ide.mcu.externaltools.gnu-tools-for-stm32.11.3.rel1.win32_1.1.1.202309131626/tools/bin/../lib/gcc/arm-none-eabi/11.3.1/../../../../arm-none-eabi/lib/thumb/v7e-m+fp/hard\libc_nano.a(libc_a-malloc.o)
 .ARM.attributes
                0x000000000000068b       0x34 C:/ST/STM32CubeIDE_1.13.2/STM32CubeIDE/plugins/com.st.stm32cube.ide.mcu.externaltools.gnu-tools-for-stm32.11.3.rel1.win32_1.1.1.202309131626/tools/bin/../lib/gcc/arm-none-eabi/11.3.1/../../../../arm-none-eabi/lib/thumb/v7e-m+fp/hard\libc_nano.a(libc_a-mallocr.o)
 .ARM.attributes
                0x00000000000006bf       0x34 C:/ST/STM32CubeIDE_1.13.2/STM32CubeIDE/plugins/com.st.stm32cube.ide.mcu.externaltools.gnu-tools-for-stm32.11.3.rel1.win32_1.1.1.202309131626/tools/bin/../lib/gcc/arm-none-eabi/11.3.1/../../../../arm-none-eabi/lib/thumb/v7e-m+fp/hard\libc_nano.a(libc_a-mlock.o)
 .ARM.attributes
                0x00000000000006f3       0x34 C:/ST/STM32CubeIDE_1.13.2/STM32CubeIDE/plugins/com.st.stm32cube.ide.mcu.externaltools.gnu-tools-for-stm32.11.3.rel1.win32_1.1.1.202309131626/tools/bin/../lib/gcc/arm-none-eabi/11.3.1/../../../../arm-none-eabi/lib/thumb/v7e-m+fp/hard\libc_nano.a(libc_a-findfp.o)
 .ARM.attributes
                0x0000000000000727       0x34 C:/ST/STM32CubeIDE_1.13.2/STM32CubeIDE/plugins/com.st.stm32cube.ide.mcu.externaltools.gnu-tools-for-stm32.11.3.rel1.win32_1.1.1.202309131626/tools/bin/../lib/gcc/arm-none-eabi/11.3.1/../../../../arm-none-eabi/lib/thumb/v7e-m+fp/hard\libc_nano.a(libc_a-sprintf.o)
 .ARM.attributes
                0x000000000000075b       0x34 C:/ST/STM32CubeIDE_1.13.2/STM32CubeIDE/plugins/com.st.stm32cube.ide.mcu.externaltools.gnu-tools-for-stm32.11.3.rel1.win32_1.1.1.202309131626/tools/bin/../lib/gcc/arm-none-eabi/11.3.1/../../../../arm-none-eabi/lib/thumb/v7e-m+fp/hard\libc_nano.a(libc_a-memset.o)
 .ARM.attributes
                0x000000000000078f       0x34 C:/ST/STM32CubeIDE_1.13.2/STM32CubeIDE/plugins/com.st.stm32cube.ide.mcu.externaltools.gnu-tools-for-stm32.11.3.rel1.win32_1.1.1.202309131626/tools/bin/../lib/gcc/arm-none-eabi/11.3.1/../../../../arm-none-eabi/lib/thumb/v7e-m+fp/hard\libc_nano.a(libc_a-reent.o)
 .ARM.attributes
                0x00000000000007c3       0x34 C:/ST/STM32CubeIDE_1.13.2/STM32CubeIDE/plugins/com.st.stm32cube.ide.mcu.externaltools.gnu-tools-for-stm32.11.3.rel1.win32_1.1.1.202309131626/tools/bin/../lib/gcc/arm-none-eabi/11.3.1/../../../../arm-none-eabi/lib/thumb/v7e-m+fp/hard\libc_nano.a(libc_a-impure.o)
 .ARM.attributes
                0x00000000000007f7       0x34 C:/ST/STM32CubeIDE_1.13.2/STM32CubeIDE/plugins/com.st.stm32cube.ide.mcu.externaltools.gnu-tools-for-stm32.11.3.rel1.win32_1.1.1.202309131626/tools/bin/../lib/gcc/arm-none-eabi/11.3.1/../../../../arm-none-eabi/lib/thumb/v7e-m+fp/hard\libc_nano.a(libc_a-sbrkr.o)
 .ARM.attributes
                0x000000000000082b       0x34 C:/ST/STM32CubeIDE_1.13.2/STM32CubeIDE/plugins/com.st.stm32cube.ide.mcu.externaltools.gnu-tools-for-stm32.11.3.rel1.win32_1.1.1.202309131626/tools/bin/../lib/gcc/arm-none-eabi/11.3.1/../../../../arm-none-eabi/lib/thumb/v7e-m+fp/hard\libc_nano.a(libc_a-errno.o)
 .ARM.attributes