../Core/Src/File_Handling.c:36:6:Send_Uart	16	static
../Core/Src/File_Handling.c:43:6:Mount_USB	8	static
../Core/Src/File_Handling.c:50:6:Unmount_USB	8	static
../Core/Src/File_Handling.c:58:9:Scan_USB	112	static
../Core/Src/File_Handling.c:101:9:Format_USB	96	static
../Core/Src/File_Handling.c:135:9:Write_File	40	static
../Core/Src/File_Handling.c:199:9:Read_File	48	static
../Core/Src/File_Handling.c:271:9:Create_File	40	static
../Core/Src/File_Handling.c:320:9:Update_File	48	static
../Core/Src/File_Handling.c:389:9:Remove_File	32	static
../Core/Src/File_Handling.c:424:9:Create_Dir	24	static
../Core/Src/File_Handling.c:444:6:Check_USB_Details	16	static
../Core/Src/File_Handling.c:464:6:Benchmark_Write_Test	56	static
../Core/Src/File_Handling.c:551:6:Benchmark_Read_Test	56	static
